[2026-07-28 11:52:00] [INFO] [GUI] Settings loaded from c:\Users\Fabrizio\OneDrive - Politecnico di Milano\Tesi\Neuromorphic\N2\N2 code\GUI\settings.json
[2026-07-28 11:52:13] [INFO] [Controller] Beginning System Setup Initialization
[2026-07-28 11:52:13] [INFO] [Controller] Connecting to VNA at GPIB0::20::INSTR...
[2026-07-28 11:52:13] [INFO] [FakeVNA] Connected (fake) at GPIB0::20::INSTR
[2026-07-28 11:52:13] [INFO] [Controller] Power Supply not connected: port not specified
[2026-07-28 11:52:13] [INFO] [Controller] Connecting to 3-Axial Field Sensor...
[2026-07-28 11:52:13] [INFO] [FakeSensor] Initialized mock sensor on configuration port MOCK_PORT
[2026-07-28 11:52:13] [INFO] [FakeSensor] Successfully connected to mock field sensor.
[2026-07-28 11:52:13] [INFO] [FakeSensor] Successfully connected to mock field sensor.
[2026-07-28 11:52:13] [INFO] [Controller] Opening DAQ Task profile: Dev1...
[2026-07-28 11:52:13] [INFO] [FakeDAQ] Initialised — device=Dev1, channels=[0, 1, 2, 3, 4, 5, 6, 7]
[2026-07-28 11:52:13] [INFO] [Controller] System Configuration Complete. Hardware Ready.
[2026-07-28 11:52:14] [INFO] [Controller] Setup Measurement Parameters
[2026-07-28 11:52:14] [INFO] [FakeVNA] Sweep configured: 1.000-5.000 GHz, 200 pts, params=['S21', 'S31']
[2026-07-28 11:52:14] [INFO] [Controller] Running measure sequence. Saving to: C:/Users/Fabrizio/OneDrive - Politecnico di Milano/Tesi/Neuromorphic/N2/N2 code/test_measurements\cu\iter0
[2026-07-28 11:52:14] [INFO] [Controller] No magnetic field explicitly passed; maintaining current state (or controlled externally).
[2026-07-28 11:52:14] [INFO] [Controller] Updating voltages
[2026-07-28 11:52:14] [INFO] [Controller] Measured 3-Axial Magnetic Vector [mT]: [-0.03885861  1.2596907  -0.4315141 ]
[2026-07-28 11:52:16] [INFO] [Saver] Measurement files successfully saved to: C:/Users/Fabrizio/OneDrive - Politecnico di Milano/Tesi/Neuromorphic/N2/N2 code/test_measurements\cu\iter0
[2026-07-28 11:52:16] [INFO] [Training] iter 0000 | score: 0.019006 | optimizer: {}
[2026-07-28 11:52:16] [INFO] [Controller] Running measure sequence. Saving to: C:/Users/Fabrizio/OneDrive - Politecnico di Milano/Tesi/Neuromorphic/N2/N2 code/test_measurements\cu\iter1\plus
[2026-07-28 11:52:16] [INFO] [Controller] No magnetic field explicitly passed; maintaining current state (or controlled externally).
[2026-07-28 11:52:16] [INFO] [Controller] Updating voltages
[2026-07-28 11:52:16] [INFO] [Controller] Measured 3-Axial Magnetic Vector [mT]: [-0.00354196  1.24847465 -0.44233684]
[2026-07-28 11:52:18] [INFO] [Saver] Measurement files successfully saved to: C:/Users/Fabrizio/OneDrive - Politecnico di Milano/Tesi/Neuromorphic/N2/N2 code/test_measurements\cu\iter1\plus
[2026-07-28 11:52:18] [INFO] [Controller] Running measure sequence. Saving to: C:/Users/Fabrizio/OneDrive - Politecnico di Milano/Tesi/Neuromorphic/N2/N2 code/test_measurements\cu\iter1\minus
[2026-07-28 11:52:18] [INFO] [Controller] No magnetic field explicitly passed; maintaining current state (or controlled externally).
[2026-07-28 11:52:18] [INFO] [Controller] Updating voltages
[2026-07-28 11:52:18] [INFO] [Controller] Measured 3-Axial Magnetic Vector [mT]: [ 0.03853642  1.21951648 -0.46161597]
[2026-07-28 11:52:20] [INFO] [Saver] Measurement files successfully saved to: C:/Users/Fabrizio/OneDrive - Politecnico di Milano/Tesi/Neuromorphic/N2/N2 code/test_measurements\cu\iter1\minus
[2026-07-28 11:52:20] [INFO] [SPSA] iter 1 | f+: 0.0256 f-: 0.0308 | ak: 0.0236 ck: 0.0500 | grad norm: 0.1461
[2026-07-28 11:52:20] [INFO] [Training] iter 0001 | score: 0.030781 | optimizer: {'ak': 0.023609, 'ck': 0.05, 'f_plus': 0.025617, 'f_minus': 0.030781, 'gradient_norm': 0.146074, 'best_score': 0.030781}
[2026-07-28 11:52:20] [INFO] [Controller] Running measure sequence. Saving to: C:/Users/Fabrizio/OneDrive - Politecnico di Milano/Tesi/Neuromorphic/N2/N2 code/test_measurements\cu\iter2\plus
[2026-07-28 11:52:20] [INFO] [Controller] No magnetic field explicitly passed; maintaining current state (or controlled externally).
[2026-07-28 11:52:20] [INFO] [Controller] Updating voltages
[2026-07-28 11:52:20] [INFO] [Controller] Measured 3-Axial Magnetic Vector [mT]: [-0.04127856  1.28596514 -0.43209316]
[2026-07-28 11:52:22] [INFO] [Saver] Measurement files successfully saved to: C:/Users/Fabrizio/OneDrive - Politecnico di Milano/Tesi/Neuromorphic/N2/N2 code/test_measurements\cu\iter2\plus
[2026-07-28 11:52:22] [INFO] [Controller] Running measure sequence. Saving to: C:/Users/Fabrizio/OneDrive - Politecnico di Milano/Tesi/Neuromorphic/N2/N2 code/test_measurements\cu\iter2\minus
[2026-07-28 11:52:22] [INFO] [Controller] No magnetic field explicitly passed; maintaining current state (or controlled externally).
[2026-07-28 11:52:22] [INFO] [Controller] Updating voltages
[2026-07-28 11:52:22] [INFO] [Controller] Measured 3-Axial Magnetic Vector [mT]: [ 0.00533959  1.22343215 -0.46099985]
[2026-07-28 11:52:24] [INFO] [Saver] Measurement files successfully saved to: C:/Users/Fabrizio/OneDrive - Politecnico di Milano/Tesi/Neuromorphic/N2/N2 code/test_measurements\cu\iter2\minus
[2026-07-28 11:52:24] [INFO] [SPSA] iter 2 | f+: 0.0252 f-: 0.0239 | ak: 0.0224 ck: 0.0466 | grad norm: 0.0409
[2026-07-28 11:52:24] [INFO] [Training] iter 0002 | score: 0.025249 | optimizer: {'ak': 0.022404, 'ck': 0.046619, 'f_plus': 0.025249, 'f_minus': 0.023901, 'gradient_norm': 0.040888, 'best_score': 0.030781}
[2026-07-28 11:52:24] [INFO] [Controller] Running measure sequence. Saving to: C:/Users/Fabrizio/OneDrive - Politecnico di Milano/Tesi/Neuromorphic/N2/N2 code/test_measurements\cu\iter3\plus
[2026-07-28 11:52:24] [INFO] [Controller] No magnetic field explicitly passed; maintaining current state (or controlled externally).
[2026-07-28 11:52:24] [INFO] [Controller] Updating voltages
[2026-07-28 11:52:24] [INFO] [Controller] Measured 3-Axial Magnetic Vector [mT]: [-0.01597668  1.22603651 -0.44747646]
[2026-07-28 11:52:26] [INFO] [Saver] Measurement files successfully saved to: C:/Users/Fabrizio/OneDrive - Politecnico di Milano/Tesi/Neuromorphic/N2/N2 code/test_measurements\cu\iter3\plus
[2026-07-28 11:52:26] [INFO] [Controller] Running measure sequence. Saving to: C:/Users/Fabrizio/OneDrive - Politecnico di Milano/Tesi/Neuromorphic/N2/N2 code/test_measurements\cu\iter3\minus
[2026-07-28 11:52:26] [INFO] [Controller] No magnetic field explicitly passed; maintaining current state (or controlled externally).
[2026-07-28 11:52:26] [INFO] [Controller] Updating voltages
[2026-07-28 11:52:26] [INFO] [Controller] Measured 3-Axial Magnetic Vector [mT]: [-0.03209568  1.24603887 -0.45364463]
[2026-07-28 11:52:28] [INFO] [Saver] Measurement files successfully saved to: C:/Users/Fabrizio/OneDrive - Politecnico di Milano/Tesi/Neuromorphic/N2/N2 code/test_measurements\cu\iter3\minus
[2026-07-28 11:52:28] [INFO] [SPSA] iter 3 | f+: 0.0274 f-: 0.0233 | ak: 0.0214 ck: 0.0447 | grad norm: 0.1292
[2026-07-28 11:52:28] [INFO] [Training] iter 0003 | score: 0.027366 | optimizer: {'ak': 0.02135, 'ck': 0.044749, 'f_plus': 0.027366, 'f_minus': 0.023278, 'gradient_norm': 0.129183, 'best_score': 0.030781}
[2026-07-28 11:52:28] [INFO] [Controller] Running measure sequence. Saving to: C:/Users/Fabrizio/OneDrive - Politecnico di Milano/Tesi/Neuromorphic/N2/N2 code/test_measurements\cu\iter4\plus
[2026-07-28 11:52:28] [INFO] [Controller] No magnetic field explicitly passed; maintaining current state (or controlled externally).
[2026-07-28 11:52:28] [INFO] [Controller] Updating voltages
[2026-07-28 11:52:28] [INFO] [Controller] Measured 3-Axial Magnetic Vector [mT]: [-0.04231687  1.22820235 -0.4554246 ]
[2026-07-28 11:52:30] [INFO] [Saver] Measurement files successfully saved to: C:/Users/Fabrizio/OneDrive - Politecnico di Milano/Tesi/Neuromorphic/N2/N2 code/test_measurements\cu\iter4\plus
[2026-07-28 11:52:30] [INFO] [Controller] Running measure sequence. Saving to: C:/Users/Fabrizio/OneDrive - Politecnico di Milano/Tesi/Neuromorphic/N2/N2 code/test_measurements\cu\iter4\minus
[2026-07-28 11:52:30] [INFO] [Controller] No magnetic field explicitly passed; maintaining current state (or controlled externally).
[2026-07-28 11:52:30] [INFO] [Controller] Updating voltages
[2026-07-28 11:52:30] [INFO] [Controller] Measured 3-Axial Magnetic Vector [mT]: [ 0.00360658  1.21803065 -0.46207956]
[2026-07-28 11:52:32] [INFO] [Saver] Measurement files successfully saved to: C:/Users/Fabrizio/OneDrive - Politecnico di Milano/Tesi/Neuromorphic/N2/N2 code/test_measurements\cu\iter4\minus
[2026-07-28 11:52:32] [INFO] [SPSA] iter 4 | f+: 0.0312 f-: 0.0229 | ak: 0.0204 ck: 0.0435 | grad norm: 0.2717
[2026-07-28 11:52:32] [INFO] [Training] iter 0004 | score: 0.031211 | optimizer: {'ak': 0.020419, 'ck': 0.043467, 'f_plus': 0.031211, 'f_minus': 0.02286, 'gradient_norm': 0.271695, 'best_score': 0.031211}
[2026-07-28 11:52:32] [INFO] [Controller] Running measure sequence. Saving to: C:/Users/Fabrizio/OneDrive - Politecnico di Milano/Tesi/Neuromorphic/N2/N2 code/test_measurements\cu\iter5\plus
[2026-07-28 11:52:32] [INFO] [Controller] No magnetic field explicitly passed; maintaining current state (or controlled externally).
[2026-07-28 11:52:32] [INFO] [Controller] Updating voltages
[2026-07-28 11:52:32] [INFO] [Controller] Measured 3-Axial Magnetic Vector [mT]: [ 0.03060546  1.21448341 -0.44659913]
[2026-07-28 11:52:34] [INFO] [Saver] Measurement files successfully saved to: C:/Users/Fabrizio/OneDrive - Politecnico di Milano/Tesi/Neuromorphic/N2/N2 code/test_measurements\cu\iter5\plus
[2026-07-28 11:52:34] [INFO] [Controller] Running measure sequence. Saving to: C:/Users/Fabrizio/OneDrive - Politecnico di Milano/Tesi/Neuromorphic/N2/N2 code/test_measurements\cu\iter5\minus
[2026-07-28 11:52:34] [INFO] [Controller] No magnetic field explicitly passed; maintaining current state (or controlled externally).
[2026-07-28 11:52:34] [INFO] [Controller] Updating voltages
[2026-07-28 11:52:34] [INFO] [Controller] Measured 3-Axial Magnetic Vector [mT]: [ 0.04231499  1.1918518  -0.45651981]
[2026-07-28 11:52:36] [INFO] [GUI] Stop requested, waiting for current iteration to complete...
[2026-07-28 11:52:36] [INFO] [Saver] Measurement files successfully saved to: C:/Users/Fabrizio/OneDrive - Politecnico di Milano/Tesi/Neuromorphic/N2/N2 code/test_measurements\cu\iter5\minus
[2026-07-28 11:52:36] [INFO] [SPSA] iter 5 | f+: 0.0207 f-: 0.0240 | ak: 0.0196 ck: 0.0425 | grad norm: 0.1114
[2026-07-28 11:52:36] [INFO] [Training] iter 0005 | score: 0.024036 | optimizer: {'ak': 0.019588, 'ck': 0.042499, 'f_plus': 0.020688, 'f_minus': 0.024036, 'gradient_norm': 0.111392, 'best_score': 0.031211}
[2026-07-28 11:52:36] [INFO] [Training] Training stopped early at iteration 6.
[2026-07-28 11:52:36] [INFO] [Training] Training finished — 6 iterations completed.
[2026-07-28 11:52:36] [INFO] [GUI] Training finished.
[2026-07-28 11:52:38] [INFO] [Controller] Executing Secure Instrument Disconnection Loop
[2026-07-28 11:52:38] [INFO] [FakeDAQ] Task closed (fake).
[2026-07-28 11:52:38] [INFO] [FakeSensor] Released connection handle safely.
[2026-07-28 11:52:38] [INFO] [FakeVNA] Connection closed (fake).
[2026-07-28 11:52:38] [INFO] [Controller] Shutdown routine safely completed.
[2026-07-28 11:53:59] [INFO] [Controller] Beginning System Setup Initialization
[2026-07-28 11:53:59] [INFO] [Controller] Connecting to VNA at GPIB0::20::INSTR...
[2026-07-28 11:53:59] [INFO] [FakeVNA] Connected (fake) at GPIB0::20::INSTR
[2026-07-28 11:53:59] [INFO] [Controller] Power Supply not connected: port not specified
[2026-07-28 11:53:59] [INFO] [Controller] Connecting to 3-Axial Field Sensor...
[2026-07-28 11:53:59] [INFO] [FakeSensor] Initialized mock sensor on configuration port MOCK_PORT
[2026-07-28 11:53:59] [INFO] [FakeSensor] Successfully connected to mock field sensor.
[2026-07-28 11:53:59] [INFO] [FakeSensor] Successfully connected to mock field sensor.
[2026-07-28 11:53:59] [INFO] [Controller] Opening DAQ Task profile: Dev1...
[2026-07-28 11:53:59] [INFO] [FakeDAQ] Initialised — device=Dev1, channels=[0, 1, 2, 3, 4, 5, 6, 7]
[2026-07-28 11:53:59] [INFO] [Controller] System Configuration Complete. Hardware Ready.
[2026-07-28 11:54:00] [INFO] [Controller] Setup Measurement Parameters
[2026-07-28 11:54:00] [INFO] [FakeVNA] Sweep configured: 1.000-5.000 GHz, 200 pts, params=['S21', 'S31']
[2026-07-28 11:54:00] [INFO] [Controller] Running measure sequence. Saving to: C:/Users/Fabrizio/OneDrive - Politecnico di Milano/Tesi/Neuromorphic/N2/N2 code/test_measurements\du\iter0
[2026-07-28 11:54:00] [INFO] [Controller] No magnetic field explicitly passed; maintaining current state (or controlled externally).
[2026-07-28 11:54:00] [INFO] [Controller] Updating voltages
[2026-07-28 11:54:00] [INFO] [Controller] Measured 3-Axial Magnetic Vector [mT]: [ 0.01384802  1.22622498 -0.4400811 ]
[2026-07-28 11:54:03] [INFO] [Saver] Measurement files successfully saved to: C:/Users/Fabrizio/OneDrive - Politecnico di Milano/Tesi/Neuromorphic/N2/N2 code/test_measurements\du\iter0
[2026-07-28 11:54:03] [INFO] [Training] iter 0000 | score: 0.019006 | optimizer: {}
[2026-07-28 11:54:03] [INFO] [Controller] Running measure sequence. Saving to: C:/Users/Fabrizio/OneDrive - Politecnico di Milano/Tesi/Neuromorphic/N2/N2 code/test_measurements\du\iter1
[2026-07-28 11:54:03] [INFO] [Controller] No magnetic field explicitly passed; maintaining current state (or controlled externally).
[2026-07-28 11:54:03] [INFO] [Controller] Updating voltages
[2026-07-28 11:54:03] [INFO] [Controller] Measured 3-Axial Magnetic Vector [mT]: [-0.01561883  1.1991847  -0.43783693]
[2026-07-28 11:54:05] [INFO] [Saver] Measurement files successfully saved to: C:/Users/Fabrizio/OneDrive - Politecnico di Milano/Tesi/Neuromorphic/N2/N2 code/test_measurements\du\iter1
[2026-07-28 11:54:05] [INFO] [DirectSearch] Improved — channel 1: 0.0 -> 10.0 | score: 0.025617
[2026-07-28 11:54:05] [INFO] [Training] iter 0001 | score: 0.025617 | optimizer: {'tested_config': [0.0, 10.0, 0.0, 0.0, 0.0, 0.0, 0.0, 0.0], 'current_channel': 1, 'round_progress': '1/8'}
[2026-07-28 11:54:05] [INFO] [Controller] Running measure sequence. Saving to: C:/Users/Fabrizio/OneDrive - Politecnico di Milano/Tesi/Neuromorphic/N2/N2 code/test_measurements\du\iter2
[2026-07-28 11:54:05] [INFO] [Controller] No magnetic field explicitly passed; maintaining current state (or controlled externally).
[2026-07-28 11:54:05] [INFO] [Controller] Updating voltages
[2026-07-28 11:54:05] [INFO] [Controller] Measured 3-Axial Magnetic Vector [mT]: [ 0.03524008  1.26578155 -0.45595297]
[2026-07-28 11:54:07] [INFO] [Saver] Measurement files successfully saved to: C:/Users/Fabrizio/OneDrive - Politecnico di Milano/Tesi/Neuromorphic/N2/N2 code/test_measurements\du\iter2
[2026-07-28 11:54:07] [INFO] [DirectSearch] Improved — channel 4: 0.0 -> 30.0 | score: 0.030781
[2026-07-28 11:54:07] [INFO] [Training] iter 0002 | score: 0.030781 | optimizer: {'tested_config': [0.0, 10.0, 0.0, 0.0, 30.0, 0.0, 0.0, 0.0], 'current_channel': 4, 'round_progress': '2/8'}
[2026-07-28 11:54:07] [INFO] [Controller] Running measure sequence. Saving to: C:/Users/Fabrizio/OneDrive - Politecnico di Milano/Tesi/Neuromorphic/N2/N2 code/test_measurements\du\iter3
[2026-07-28 11:54:07] [INFO] [Controller] No magnetic field explicitly passed; maintaining current state (or controlled externally).
[2026-07-28 11:54:07] [INFO] [Controller] Updating voltages
[2026-07-28 11:54:07] [INFO] [Controller] Measured 3-Axial Magnetic Vector [mT]: [ 0.02217972  1.23292853 -0.4369416 ]
[2026-07-28 11:54:09] [INFO] [Saver] Measurement files successfully saved to: C:/Users/Fabrizio/OneDrive - Politecnico di Milano/Tesi/Neuromorphic/N2/N2 code/test_measurements\du\iter3
[2026-07-28 11:54:09] [INFO] [DirectSearch] No improvement on channel 7 | score: 0.025249
[2026-07-28 11:54:09] [INFO] [Training] iter 0003 | score: 0.030781 | optimizer: {'tested_config': [0.0, 10.0, 0.0, 0.0, 30.0, 0.0, 0.0, 30.0], 'current_channel': 7, 'round_progress': '3/8'}
[2026-07-28 11:54:09] [INFO] [Controller] Running measure sequence. Saving to: C:/Users/Fabrizio/OneDrive - Politecnico di Milano/Tesi/Neuromorphic/N2/N2 code/test_measurements\du\iter4
[2026-07-28 11:54:09] [INFO] [Controller] No magnetic field explicitly passed; maintaining current state (or controlled externally).
[2026-07-28 11:54:09] [INFO] [Controller] Updating voltages
[2026-07-28 11:54:09] [INFO] [Controller] Measured 3-Axial Magnetic Vector [mT]: [-0.03351674  1.25508154 -0.44543109]
[2026-07-28 11:54:11] [INFO] [Saver] Measurement files successfully saved to: C:/Users/Fabrizio/OneDrive - Politecnico di Milano/Tesi/Neuromorphic/N2/N2 code/test_measurements\du\iter4
[2026-07-28 11:54:11] [INFO] [DirectSearch] No improvement on channel 0 | score: 0.023901
[2026-07-28 11:54:11] [INFO] [Training] iter 0004 | score: 0.030781 | optimizer: {'tested_config': [20.0, 10.0, 0.0, 0.0, 30.0, 0.0, 0.0, 0.0], 'current_channel': 0, 'round_progress': '4/8'}
[2026-07-28 11:54:11] [INFO] [Controller] Running measure sequence. Saving to: C:/Users/Fabrizio/OneDrive - Politecnico di Milano/Tesi/Neuromorphic/N2/N2 code/test_measurements\du\iter5
[2026-07-28 11:54:11] [INFO] [Controller] No magnetic field explicitly passed; maintaining current state (or controlled externally).
[2026-07-28 11:54:11] [INFO] [Controller] Updating voltages
[2026-07-28 11:54:11] [INFO] [Controller] Measured 3-Axial Magnetic Vector [mT]: [ 0.03572349  1.19658427 -0.44154772]
[2026-07-28 11:54:13] [INFO] [Saver] Measurement files successfully saved to: C:/Users/Fabrizio/OneDrive - Politecnico di Milano/Tesi/Neuromorphic/N2/N2 code/test_measurements\du\iter5
[2026-07-28 11:54:13] [INFO] [DirectSearch] No improvement on channel 6 | score: 0.027366
[2026-07-28 11:54:13] [INFO] [Training] iter 0005 | score: 0.030781 | optimizer: {'tested_config': [0.0, 10.0, 0.0, 0.0, 30.0, 0.0, 50.0, 0.0], 'current_channel': 6, 'round_progress': '5/8'}
[2026-07-28 11:54:13] [INFO] [Controller] Running measure sequence. Saving to: C:/Users/Fabrizio/OneDrive - Politecnico di Milano/Tesi/Neuromorphic/N2/N2 code/test_measurements\du\iter6
[2026-07-28 11:54:13] [INFO] [Controller] No magnetic field explicitly passed; maintaining current state (or controlled externally).
[2026-07-28 11:54:13] [INFO] [Controller] Updating voltages
[2026-07-28 11:54:13] [INFO] [Controller] Measured 3-Axial Magnetic Vector [mT]: [-0.03122371  1.19587468 -0.46144857]
[2026-07-28 11:54:15] [INFO] [Saver] Measurement files successfully saved to: C:/Users/Fabrizio/OneDrive - Politecnico di Milano/Tesi/Neuromorphic/N2/N2 code/test_measurements\du\iter6
[2026-07-28 11:54:15] [INFO] [DirectSearch] No improvement on channel 2 | score: 0.023278
[2026-07-28 11:54:15] [INFO] [Training] iter 0006 | score: 0.030781 | optimizer: {'tested_config': [0.0, 10.0, 40.0, 0.0, 30.0, 0.0, 0.0, 0.0], 'current_channel': 2, 'round_progress': '6/8'}
[2026-07-28 11:54:15] [INFO] [Controller] Running measure sequence. Saving to: C:/Users/Fabrizio/OneDrive - Politecnico di Milano/Tesi/Neuromorphic/N2/N2 code/test_measurements\du\iter7
[2026-07-28 11:54:15] [INFO] [Controller] No magnetic field explicitly passed; maintaining current state (or controlled externally).
[2026-07-28 11:54:15] [INFO] [Controller] Updating voltages
[2026-07-28 11:54:15] [INFO] [Controller] Measured 3-Axial Magnetic Vector [mT]: [-0.02566471  1.28137079 -0.45917465]
[2026-07-28 11:54:17] [INFO] [Saver] Measurement files successfully saved to: C:/Users/Fabrizio/OneDrive - Politecnico di Milano/Tesi/Neuromorphic/N2/N2 code/test_measurements\du\iter7
[2026-07-28 11:54:17] [INFO] [DirectSearch] Improved — channel 3: 0.0 -> 30.0 | score: 0.031211
[2026-07-28 11:54:17] [INFO] [Training] iter 0007 | score: 0.031211 | optimizer: {'tested_config': [0.0, 10.0, 0.0, 30.0, 30.0, 0.0, 0.0, 0.0], 'current_channel': 3, 'round_progress': '7/8'}
[2026-07-28 11:54:17] [INFO] [Controller] Running measure sequence. Saving to: C:/Users/Fabrizio/OneDrive - Politecnico di Milano/Tesi/Neuromorphic/N2/N2 code/test_measurements\du\iter8
[2026-07-28 11:54:17] [INFO] [Controller] No magnetic field explicitly passed; maintaining current state (or controlled externally).
[2026-07-28 11:54:17] [INFO] [Controller] Updating voltages
[2026-07-28 11:54:17] [INFO] [Controller] Measured 3-Axial Magnetic Vector [mT]: [ 0.04884639  1.21840583 -0.43108986]
[2026-07-28 11:54:19] [INFO] [Saver] Measurement files successfully saved to: C:/Users/Fabrizio/OneDrive - Politecnico di Milano/Tesi/Neuromorphic/N2/N2 code/test_measurements\du\iter8
[2026-07-28 11:54:19] [INFO] [DirectSearch] No improvement on channel 5 | score: 0.022860
[2026-07-28 11:54:19] [INFO] [DirectSearch] Round complete. Starting new round with shuffled order.
[2026-07-28 11:54:19] [INFO] [Training] iter 0008 | score: 0.031211 | optimizer: {'tested_config': [0.0, 10.0, 0.0, 30.0, 30.0, 50.0, 0.0, 0.0], 'current_channel': 5, 'round_progress': '0/8'}
[2026-07-28 11:54:19] [INFO] [Controller] Running measure sequence. Saving to: C:/Users/Fabrizio/OneDrive - Politecnico di Milano/Tesi/Neuromorphic/N2/N2 code/test_measurements\du\iter9
[2026-07-28 11:54:19] [INFO] [Controller] No magnetic field explicitly passed; maintaining current state (or controlled externally).
[2026-07-28 11:54:19] [INFO] [Controller] Updating voltages
[2026-07-28 11:54:19] [INFO] [Controller] Measured 3-Axial Magnetic Vector [mT]: [ 0.03278609  1.2327322  -0.43318657]
[2026-07-28 11:54:21] [INFO] [Saver] Measurement files successfully saved to: C:/Users/Fabrizio/OneDrive - Politecnico di Milano/Tesi/Neuromorphic/N2/N2 code/test_measurements\du\iter9
[2026-07-28 11:54:21] [INFO] [DirectSearch] No improvement on channel 4 | score: 0.020688
[2026-07-28 11:54:21] [INFO] [Training] iter 0009 | score: 0.031211 | optimizer: {'tested_config': [0.0, 10.0, 0.0, 30.0, 50.0, 0.0, 0.0, 0.0], 'current_channel': 4, 'round_progress': '1/8'}
[2026-07-28 11:54:21] [INFO] [Training] Training finished — 10 iterations completed.
[2026-07-28 11:54:21] [INFO] [GUI] Training finished.
[2026-07-28 11:54:42] [INFO] [Controller] Setup Measurement Parameters
[2026-07-28 11:54:42] [INFO] [FakeVNA] Sweep configured: 1.000-5.000 GHz, 200 pts, params=['S21']
[2026-07-28 11:54:42] [INFO] [Controller] Running measure sequence. Saving to: C:/Users/Fabrizio/OneDrive - Politecnico di Milano/Tesi/Neuromorphic/N2/N2 code/test_measurements\du\iter0
[2026-07-28 11:54:42] [INFO] [Controller] No magnetic field explicitly passed; maintaining current state (or controlled externally).
[2026-07-28 11:54:42] [INFO] [Controller] Updating voltages
[2026-07-28 11:54:42] [INFO] [Controller] Measured 3-Axial Magnetic Vector [mT]: [ 0.04788151  1.24483187 -0.44399571]
[2026-07-28 11:54:43] [INFO] [Saver] Measurement files successfully saved to: C:/Users/Fabrizio/OneDrive - Politecnico di Milano/Tesi/Neuromorphic/N2/N2 code/test_measurements\du\iter0
[2026-07-28 11:54:43] [INFO] [Training] iter 0000 | score: 0.024036 | optimizer: {}
[2026-07-28 11:54:43] [INFO] [Controller] Running measure sequence. Saving to: C:/Users/Fabrizio/OneDrive - Politecnico di Milano/Tesi/Neuromorphic/N2/N2 code/test_measurements\du\iter1\plus
[2026-07-28 11:54:43] [INFO] [Controller] No magnetic field explicitly passed; maintaining current state (or controlled externally).
[2026-07-28 11:54:43] [INFO] [Controller] Updating voltages
[2026-07-28 11:54:43] [INFO] [Controller] Measured 3-Axial Magnetic Vector [mT]: [ 0.00381767  1.22191044 -0.44190814]
[2026-07-28 11:54:44] [INFO] [Saver] Measurement files successfully saved to: C:/Users/Fabrizio/OneDrive - Politecnico di Milano/Tesi/Neuromorphic/N2/N2 code/test_measurements\du\iter1\plus
[2026-07-28 11:54:44] [INFO] [Controller] Running measure sequence. Saving to: C:/Users/Fabrizio/OneDrive - Politecnico di Milano/Tesi/Neuromorphic/N2/N2 code/test_measurements\du\iter1\minus
[2026-07-28 11:54:44] [INFO] [Controller] No magnetic field explicitly passed; maintaining current state (or controlled externally).
[2026-07-28 11:54:44] [INFO] [Controller] Updating voltages
[2026-07-28 11:54:44] [INFO] [Controller] Measured 3-Axial Magnetic Vector [mT]: [ 0.00311458  1.25356694 -0.46370601]
[2026-07-28 11:54:45] [INFO] [Saver] Measurement files successfully saved to: C:/Users/Fabrizio/OneDrive - Politecnico di Milano/Tesi/Neuromorphic/N2/N2 code/test_measurements\du\iter1\minus
[2026-07-28 11:54:45] [INFO] [SPSA] iter 1 | f+: 0.0312 f-: 0.0250 | ak: 0.0236 ck: 0.0500 | grad norm: 0.1759
[2026-07-28 11:54:45] [INFO] [Training] iter 0001 | score: 0.031203 | optimizer: {'ak': 0.023609, 'ck': 0.05, 'f_plus': 0.031203, 'f_minus': 0.024984, 'gradient_norm': 0.175901, 'best_score': 0.031203}
[2026-07-28 11:54:45] [INFO] [Controller] Running measure sequence. Saving to: C:/Users/Fabrizio/OneDrive - Politecnico di Milano/Tesi/Neuromorphic/N2/N2 code/test_measurements\du\iter2\plus
[2026-07-28 11:54:45] [INFO] [Controller] No magnetic field explicitly passed; maintaining current state (or controlled externally).
[2026-07-28 11:54:45] [INFO] [Controller] Updating voltages
[2026-07-28 11:54:45] [INFO] [Controller] Measured 3-Axial Magnetic Vector [mT]: [ 0.0148354   1.19009715 -0.45040375]
[2026-07-28 11:54:46] [INFO] [Saver] Measurement files successfully saved to: C:/Users/Fabrizio/OneDrive - Politecnico di Milano/Tesi/Neuromorphic/N2/N2 code/test_measurements\du\iter2\plus
[2026-07-28 11:54:46] [INFO] [Controller] Running measure sequence. Saving to: C:/Users/Fabrizio/OneDrive - Politecnico di Milano/Tesi/Neuromorphic/N2/N2 code/test_measurements\du\iter2\minus
[2026-07-28 11:54:46] [INFO] [Controller] No magnetic field explicitly passed; maintaining current state (or controlled externally).
[2026-07-28 11:54:46] [INFO] [Controller] Updating voltages
[2026-07-28 11:54:46] [INFO] [Controller] Measured 3-Axial Magnetic Vector [mT]: [ 0.00181407  1.23416259 -0.4356997 ]
[2026-07-28 11:54:47] [INFO] [Saver] Measurement files successfully saved to: C:/Users/Fabrizio/OneDrive - Politecnico di Milano/Tesi/Neuromorphic/N2/N2 code/test_measurements\du\iter2\minus
[2026-07-28 11:54:47] [INFO] [SPSA] iter 2 | f+: 0.0270 f-: 0.0264 | ak: 0.0224 ck: 0.0466 | grad norm: 0.0162
[2026-07-28 11:54:47] [INFO] [Training] iter 0002 | score: 0.026953 | optimizer: {'ak': 0.022404, 'ck': 0.046619, 'f_plus': 0.026953, 'f_minus': 0.026418, 'gradient_norm': 0.016216, 'best_score': 0.031203}
[2026-07-28 11:54:47] [INFO] [Controller] Running measure sequence. Saving to: C:/Users/Fabrizio/OneDrive - Politecnico di Milano/Tesi/Neuromorphic/N2/N2 code/test_measurements\du\iter3\plus
[2026-07-28 11:54:47] [INFO] [Controller] No magnetic field explicitly passed; maintaining current state (or controlled externally).
[2026-07-28 11:54:47] [INFO] [Controller] Updating voltages
[2026-07-28 11:54:47] [INFO] [Controller] Measured 3-Axial Magnetic Vector [mT]: [ 0.04238806  1.28505502 -0.43260554]
[2026-07-28 11:54:48] [INFO] [Saver] Measurement files successfully saved to: C:/Users/Fabrizio/OneDrive - Politecnico di Milano/Tesi/Neuromorphic/N2/N2 code/test_measurements\du\iter3\plus
[2026-07-28 11:54:48] [INFO] [Controller] Running measure sequence. Saving to: C:/Users/Fabrizio/OneDrive - Politecnico di Milano/Tesi/Neuromorphic/N2/N2 code/test_measurements\du\iter3\minus
[2026-07-28 11:54:48] [INFO] [Controller] No magnetic field explicitly passed; maintaining current state (or controlled externally).
[2026-07-28 11:54:48] [INFO] [Controller] Updating voltages
[2026-07-28 11:54:48] [INFO] [Controller] Measured 3-Axial Magnetic Vector [mT]: [-0.00194721  1.25690477 -0.43259518]
[2026-07-28 11:54:49] [INFO] [Saver] Measurement files successfully saved to: C:/Users/Fabrizio/OneDrive - Politecnico di Milano/Tesi/Neuromorphic/N2/N2 code/test_measurements\du\iter3\minus
[2026-07-28 11:54:49] [INFO] [SPSA] iter 3 | f+: 0.0279 f-: 0.0253 | ak: 0.0214 ck: 0.0447 | grad norm: 0.0811
[2026-07-28 11:54:49] [INFO] [Training] iter 0003 | score: 0.027869 | optimizer: {'ak': 0.02135, 'ck': 0.044749, 'f_plus': 0.027869, 'f_minus': 0.025302, 'gradient_norm': 0.081122, 'best_score': 0.031203}
[2026-07-28 11:54:49] [INFO] [Controller] Running measure sequence. Saving to: C:/Users/Fabrizio/OneDrive - Politecnico di Milano/Tesi/Neuromorphic/N2/N2 code/test_measurements\du\iter4\plus
[2026-07-28 11:54:49] [INFO] [Controller] No magnetic field explicitly passed; maintaining current state (or controlled externally).
[2026-07-28 11:54:49] [INFO] [Controller] Updating voltages
[2026-07-28 11:54:49] [INFO] [Controller] Measured 3-Axial Magnetic Vector [mT]: [-0.02222497  1.20262502 -0.43544   ]
[2026-07-28 11:54:50] [INFO] [Saver] Measurement files successfully saved to: C:/Users/Fabrizio/OneDrive - Politecnico di Milano/Tesi/Neuromorphic/N2/N2 code/test_measurements\du\iter4\plus
[2026-07-28 11:54:50] [INFO] [Controller] Running measure sequence. Saving to: C:/Users/Fabrizio/OneDrive - Politecnico di Milano/Tesi/Neuromorphic/N2/N2 code/test_measurements\du\iter4\minus
[2026-07-28 11:54:50] [INFO] [Controller] No magnetic field explicitly passed; maintaining current state (or controlled externally).
[2026-07-28 11:54:50] [INFO] [Controller] Updating voltages
[2026-07-28 11:54:50] [INFO] [Controller] Measured 3-Axial Magnetic Vector [mT]: [ 0.02713638  1.2134701  -0.45215853]
[2026-07-28 11:54:51] [INFO] [Saver] Measurement files successfully saved to: C:/Users/Fabrizio/OneDrive - Politecnico di Milano/Tesi/Neuromorphic/N2/N2 code/test_measurements\du\iter4\minus
[2026-07-28 11:54:51] [INFO] [SPSA] iter 4 | f+: 0.0266 f-: 0.0267 | ak: 0.0204 ck: 0.0435 | grad norm: 0.0029
[2026-07-28 11:54:51] [INFO] [Training] iter 0004 | score: 0.026711 | optimizer: {'ak': 0.020419, 'ck': 0.043467, 'f_plus': 0.026621, 'f_minus': 0.026711, 'gradient_norm': 0.002922, 'best_score': 0.031203}
[2026-07-28 11:54:51] [INFO] [Controller] Running measure sequence. Saving to: C:/Users/Fabrizio/OneDrive - Politecnico di Milano/Tesi/Neuromorphic/N2/N2 code/test_measurements\du\iter5\plus
[2026-07-28 11:54:51] [INFO] [Controller] No magnetic field explicitly passed; maintaining current state (or controlled externally).
[2026-07-28 11:54:51] [INFO] [Controller] Updating voltages
[2026-07-28 11:54:51] [INFO] [Controller] Measured 3-Axial Magnetic Vector [mT]: [ 0.02337389  1.25897112 -0.43696081]
[2026-07-28 11:54:52] [INFO] [Saver] Measurement files successfully saved to: C:/Users/Fabrizio/OneDrive - Politecnico di Milano/Tesi/Neuromorphic/N2/N2 code/test_measurements\du\iter5\plus
[2026-07-28 11:54:52] [INFO] [Controller] Running measure sequence. Saving to: C:/Users/Fabrizio/OneDrive - Politecnico di Milano/Tesi/Neuromorphic/N2/N2 code/test_measurements\du\iter5\minus
[2026-07-28 11:54:52] [INFO] [Controller] No magnetic field explicitly passed; maintaining current state (or controlled externally).
[2026-07-28 11:54:52] [INFO] [Controller] Updating voltages
[2026-07-28 11:54:52] [INFO] [Controller] Measured 3-Axial Magnetic Vector [mT]: [-0.04796255  1.21644002 -0.45175658]
[2026-07-28 11:54:53] [INFO] [Saver] Measurement files successfully saved to: C:/Users/Fabrizio/OneDrive - Politecnico di Milano/Tesi/Neuromorphic/N2/N2 code/test_measurements\du\iter5\minus
[2026-07-28 11:54:53] [INFO] [SPSA] iter 5 | f+: 0.0254 f-: 0.0272 | ak: 0.0196 ck: 0.0425 | grad norm: 0.0573
[2026-07-28 11:54:53] [INFO] [Training] iter 0005 | score: 0.027158 | optimizer: {'ak': 0.019588, 'ck': 0.042499, 'f_plus': 0.025435, 'f_minus': 0.027158, 'gradient_norm': 0.057337, 'best_score': 0.031203}
[2026-07-28 11:54:53] [INFO] [Controller] Running measure sequence. Saving to: C:/Users/Fabrizio/OneDrive - Politecnico di Milano/Tesi/Neuromorphic/N2/N2 code/test_measurements\du\iter6\plus
[2026-07-28 11:54:53] [INFO] [Controller] No magnetic field explicitly passed; maintaining current state (or controlled externally).
[2026-07-28 11:54:53] [INFO] [Controller] Updating voltages
[2026-07-28 11:54:53] [INFO] [Controller] Measured 3-Axial Magnetic Vector [mT]: [-0.00421007  1.27163462 -0.44267395]
[2026-07-28 11:54:54] [INFO] [Saver] Measurement files successfully saved to: C:/Users/Fabrizio/OneDrive - Politecnico di Milano/Tesi/Neuromorphic/N2/N2 code/test_measurements\du\iter6\plus
[2026-07-28 11:54:54] [INFO] [Controller] Running measure sequence. Saving to: C:/Users/Fabrizio/OneDrive - Politecnico di Milano/Tesi/Neuromorphic/N2/N2 code/test_measurements\du\iter6\minus
[2026-07-28 11:54:54] [INFO] [Controller] No magnetic field explicitly passed; maintaining current state (or controlled externally).
[2026-07-28 11:54:54] [INFO] [Controller] Updating voltages
[2026-07-28 11:54:54] [INFO] [Controller] Measured 3-Axial Magnetic Vector [mT]: [ 0.03442827  1.22278841 -0.4673838 ]
[2026-07-28 11:54:56] [INFO] [Saver] Measurement files successfully saved to: C:/Users/Fabrizio/OneDrive - Politecnico di Milano/Tesi/Neuromorphic/N2/N2 code/test_measurements\du\iter6\minus
[2026-07-28 11:54:56] [INFO] [SPSA] iter 6 | f+: 0.0305 f-: 0.0249 | ak: 0.0188 ck: 0.0417 | grad norm: 0.1915
[2026-07-28 11:54:56] [INFO] [Training] iter 0006 | score: 0.030530 | optimizer: {'ak': 0.018842, 'ck': 0.041723, 'f_plus': 0.03053, 'f_minus': 0.02488, 'gradient_norm': 0.191504, 'best_score': 0.031203}
[2026-07-28 11:54:56] [INFO] [Controller] Running measure sequence. Saving to: C:/Users/Fabrizio/OneDrive - Politecnico di Milano/Tesi/Neuromorphic/N2/N2 code/test_measurements\du\iter7\plus
[2026-07-28 11:54:56] [INFO] [Controller] No magnetic field explicitly passed; maintaining current state (or controlled externally).
[2026-07-28 11:54:56] [INFO] [Controller] Updating voltages
[2026-07-28 11:54:56] [INFO] [Controller] Measured 3-Axial Magnetic Vector [mT]: [ 0.01723593  1.19325688 -0.46970595]
[2026-07-28 11:54:57] [INFO] [Saver] Measurement files successfully saved to: C:/Users/Fabrizio/OneDrive - Politecnico di Milano/Tesi/Neuromorphic/N2/N2 code/test_measurements\du\iter7\plus
[2026-07-28 11:54:57] [INFO] [Controller] Running measure sequence. Saving to: C:/Users/Fabrizio/OneDrive - Politecnico di Milano/Tesi/Neuromorphic/N2/N2 code/test_measurements\du\iter7\minus
[2026-07-28 11:54:57] [INFO] [Controller] No magnetic field explicitly passed; maintaining current state (or controlled externally).
[2026-07-28 11:54:57] [INFO] [Controller] Updating voltages
[2026-07-28 11:54:57] [INFO] [Controller] Measured 3-Axial Magnetic Vector [mT]: [-0.0068422   1.21473002 -0.46266537]
[2026-07-28 11:54:58] [INFO] [Saver] Measurement files successfully saved to: C:/Users/Fabrizio/OneDrive - Politecnico di Milano/Tesi/Neuromorphic/N2/N2 code/test_measurements\du\iter7\minus
[2026-07-28 11:54:58] [INFO] [SPSA] iter 7 | f+: 0.0267 f-: 0.0273 | ak: 0.0182 ck: 0.0411 | grad norm: 0.0223
[2026-07-28 11:54:58] [INFO] [Training] iter 0007 | score: 0.027325 | optimizer: {'ak': 0.018166, 'ck': 0.041079, 'f_plus': 0.026678, 'f_minus': 0.027325, 'gradient_norm': 0.022277, 'best_score': 0.031203}
[2026-07-28 11:54:58] [INFO] [Controller] Running measure sequence. Saving to: C:/Users/Fabrizio/OneDrive - Politecnico di Milano/Tesi/Neuromorphic/N2/N2 code/test_measurements\du\iter8\plus
[2026-07-28 11:54:58] [INFO] [Controller] No magnetic field explicitly passed; maintaining current state (or controlled externally).
[2026-07-28 11:54:58] [INFO] [Controller] Updating voltages
[2026-07-28 11:54:58] [INFO] [Controller] Measured 3-Axial Magnetic Vector [mT]: [ 0.03196182  1.26846487 -0.44021833]
[2026-07-28 11:54:59] [INFO] [Saver] Measurement files successfully saved to: C:/Users/Fabrizio/OneDrive - Politecnico di Milano/Tesi/Neuromorphic/N2/N2 code/test_measurements\du\iter8\plus
[2026-07-28 11:54:59] [INFO] [Controller] Running measure sequence. Saving to: C:/Users/Fabrizio/OneDrive - Politecnico di Milano/Tesi/Neuromorphic/N2/N2 code/test_measurements\du\iter8\minus
[2026-07-28 11:54:59] [INFO] [Controller] No magnetic field explicitly passed; maintaining current state (or controlled externally).
[2026-07-28 11:54:59] [INFO] [Controller] Updating voltages
[2026-07-28 11:54:59] [INFO] [Controller] Measured 3-Axial Magnetic Vector [mT]: [ 0.02959088  1.2772313  -0.43427108]
[2026-07-28 11:55:00] [INFO] [Saver] Measurement files successfully saved to: C:/Users/Fabrizio/OneDrive - Politecnico di Milano/Tesi/Neuromorphic/N2/N2 code/test_measurements\du\iter8\minus
[2026-07-28 11:55:00] [INFO] [SPSA] iter 8 | f+: 0.0260 f-: 0.0269 | ak: 0.0176 ck: 0.0405 | grad norm: 0.0324
[2026-07-28 11:55:00] [INFO] [Training] iter 0008 | score: 0.026924 | optimizer: {'ak': 0.017552, 'ck': 0.040528, 'f_plus': 0.025997, 'f_minus': 0.026924, 'gradient_norm': 0.032377, 'best_score': 0.031203}
[2026-07-28 11:55:00] [INFO] [Controller] Running measure sequence. Saving to: C:/Users/Fabrizio/OneDrive - Politecnico di Milano/Tesi/Neuromorphic/N2/N2 code/test_measurements\du\iter9\plus
[2026-07-28 11:55:00] [INFO] [Controller] No magnetic field explicitly passed; maintaining current state (or controlled externally).
[2026-07-28 11:55:00] [INFO] [Controller] Updating voltages
[2026-07-28 11:55:00] [INFO] [Controller] Measured 3-Axial Magnetic Vector [mT]: [-0.0450828   1.22071725 -0.46255716]
[2026-07-28 11:55:01] [INFO] [Saver] Measurement files successfully saved to: C:/Users/Fabrizio/OneDrive - Politecnico di Milano/Tesi/Neuromorphic/N2/N2 code/test_measurements\du\iter9\plus
[2026-07-28 11:55:01] [INFO] [Controller] Running measure sequence. Saving to: C:/Users/Fabrizio/OneDrive - Politecnico di Milano/Tesi/Neuromorphic/N2/N2 code/test_measurements\du\iter9\minus
[2026-07-28 11:55:01] [INFO] [Controller] No magnetic field explicitly passed; maintaining current state (or controlled externally).
[2026-07-28 11:55:01] [INFO] [Controller] Updating voltages
[2026-07-28 11:55:01] [INFO] [Controller] Measured 3-Axial Magnetic Vector [mT]: [-0.0417801   1.22250428 -0.45678662]
[2026-07-28 11:55:02] [INFO] [Saver] Measurement files successfully saved to: C:/Users/Fabrizio/OneDrive - Politecnico di Milano/Tesi/Neuromorphic/N2/N2 code/test_measurements\du\iter9\minus
[2026-07-28 11:55:02] [INFO] [SPSA] iter 9 | f+: 0.0221 f-: 0.0266 | ak: 0.0170 ck: 0.0400 | grad norm: 0.1613
[2026-07-28 11:55:02] [INFO] [Training] iter 0009 | score: 0.026626 | optimizer: {'ak': 0.01699, 'ck': 0.040049, 'f_plus': 0.022059, 'f_minus': 0.026626, 'gradient_norm': 0.16126, 'best_score': 0.031203}
[2026-07-28 11:55:02] [INFO] [Training] Training finished — 10 iterations completed.
[2026-07-28 11:55:02] [INFO] [GUI] Training finished.
[2026-07-28 11:56:07] [INFO] [Controller] Executing Secure Instrument Disconnection Loop
[2026-07-28 11:56:07] [INFO] [FakeDAQ] Task closed (fake).
[2026-07-28 11:56:07] [INFO] [FakeSensor] Released connection handle safely.
[2026-07-28 11:56:07] [INFO] [FakeVNA] Connection closed (fake).
[2026-07-28 11:56:07] [INFO] [Controller] Shutdown routine safely completed.
[2026-07-28 11:56:07] [INFO] [GUI] Settings saved to c:\Users\Fabrizio\OneDrive - Politecnico di Milano\Tesi\Neuromorphic\N2\N2 code\GUI\settings.json
[2026-07-28 11:56:07] [WARNING] [GUI] Field sensor read failed: Attempted to read field vector from a disconnected sensor.
