[2026-07-28 11:35:23] [INFO] [GUI] Settings loaded from c:\Users\Fabrizio\OneDrive - Politecnico di Milano\Tesi\Neuromorphic\N2\N2 code\GUI\settings.json
[2026-07-28 11:35:34] [INFO] [Controller] Beginning System Setup Initialization
[2026-07-28 11:35:34] [INFO] [Controller] Connecting to VNA at GPIB0::20::INSTR...
[2026-07-28 11:35:34] [INFO] [FakeVNA] Connected (fake) at GPIB0::20::INSTR
[2026-07-28 11:35:34] [INFO] [Controller] Power Supply not connected: port not specified
[2026-07-28 11:35:34] [INFO] [Controller] Connecting to 3-Axial Field Sensor...
[2026-07-28 11:35:34] [INFO] [FakeSensor] Initialized mock sensor on configuration port MOCK_PORT
[2026-07-28 11:35:34] [INFO] [FakeSensor] Successfully connected to mock field sensor.
[2026-07-28 11:35:34] [INFO] [FakeSensor] Successfully connected to mock field sensor.
[2026-07-28 11:35:34] [INFO] [Controller] Opening DAQ Task profile: Dev1...
[2026-07-28 11:35:34] [INFO] [FakeDAQ] Initialised — device=Dev1, channels=[0, 1, 2, 3, 4, 5, 6, 7]
[2026-07-28 11:35:34] [INFO] [Controller] System Configuration Complete. Hardware Ready.
[2026-07-28 11:35:37] [INFO] [Controller] Setup Measurement Parameters
[2026-07-28 11:35:37] [INFO] [FakeVNA] Sweep configured: 1.000-5.000 GHz, 5 pts, params=['S21', 'S31']
[2026-07-28 11:35:37] [INFO] [Controller] Running measure sequence. Saving to: C:/Users/Fabrizio/OneDrive - Politecnico di Milano/Tesi/Neuromorphic/N2/N2 code/test_measurements\iter0
[2026-07-28 11:35:37] [INFO] [Controller] No magnetic field explicitly passed; maintaining current state (or controlled externally).
[2026-07-28 11:35:37] [INFO] [Controller] Updating voltages
[2026-07-28 11:35:37] [INFO] [Controller] Measured 3-Axial Magnetic Vector [mT]: [-0.04734889  1.25098928 -0.45105134]
[2026-07-28 11:35:39] [ERROR] [Training] Training loop raised an exception: Object of type ndarray is not JSON serializable
Traceback (most recent call last):
  File "C:\Users\Fabrizio\OneDrive - Politecnico di Milano\Tesi\Neuromorphic\N2\N2 code\training\training_session.py", line 109, in _run_loop
    new_values, score, optimizer_state = self.optimizer.step()
                                         ~~~~~~~~~~~~~~~~~~~^^
  File "C:\Users\Fabrizio\OneDrive - Politecnico di Milano\Tesi\Neuromorphic\N2\N2 code\training\algorithms\spsa.py", line 65, in step
    self.best_score = self.objective_fn(self.x)
                      ~~~~~~~~~~~~~~~~~^^^^^^^^
  File "C:\Users\Fabrizio\OneDrive - Politecnico di Milano\Tesi\Neuromorphic\N2\N2 code\training\training_session.py", line 60, in _objective
    self._last_data = self.controller.measure(voltages=x, magnetic_field=self.magnetic_field, output_folder=output_folder)
                      ~~~~~~~~~~~~~~~~~~~~~~~^^^^^^^^^^^^^^^^^^^^^^^^^^^^^^^^^^^^^^^^^^^^^^^^^^^^^^^^^^^^^^^^^^^^^^^^^^^^^
  File "C:\Users\Fabrizio\OneDrive - Politecnico di Milano\Tesi\Neuromorphic\N2\N2 code\core\controller_fake.py", line 140, in measure
    MeasurementStorage.save_to_folder(output_folder, data_point)
    ~~~~~~~~~~~~~~~~~~~~~~~~~~~~~~~~~^^^^^^^^^^^^^^^^^^^^^^^^^^^
  File "C:\Users\Fabrizio\OneDrive - Politecnico di Milano\Tesi\Neuromorphic\N2\N2 code\core\storage.py", line 50, in save_to_folder
    json.dump(param_payload, f, indent=4)
    ~~~~~~~~~^^^^^^^^^^^^^^^^^^^^^^^^^^^^
  File "C:\Users\Fabrizio\.conda\envs\base-utils\Lib\json\__init__.py", line 179, in dump
    for chunk in iterable:
                 ^^^^^^^^
  File "C:\Users\Fabrizio\.conda\envs\base-utils\Lib\json\encoder.py", line 433, in _iterencode
    yield from _iterencode_dict(o, _current_indent_level)
  File "C:\Users\Fabrizio\.conda\envs\base-utils\Lib\json\encoder.py", line 407, in _iterencode_dict
    yield from chunks
  File "C:\Users\Fabrizio\.conda\envs\base-utils\Lib\json\encoder.py", line 440, in _iterencode
    o = _default(o)
  File "C:\Users\Fabrizio\.conda\envs\base-utils\Lib\json\encoder.py", line 180, in default
    raise TypeError(f'Object of type {o.__class__.__name__} '
                    f'is not JSON serializable')
TypeError: Object of type ndarray is not JSON serializable
[2026-07-28 11:35:39] [INFO] [Training] Training finished — 0 iterations completed.
[2026-07-28 11:35:39] [INFO] [GUI] Training finished.
[2026-07-28 11:35:56] [INFO] [Controller] Setup Measurement Parameters
[2026-07-28 11:35:56] [INFO] [FakeVNA] Sweep configured: 1.000-5.000 GHz, 5 pts, params=['S21', 'S31']
[2026-07-28 11:35:56] [INFO] [Controller] Running measure sequence. Saving to: C:/Users/Fabrizio/OneDrive - Politecnico di Milano/Tesi/Neuromorphic/N2/N2 code/test_measurements\AA\iter0
[2026-07-28 11:35:56] [INFO] [Controller] No magnetic field explicitly passed; maintaining current state (or controlled externally).
[2026-07-28 11:35:56] [INFO] [Controller] Updating voltages
[2026-07-28 11:35:56] [INFO] [Controller] Measured 3-Axial Magnetic Vector [mT]: [ 0.03245737  1.20915254 -0.46421966]
[2026-07-28 11:35:58] [ERROR] [Training] Training loop raised an exception: Object of type ndarray is not JSON serializable
Traceback (most recent call last):
  File "C:\Users\Fabrizio\OneDrive - Politecnico di Milano\Tesi\Neuromorphic\N2\N2 code\training\training_session.py", line 109, in _run_loop
    new_values, score, optimizer_state = self.optimizer.step()
                                         ~~~~~~~~~~~~~~~~~~~^^
  File "C:\Users\Fabrizio\OneDrive - Politecnico di Milano\Tesi\Neuromorphic\N2\N2 code\training\algorithms\spsa.py", line 65, in step
    self.best_score = self.objective_fn(self.x)
                      ~~~~~~~~~~~~~~~~~^^^^^^^^
  File "C:\Users\Fabrizio\OneDrive - Politecnico di Milano\Tesi\Neuromorphic\N2\N2 code\training\training_session.py", line 60, in _objective
    self._last_data = self.controller.measure(voltages=x, magnetic_field=self.magnetic_field, output_folder=output_folder)
                      ~~~~~~~~~~~~~~~~~~~~~~~^^^^^^^^^^^^^^^^^^^^^^^^^^^^^^^^^^^^^^^^^^^^^^^^^^^^^^^^^^^^^^^^^^^^^^^^^^^^^
  File "C:\Users\Fabrizio\OneDrive - Politecnico di Milano\Tesi\Neuromorphic\N2\N2 code\core\controller_fake.py", line 140, in measure
    MeasurementStorage.save_to_folder(output_folder, data_point)
    ~~~~~~~~~~~~~~~~~~~~~~~~~~~~~~~~~^^^^^^^^^^^^^^^^^^^^^^^^^^^
  File "C:\Users\Fabrizio\OneDrive - Politecnico di Milano\Tesi\Neuromorphic\N2\N2 code\core\storage.py", line 50, in save_to_folder
    json.dump(param_payload, f, indent=4)
    ~~~~~~~~~^^^^^^^^^^^^^^^^^^^^^^^^^^^^
  File "C:\Users\Fabrizio\.conda\envs\base-utils\Lib\json\__init__.py", line 179, in dump
    for chunk in iterable:
                 ^^^^^^^^
  File "C:\Users\Fabrizio\.conda\envs\base-utils\Lib\json\encoder.py", line 433, in _iterencode
    yield from _iterencode_dict(o, _current_indent_level)
  File "C:\Users\Fabrizio\.conda\envs\base-utils\Lib\json\encoder.py", line 407, in _iterencode_dict
    yield from chunks
  File "C:\Users\Fabrizio\.conda\envs\base-utils\Lib\json\encoder.py", line 440, in _iterencode
    o = _default(o)
  File "C:\Users\Fabrizio\.conda\envs\base-utils\Lib\json\encoder.py", line 180, in default
    raise TypeError(f'Object of type {o.__class__.__name__} '
                    f'is not JSON serializable')
TypeError: Object of type ndarray is not JSON serializable
[2026-07-28 11:35:58] [INFO] [Training] Training finished — 0 iterations completed.
[2026-07-28 11:35:58] [INFO] [GUI] Training finished.
[2026-07-28 11:36:11] [INFO] [Controller] Setup Measurement Parameters
[2026-07-28 11:36:11] [INFO] [FakeVNA] Sweep configured: 1.000-5.000 GHz, 5 pts, params=['S21', 'S31']
[2026-07-28 11:36:11] [INFO] [Controller] Running measure sequence. Saving to: C:/Users/Fabrizio/OneDrive - Politecnico di Milano/Tesi/Neuromorphic/N2/N2 code/test_measurements\AA\iter0
[2026-07-28 11:36:11] [INFO] [Controller] No magnetic field explicitly passed; maintaining current state (or controlled externally).
[2026-07-28 11:36:11] [INFO] [Controller] Updating voltages
[2026-07-28 11:36:11] [INFO] [Controller] Measured 3-Axial Magnetic Vector [mT]: [ 0.0237943   1.25181458 -0.46827313]
[2026-07-28 11:36:13] [INFO] [Saver] Measurement files successfully saved to: C:/Users/Fabrizio/OneDrive - Politecnico di Milano/Tesi/Neuromorphic/N2/N2 code/test_measurements\AA\iter0
[2026-07-28 11:36:13] [INFO] [Training] iter 0000 | score: nan | optimizer: {}
[2026-07-28 11:36:13] [INFO] [Controller] Running measure sequence. Saving to: C:/Users/Fabrizio/OneDrive - Politecnico di Milano/Tesi/Neuromorphic/N2/N2 code/test_measurements\AA\iter1
[2026-07-28 11:36:13] [INFO] [Controller] No magnetic field explicitly passed; maintaining current state (or controlled externally).
[2026-07-28 11:36:13] [INFO] [Controller] Updating voltages
[2026-07-28 11:36:13] [INFO] [Controller] Measured 3-Axial Magnetic Vector [mT]: [-0.04183569  1.26381194 -0.43683878]
[2026-07-28 11:36:15] [INFO] [Saver] Measurement files successfully saved to: C:/Users/Fabrizio/OneDrive - Politecnico di Milano/Tesi/Neuromorphic/N2/N2 code/test_measurements\AA\iter1
[2026-07-28 11:36:15] [INFO] [DirectSearch] No improvement on channel 2 | score: nan
[2026-07-28 11:36:15] [INFO] [Training] iter 0001 | score: nan | optimizer: {'tested_config': [0.0, 0.0, 10.0, 0.0, 0.0, 0.0, 0.0, 0.0], 'current_channel': 2, 'round_progress': '1/8'}
[2026-07-28 11:36:15] [INFO] [Controller] Running measure sequence. Saving to: C:/Users/Fabrizio/OneDrive - Politecnico di Milano/Tesi/Neuromorphic/N2/N2 code/test_measurements\AA\iter2
[2026-07-28 11:36:15] [INFO] [Controller] No magnetic field explicitly passed; maintaining current state (or controlled externally).
[2026-07-28 11:36:15] [INFO] [Controller] Updating voltages
[2026-07-28 11:36:15] [INFO] [Controller] Measured 3-Axial Magnetic Vector [mT]: [-0.008571    1.20959529 -0.45186093]
[2026-07-28 11:36:17] [INFO] [Saver] Measurement files successfully saved to: C:/Users/Fabrizio/OneDrive - Politecnico di Milano/Tesi/Neuromorphic/N2/N2 code/test_measurements\AA\iter2
[2026-07-28 11:36:17] [INFO] [DirectSearch] No improvement on channel 0 | score: nan
[2026-07-28 11:36:17] [INFO] [Training] iter 0002 | score: nan | optimizer: {'tested_config': [40.0, 0.0, 0.0, 0.0, 0.0, 0.0, 0.0, 0.0], 'current_channel': 0, 'round_progress': '2/8'}
[2026-07-28 11:36:17] [INFO] [Controller] Running measure sequence. Saving to: C:/Users/Fabrizio/OneDrive - Politecnico di Milano/Tesi/Neuromorphic/N2/N2 code/test_measurements\AA\iter3
[2026-07-28 11:36:17] [INFO] [Controller] No magnetic field explicitly passed; maintaining current state (or controlled externally).
[2026-07-28 11:36:17] [INFO] [Controller] Updating voltages
[2026-07-28 11:36:17] [INFO] [Controller] Measured 3-Axial Magnetic Vector [mT]: [ 0.02711069  1.21101127 -0.46529914]
[2026-07-28 11:36:19] [INFO] [Saver] Measurement files successfully saved to: C:/Users/Fabrizio/OneDrive - Politecnico di Milano/Tesi/Neuromorphic/N2/N2 code/test_measurements\AA\iter3
[2026-07-28 11:36:19] [INFO] [DirectSearch] No improvement on channel 4 | score: nan
[2026-07-28 11:36:19] [INFO] [Training] iter 0003 | score: nan | optimizer: {'tested_config': [0.0, 0.0, 0.0, 0.0, 60.0, 0.0, 0.0, 0.0], 'current_channel': 4, 'round_progress': '3/8'}
[2026-07-28 11:36:19] [INFO] [Controller] Running measure sequence. Saving to: C:/Users/Fabrizio/OneDrive - Politecnico di Milano/Tesi/Neuromorphic/N2/N2 code/test_measurements\AA\iter4
[2026-07-28 11:36:19] [INFO] [Controller] No magnetic field explicitly passed; maintaining current state (or controlled externally).
[2026-07-28 11:36:19] [INFO] [Controller] Updating voltages
[2026-07-28 11:36:19] [INFO] [Controller] Measured 3-Axial Magnetic Vector [mT]: [-0.01343733  1.2645509  -0.44268262]
[2026-07-28 11:36:21] [INFO] [Saver] Measurement files successfully saved to: C:/Users/Fabrizio/OneDrive - Politecnico di Milano/Tesi/Neuromorphic/N2/N2 code/test_measurements\AA\iter4
[2026-07-28 11:36:21] [INFO] [DirectSearch] No improvement on channel 5 | score: nan
[2026-07-28 11:36:21] [INFO] [Training] iter 0004 | score: nan | optimizer: {'tested_config': [0.0, 0.0, 0.0, 0.0, 0.0, 40.0, 0.0, 0.0], 'current_channel': 5, 'round_progress': '4/8'}
[2026-07-28 11:36:21] [INFO] [Controller] Running measure sequence. Saving to: C:/Users/Fabrizio/OneDrive - Politecnico di Milano/Tesi/Neuromorphic/N2/N2 code/test_measurements\AA\iter5
[2026-07-28 11:36:21] [INFO] [Controller] No magnetic field explicitly passed; maintaining current state (or controlled externally).
[2026-07-28 11:36:21] [INFO] [Controller] Updating voltages
[2026-07-28 11:36:22] [INFO] [Controller] Measured 3-Axial Magnetic Vector [mT]: [ 0.04545716  1.20745649 -0.45286454]
[2026-07-28 11:36:24] [INFO] [Saver] Measurement files successfully saved to: C:/Users/Fabrizio/OneDrive - Politecnico di Milano/Tesi/Neuromorphic/N2/N2 code/test_measurements\AA\iter5
[2026-07-28 11:36:24] [INFO] [DirectSearch] No improvement on channel 3 | score: nan
[2026-07-28 11:36:24] [INFO] [Training] iter 0005 | score: nan | optimizer: {'tested_config': [0.0, 0.0, 0.0, 10.0, 0.0, 0.0, 0.0, 0.0], 'current_channel': 3, 'round_progress': '5/8'}
[2026-07-28 11:36:24] [INFO] [Controller] Running measure sequence. Saving to: C:/Users/Fabrizio/OneDrive - Politecnico di Milano/Tesi/Neuromorphic/N2/N2 code/test_measurements\AA\iter6
[2026-07-28 11:36:24] [INFO] [Controller] No magnetic field explicitly passed; maintaining current state (or controlled externally).
[2026-07-28 11:36:24] [INFO] [Controller] Updating voltages
[2026-07-28 11:36:24] [INFO] [Controller] Measured 3-Axial Magnetic Vector [mT]: [-0.01129835  1.26962292 -0.45723172]
[2026-07-28 11:36:26] [INFO] [Saver] Measurement files successfully saved to: C:/Users/Fabrizio/OneDrive - Politecnico di Milano/Tesi/Neuromorphic/N2/N2 code/test_measurements\AA\iter6
[2026-07-28 11:36:26] [INFO] [DirectSearch] No improvement on channel 7 | score: nan
[2026-07-28 11:36:26] [INFO] [Training] iter 0006 | score: nan | optimizer: {'tested_config': [0.0, 0.0, 0.0, 0.0, 0.0, 0.0, 0.0, 30.0], 'current_channel': 7, 'round_progress': '6/8'}
[2026-07-28 11:36:26] [INFO] [Controller] Running measure sequence. Saving to: C:/Users/Fabrizio/OneDrive - Politecnico di Milano/Tesi/Neuromorphic/N2/N2 code/test_measurements\AA\iter7
[2026-07-28 11:36:26] [INFO] [Controller] No magnetic field explicitly passed; maintaining current state (or controlled externally).
[2026-07-28 11:36:26] [INFO] [Controller] Updating voltages
[2026-07-28 11:36:26] [INFO] [Controller] Measured 3-Axial Magnetic Vector [mT]: [ 0.0093287   1.28418741 -0.43942593]
[2026-07-28 11:36:28] [INFO] [Saver] Measurement files successfully saved to: C:/Users/Fabrizio/OneDrive - Politecnico di Milano/Tesi/Neuromorphic/N2/N2 code/test_measurements\AA\iter7
[2026-07-28 11:36:28] [INFO] [DirectSearch] No improvement on channel 1 | score: nan
[2026-07-28 11:36:28] [INFO] [Training] iter 0007 | score: nan | optimizer: {'tested_config': [0.0, 50.0, 0.0, 0.0, 0.0, 0.0, 0.0, 0.0], 'current_channel': 1, 'round_progress': '7/8'}
[2026-07-28 11:36:28] [INFO] [Controller] Running measure sequence. Saving to: C:/Users/Fabrizio/OneDrive - Politecnico di Milano/Tesi/Neuromorphic/N2/N2 code/test_measurements\AA\iter8
[2026-07-28 11:36:28] [INFO] [Controller] No magnetic field explicitly passed; maintaining current state (or controlled externally).
[2026-07-28 11:36:28] [INFO] [Controller] Updating voltages
[2026-07-28 11:36:28] [INFO] [Controller] Measured 3-Axial Magnetic Vector [mT]: [-0.04933479  1.20521918 -0.44899434]
[2026-07-28 11:36:30] [INFO] [Saver] Measurement files successfully saved to: C:/Users/Fabrizio/OneDrive - Politecnico di Milano/Tesi/Neuromorphic/N2/N2 code/test_measurements\AA\iter8
[2026-07-28 11:36:30] [INFO] [DirectSearch] No improvement on channel 6 | score: nan
[2026-07-28 11:36:30] [INFO] [DirectSearch] Round complete. Starting new round with shuffled order.
[2026-07-28 11:36:30] [INFO] [Training] iter 0008 | score: nan | optimizer: {'tested_config': [0.0, 0.0, 0.0, 0.0, 0.0, 0.0, 40.0, 0.0], 'current_channel': 6, 'round_progress': '0/8'}
[2026-07-28 11:36:30] [INFO] [Controller] Running measure sequence. Saving to: C:/Users/Fabrizio/OneDrive - Politecnico di Milano/Tesi/Neuromorphic/N2/N2 code/test_measurements\AA\iter9
[2026-07-28 11:36:30] [INFO] [Controller] No magnetic field explicitly passed; maintaining current state (or controlled externally).
[2026-07-28 11:36:30] [INFO] [Controller] Updating voltages
[2026-07-28 11:36:30] [INFO] [Controller] Measured 3-Axial Magnetic Vector [mT]: [-0.04867739  1.19738067 -0.45835962]
[2026-07-28 11:36:32] [INFO] [Saver] Measurement files successfully saved to: C:/Users/Fabrizio/OneDrive - Politecnico di Milano/Tesi/Neuromorphic/N2/N2 code/test_measurements\AA\iter9
[2026-07-28 11:36:32] [INFO] [DirectSearch] No improvement on channel 7 | score: nan
[2026-07-28 11:36:32] [INFO] [Training] iter 0009 | score: nan | optimizer: {'tested_config': [0.0, 0.0, 0.0, 0.0, 0.0, 0.0, 0.0, 40.0], 'current_channel': 7, 'round_progress': '1/8'}
[2026-07-28 11:36:32] [INFO] [Controller] Running measure sequence. Saving to: C:/Users/Fabrizio/OneDrive - Politecnico di Milano/Tesi/Neuromorphic/N2/N2 code/test_measurements\AA\iter10
[2026-07-28 11:36:32] [INFO] [Controller] No magnetic field explicitly passed; maintaining current state (or controlled externally).
[2026-07-28 11:36:32] [INFO] [Controller] Updating voltages
[2026-07-28 11:36:32] [INFO] [Controller] Measured 3-Axial Magnetic Vector [mT]: [-0.03290232  1.23964338 -0.44961975]
[2026-07-28 11:36:33] [INFO] [GUI] Stop requested, waiting for current iteration to complete...
[2026-07-28 11:36:34] [INFO] [Saver] Measurement files successfully saved to: C:/Users/Fabrizio/OneDrive - Politecnico di Milano/Tesi/Neuromorphic/N2/N2 code/test_measurements\AA\iter10
[2026-07-28 11:36:34] [INFO] [DirectSearch] No improvement on channel 1 | score: nan
[2026-07-28 11:36:34] [INFO] [Training] iter 0010 | score: nan | optimizer: {'tested_config': [0.0, 50.0, 0.0, 0.0, 0.0, 0.0, 0.0, 0.0], 'current_channel': 1, 'round_progress': '2/8'}
[2026-07-28 11:36:34] [INFO] [Training] Training stopped early at iteration 11.
[2026-07-28 11:36:34] [INFO] [Training] Training finished — 11 iterations completed.
[2026-07-28 11:36:34] [INFO] [GUI] Training finished.
[2026-07-28 11:37:08] [INFO] [Controller] Setup Measurement Parameters
[2026-07-28 11:37:08] [INFO] [FakeVNA] Sweep configured: 1.000-5.000 GHz, 5 pts, params=['S21', 'S31']
[2026-07-28 11:37:08] [INFO] [Controller] Running measure sequence. Saving to: C:/Users/Fabrizio/OneDrive - Politecnico di Milano/Tesi/Neuromorphic/N2/N2 code/test_measurements\AA\iter0
[2026-07-28 11:37:08] [INFO] [Controller] No magnetic field explicitly passed; maintaining current state (or controlled externally).
[2026-07-28 11:37:08] [INFO] [Controller] Updating voltages
[2026-07-28 11:37:08] [INFO] [Controller] Measured 3-Axial Magnetic Vector [mT]: [ 0.02575307  1.25878189 -0.45180069]
[2026-07-28 11:37:10] [INFO] [Saver] Measurement files successfully saved to: C:/Users/Fabrizio/OneDrive - Politecnico di Milano/Tesi/Neuromorphic/N2/N2 code/test_measurements\AA\iter0
[2026-07-28 11:37:10] [INFO] [Training] iter 0000 | score: nan | optimizer: {}
[2026-07-28 11:37:10] [INFO] [Controller] Running measure sequence. Saving to: C:/Users/Fabrizio/OneDrive - Politecnico di Milano/Tesi/Neuromorphic/N2/N2 code/test_measurements\AA\iter1
[2026-07-28 11:37:10] [INFO] [Controller] No magnetic field explicitly passed; maintaining current state (or controlled externally).
[2026-07-28 11:37:10] [INFO] [Controller] Updating voltages
[2026-07-28 11:37:10] [INFO] [Controller] Measured 3-Axial Magnetic Vector [mT]: [ 0.01175548  1.2832349  -0.43510181]
[2026-07-28 11:37:12] [INFO] [Saver] Measurement files successfully saved to: C:/Users/Fabrizio/OneDrive - Politecnico di Milano/Tesi/Neuromorphic/N2/N2 code/test_measurements\AA\iter1
[2026-07-28 11:37:12] [INFO] [DirectSearch] No improvement on channel 7 | score: nan
[2026-07-28 11:37:12] [INFO] [Training] iter 0001 | score: nan | optimizer: {'tested_config': [0.0, 0.0, 0.0, 0.0, 0.0, 0.0, 0.0, 60.0], 'current_channel': 7, 'round_progress': '1/8'}
[2026-07-28 11:37:12] [INFO] [Controller] Running measure sequence. Saving to: C:/Users/Fabrizio/OneDrive - Politecnico di Milano/Tesi/Neuromorphic/N2/N2 code/test_measurements\AA\iter2
[2026-07-28 11:37:12] [INFO] [Controller] No magnetic field explicitly passed; maintaining current state (or controlled externally).
[2026-07-28 11:37:12] [INFO] [Controller] Updating voltages
[2026-07-28 11:37:12] [INFO] [Controller] Measured 3-Axial Magnetic Vector [mT]: [-0.00578714  1.20171384 -0.45063588]
[2026-07-28 11:37:14] [INFO] [Saver] Measurement files successfully saved to: C:/Users/Fabrizio/OneDrive - Politecnico di Milano/Tesi/Neuromorphic/N2/N2 code/test_measurements\AA\iter2
[2026-07-28 11:37:14] [INFO] [DirectSearch] No improvement on channel 4 | score: nan
[2026-07-28 11:37:14] [INFO] [Training] iter 0002 | score: nan | optimizer: {'tested_config': [0.0, 0.0, 0.0, 0.0, 40.0, 0.0, 0.0, 0.0], 'current_channel': 4, 'round_progress': '2/8'}
[2026-07-28 11:37:14] [INFO] [Controller] Running measure sequence. Saving to: C:/Users/Fabrizio/OneDrive - Politecnico di Milano/Tesi/Neuromorphic/N2/N2 code/test_measurements\AA\iter3
[2026-07-28 11:37:14] [INFO] [Controller] No magnetic field explicitly passed; maintaining current state (or controlled externally).
[2026-07-28 11:37:14] [INFO] [Controller] Updating voltages
[2026-07-28 11:37:14] [INFO] [Controller] Measured 3-Axial Magnetic Vector [mT]: [-0.03683968  1.28743235 -0.43487158]
[2026-07-28 11:37:16] [INFO] [Saver] Measurement files successfully saved to: C:/Users/Fabrizio/OneDrive - Politecnico di Milano/Tesi/Neuromorphic/N2/N2 code/test_measurements\AA\iter3
[2026-07-28 11:37:16] [INFO] [DirectSearch] No improvement on channel 0 | score: nan
[2026-07-28 11:37:16] [INFO] [Training] iter 0003 | score: nan | optimizer: {'tested_config': [40.0, 0.0, 0.0, 0.0, 0.0, 0.0, 0.0, 0.0], 'current_channel': 0, 'round_progress': '3/8'}
[2026-07-28 11:37:16] [INFO] [Controller] Running measure sequence. Saving to: C:/Users/Fabrizio/OneDrive - Politecnico di Milano/Tesi/Neuromorphic/N2/N2 code/test_measurements\AA\iter4
[2026-07-28 11:37:16] [INFO] [Controller] No magnetic field explicitly passed; maintaining current state (or controlled externally).
[2026-07-28 11:37:16] [INFO] [Controller] Updating voltages
[2026-07-28 11:37:16] [INFO] [Controller] Measured 3-Axial Magnetic Vector [mT]: [ 0.04291293  1.23216533 -0.43733639]
[2026-07-28 11:37:18] [INFO] [Saver] Measurement files successfully saved to: C:/Users/Fabrizio/OneDrive - Politecnico di Milano/Tesi/Neuromorphic/N2/N2 code/test_measurements\AA\iter4
[2026-07-28 11:37:18] [INFO] [DirectSearch] No improvement on channel 1 | score: nan
[2026-07-28 11:37:18] [INFO] [Training] iter 0004 | score: nan | optimizer: {'tested_config': [0.0, 20.0, 0.0, 0.0, 0.0, 0.0, 0.0, 0.0], 'current_channel': 1, 'round_progress': '4/8'}
[2026-07-28 11:37:18] [INFO] [Controller] Running measure sequence. Saving to: C:/Users/Fabrizio/OneDrive - Politecnico di Milano/Tesi/Neuromorphic/N2/N2 code/test_measurements\AA\iter5
[2026-07-28 11:37:18] [INFO] [Controller] No magnetic field explicitly passed; maintaining current state (or controlled externally).
[2026-07-28 11:37:18] [INFO] [Controller] Updating voltages
[2026-07-28 11:37:18] [INFO] [Controller] Measured 3-Axial Magnetic Vector [mT]: [ 0.01853689  1.22653959 -0.43741636]
[2026-07-28 11:37:20] [INFO] [Saver] Measurement files successfully saved to: C:/Users/Fabrizio/OneDrive - Politecnico di Milano/Tesi/Neuromorphic/N2/N2 code/test_measurements\AA\iter5
[2026-07-28 11:37:20] [INFO] [DirectSearch] No improvement on channel 2 | score: nan
[2026-07-28 11:37:20] [INFO] [Training] iter 0005 | score: nan | optimizer: {'tested_config': [0.0, 0.0, 40.0, 0.0, 0.0, 0.0, 0.0, 0.0], 'current_channel': 2, 'round_progress': '5/8'}
[2026-07-28 11:37:20] [INFO] [Controller] Running measure sequence. Saving to: C:/Users/Fabrizio/OneDrive - Politecnico di Milano/Tesi/Neuromorphic/N2/N2 code/test_measurements\AA\iter6
[2026-07-28 11:37:20] [INFO] [Controller] No magnetic field explicitly passed; maintaining current state (or controlled externally).
[2026-07-28 11:37:20] [INFO] [Controller] Updating voltages
[2026-07-28 11:37:20] [INFO] [Controller] Measured 3-Axial Magnetic Vector [mT]: [-0.01339059  1.23673618 -0.45294533]
[2026-07-28 11:37:21] [INFO] [GUI] Stop requested, waiting for current iteration to complete...
[2026-07-28 11:37:22] [INFO] [Saver] Measurement files successfully saved to: C:/Users/Fabrizio/OneDrive - Politecnico di Milano/Tesi/Neuromorphic/N2/N2 code/test_measurements\AA\iter6
[2026-07-28 11:37:22] [INFO] [DirectSearch] No improvement on channel 3 | score: nan
[2026-07-28 11:37:22] [INFO] [Training] iter 0006 | score: nan | optimizer: {'tested_config': [0.0, 0.0, 0.0, 60.0, 0.0, 0.0, 0.0, 0.0], 'current_channel': 3, 'round_progress': '6/8'}
[2026-07-28 11:37:22] [INFO] [Training] Training stopped early at iteration 7.
[2026-07-28 11:37:22] [INFO] [Training] Training finished — 7 iterations completed.
[2026-07-28 11:37:22] [INFO] [GUI] Training finished.
[2026-07-28 11:37:44] [INFO] [Controller] Setup Measurement Parameters
[2026-07-28 11:37:44] [INFO] [FakeVNA] Sweep configured: 1.000-5.000 GHz, 200 pts, params=['S21', 'S31']
[2026-07-28 11:37:44] [INFO] [Controller] Running measure sequence. Saving to: C:/Users/Fabrizio/OneDrive - Politecnico di Milano/Tesi/Neuromorphic/N2/N2 code/test_measurements\AA\iter0
[2026-07-28 11:37:44] [INFO] [Controller] No magnetic field explicitly passed; maintaining current state (or controlled externally).
[2026-07-28 11:37:44] [INFO] [Controller] Updating voltages
[2026-07-28 11:37:44] [INFO] [Controller] Measured 3-Axial Magnetic Vector [mT]: [-0.01498292  1.27150379 -0.43330254]
[2026-07-28 11:37:46] [INFO] [Saver] Measurement files successfully saved to: C:/Users/Fabrizio/OneDrive - Politecnico di Milano/Tesi/Neuromorphic/N2/N2 code/test_measurements\AA\iter0
[2026-07-28 11:37:46] [INFO] [Training] iter 0000 | score: 0.023586 | optimizer: {}
[2026-07-28 11:37:46] [INFO] [Controller] Running measure sequence. Saving to: C:/Users/Fabrizio/OneDrive - Politecnico di Milano/Tesi/Neuromorphic/N2/N2 code/test_measurements\AA\iter1
[2026-07-28 11:37:46] [INFO] [Controller] No magnetic field explicitly passed; maintaining current state (or controlled externally).
[2026-07-28 11:37:46] [INFO] [Controller] Updating voltages
[2026-07-28 11:37:46] [INFO] [Controller] Measured 3-Axial Magnetic Vector [mT]: [ 0.01790268  1.27574808 -0.43806771]
[2026-07-28 11:37:48] [INFO] [Saver] Measurement files successfully saved to: C:/Users/Fabrizio/OneDrive - Politecnico di Milano/Tesi/Neuromorphic/N2/N2 code/test_measurements\AA\iter1
[2026-07-28 11:37:48] [INFO] [DirectSearch] Improved — channel 4: 0.0 -> 30.0 | score: 0.028341
[2026-07-28 11:37:48] [INFO] [Training] iter 0001 | score: 0.028341 | optimizer: {'tested_config': [0.0, 0.0, 0.0, 0.0, 30.0, 0.0, 0.0, 0.0], 'current_channel': 4, 'round_progress': '1/8'}
[2026-07-28 11:37:48] [INFO] [Controller] Running measure sequence. Saving to: C:/Users/Fabrizio/OneDrive - Politecnico di Milano/Tesi/Neuromorphic/N2/N2 code/test_measurements\AA\iter2
[2026-07-28 11:37:48] [INFO] [Controller] No magnetic field explicitly passed; maintaining current state (or controlled externally).
[2026-07-28 11:37:48] [INFO] [Controller] Updating voltages
[2026-07-28 11:37:48] [INFO] [Controller] Measured 3-Axial Magnetic Vector [mT]: [ 0.044143    1.21445304 -0.46762487]
[2026-07-28 11:37:50] [INFO] [Saver] Measurement files successfully saved to: C:/Users/Fabrizio/OneDrive - Politecnico di Milano/Tesi/Neuromorphic/N2/N2 code/test_measurements\AA\iter2
[2026-07-28 11:37:50] [INFO] [DirectSearch] No improvement on channel 7 | score: 0.028054
[2026-07-28 11:37:50] [INFO] [Training] iter 0002 | score: 0.028341 | optimizer: {'tested_config': [0.0, 0.0, 0.0, 0.0, 30.0, 0.0, 0.0, 60.0], 'current_channel': 7, 'round_progress': '2/8'}
[2026-07-28 11:37:50] [INFO] [Controller] Running measure sequence. Saving to: C:/Users/Fabrizio/OneDrive - Politecnico di Milano/Tesi/Neuromorphic/N2/N2 code/test_measurements\AA\iter3
[2026-07-28 11:37:50] [INFO] [Controller] No magnetic field explicitly passed; maintaining current state (or controlled externally).
[2026-07-28 11:37:50] [INFO] [Controller] Updating voltages
[2026-07-28 11:37:51] [INFO] [Controller] Measured 3-Axial Magnetic Vector [mT]: [-0.04303323  1.23475908 -0.4310714 ]
[2026-07-28 11:37:53] [INFO] [Saver] Measurement files successfully saved to: C:/Users/Fabrizio/OneDrive - Politecnico di Milano/Tesi/Neuromorphic/N2/N2 code/test_measurements\AA\iter3
[2026-07-28 11:37:53] [INFO] [DirectSearch] No improvement on channel 5 | score: 0.022405
[2026-07-28 11:37:53] [INFO] [Training] iter 0003 | score: 0.028341 | optimizer: {'tested_config': [0.0, 0.0, 0.0, 0.0, 30.0, 20.0, 0.0, 0.0], 'current_channel': 5, 'round_progress': '3/8'}
[2026-07-28 11:37:53] [INFO] [Controller] Running measure sequence. Saving to: C:/Users/Fabrizio/OneDrive - Politecnico di Milano/Tesi/Neuromorphic/N2/N2 code/test_measurements\AA\iter4
[2026-07-28 11:37:53] [INFO] [Controller] No magnetic field explicitly passed; maintaining current state (or controlled externally).
[2026-07-28 11:37:53] [INFO] [Controller] Updating voltages
[2026-07-28 11:37:53] [INFO] [Controller] Measured 3-Axial Magnetic Vector [mT]: [-0.01671314  1.28840541 -0.46932746]
[2026-07-28 11:37:55] [INFO] [Saver] Measurement files successfully saved to: C:/Users/Fabrizio/OneDrive - Politecnico di Milano/Tesi/Neuromorphic/N2/N2 code/test_measurements\AA\iter4
[2026-07-28 11:37:55] [INFO] [DirectSearch] No improvement on channel 2 | score: 0.021964
[2026-07-28 11:37:55] [INFO] [Training] iter 0004 | score: 0.028341 | optimizer: {'tested_config': [0.0, 0.0, 50.0, 0.0, 30.0, 0.0, 0.0, 0.0], 'current_channel': 2, 'round_progress': '4/8'}
[2026-07-28 11:37:55] [INFO] [Controller] Running measure sequence. Saving to: C:/Users/Fabrizio/OneDrive - Politecnico di Milano/Tesi/Neuromorphic/N2/N2 code/test_measurements\AA\iter5
[2026-07-28 11:37:55] [INFO] [Controller] No magnetic field explicitly passed; maintaining current state (or controlled externally).
[2026-07-28 11:37:55] [INFO] [Controller] Updating voltages
[2026-07-28 11:37:55] [INFO] [Controller] Measured 3-Axial Magnetic Vector [mT]: [ 0.02932764  1.24904334 -0.44585933]
[2026-07-28 11:37:57] [INFO] [Saver] Measurement files successfully saved to: C:/Users/Fabrizio/OneDrive - Politecnico di Milano/Tesi/Neuromorphic/N2/N2 code/test_measurements\AA\iter5
[2026-07-28 11:37:57] [INFO] [DirectSearch] No improvement on channel 3 | score: 0.028251
[2026-07-28 11:37:57] [INFO] [Training] iter 0005 | score: 0.028341 | optimizer: {'tested_config': [0.0, 0.0, 0.0, 40.0, 30.0, 0.0, 0.0, 0.0], 'current_channel': 3, 'round_progress': '5/8'}
[2026-07-28 11:37:57] [INFO] [Controller] Running measure sequence. Saving to: C:/Users/Fabrizio/OneDrive - Politecnico di Milano/Tesi/Neuromorphic/N2/N2 code/test_measurements\AA\iter6
[2026-07-28 11:37:57] [INFO] [Controller] No magnetic field explicitly passed; maintaining current state (or controlled externally).
[2026-07-28 11:37:57] [INFO] [Controller] Updating voltages
[2026-07-28 11:37:57] [INFO] [Controller] Measured 3-Axial Magnetic Vector [mT]: [ 0.01226875  1.25351498 -0.44421786]
[2026-07-28 11:37:59] [INFO] [Saver] Measurement files successfully saved to: C:/Users/Fabrizio/OneDrive - Politecnico di Milano/Tesi/Neuromorphic/N2/N2 code/test_measurements\AA\iter6
[2026-07-28 11:37:59] [INFO] [DirectSearch] Improved — channel 0: 0.0 -> 40.0 | score: 0.029092
[2026-07-28 11:37:59] [INFO] [Training] iter 0006 | score: 0.029092 | optimizer: {'tested_config': [40.0, 0.0, 0.0, 0.0, 30.0, 0.0, 0.0, 0.0], 'current_channel': 0, 'round_progress': '6/8'}
[2026-07-28 11:37:59] [INFO] [Controller] Running measure sequence. Saving to: C:/Users/Fabrizio/OneDrive - Politecnico di Milano/Tesi/Neuromorphic/N2/N2 code/test_measurements\AA\iter7
[2026-07-28 11:37:59] [INFO] [Controller] No magnetic field explicitly passed; maintaining current state (or controlled externally).
[2026-07-28 11:37:59] [INFO] [Controller] Updating voltages
[2026-07-28 11:37:59] [INFO] [Controller] Measured 3-Axial Magnetic Vector [mT]: [-0.0195423   1.20255832 -0.43194624]
[2026-07-28 11:38:01] [INFO] [Saver] Measurement files successfully saved to: C:/Users/Fabrizio/OneDrive - Politecnico di Milano/Tesi/Neuromorphic/N2/N2 code/test_measurements\AA\iter7
[2026-07-28 11:38:01] [INFO] [DirectSearch] No improvement on channel 6 | score: 0.021069
[2026-07-28 11:38:01] [INFO] [Training] iter 0007 | score: 0.029092 | optimizer: {'tested_config': [40.0, 0.0, 0.0, 0.0, 30.0, 0.0, 50.0, 0.0], 'current_channel': 6, 'round_progress': '7/8'}
[2026-07-28 11:38:01] [INFO] [Controller] Running measure sequence. Saving to: C:/Users/Fabrizio/OneDrive - Politecnico di Milano/Tesi/Neuromorphic/N2/N2 code/test_measurements\AA\iter8
[2026-07-28 11:38:01] [INFO] [Controller] No magnetic field explicitly passed; maintaining current state (or controlled externally).
[2026-07-28 11:38:01] [INFO] [Controller] Updating voltages
[2026-07-28 11:38:01] [INFO] [Controller] Measured 3-Axial Magnetic Vector [mT]: [ 0.04185083  1.21340774 -0.44455065]
[2026-07-28 11:38:03] [INFO] [Saver] Measurement files successfully saved to: C:/Users/Fabrizio/OneDrive - Politecnico di Milano/Tesi/Neuromorphic/N2/N2 code/test_measurements\AA\iter8
[2026-07-28 11:38:03] [INFO] [DirectSearch] No improvement on channel 1 | score: 0.026580
[2026-07-28 11:38:03] [INFO] [DirectSearch] Round complete. Starting new round with shuffled order.
[2026-07-28 11:38:03] [INFO] [Training] iter 0008 | score: 0.029092 | optimizer: {'tested_config': [40.0, 10.0, 0.0, 0.0, 30.0, 0.0, 0.0, 0.0], 'current_channel': 1, 'round_progress': '0/8'}
[2026-07-28 11:38:03] [INFO] [Controller] Running measure sequence. Saving to: C:/Users/Fabrizio/OneDrive - Politecnico di Milano/Tesi/Neuromorphic/N2/N2 code/test_measurements\AA\iter9
[2026-07-28 11:38:03] [INFO] [Controller] No magnetic field explicitly passed; maintaining current state (or controlled externally).
[2026-07-28 11:38:03] [INFO] [Controller] Updating voltages
[2026-07-28 11:38:03] [INFO] [Controller] Measured 3-Axial Magnetic Vector [mT]: [-0.04023448  1.20192796 -0.46888809]
[2026-07-28 11:38:05] [INFO] [Saver] Measurement files successfully saved to: C:/Users/Fabrizio/OneDrive - Politecnico di Milano/Tesi/Neuromorphic/N2/N2 code/test_measurements\AA\iter9
[2026-07-28 11:38:05] [INFO] [DirectSearch] No improvement on channel 7 | score: 0.022930
[2026-07-28 11:38:05] [INFO] [Training] iter 0009 | score: 0.029092 | optimizer: {'tested_config': [40.0, 0.0, 0.0, 0.0, 30.0, 0.0, 0.0, 10.0], 'current_channel': 7, 'round_progress': '1/8'}
[2026-07-28 11:38:05] [INFO] [Controller] Running measure sequence. Saving to: C:/Users/Fabrizio/OneDrive - Politecnico di Milano/Tesi/Neuromorphic/N2/N2 code/test_measurements\AA\iter10
[2026-07-28 11:38:05] [INFO] [Controller] No magnetic field explicitly passed; maintaining current state (or controlled externally).
[2026-07-28 11:38:05] [INFO] [Controller] Updating voltages
[2026-07-28 11:38:05] [INFO] [Controller] Measured 3-Axial Magnetic Vector [mT]: [ 0.04093204  1.21991023 -0.44730374]
[2026-07-28 11:38:07] [INFO] [Saver] Measurement files successfully saved to: C:/Users/Fabrizio/OneDrive - Politecnico di Milano/Tesi/Neuromorphic/N2/N2 code/test_measurements\AA\iter10
[2026-07-28 11:38:07] [INFO] [DirectSearch] Improved — channel 1: 0.0 -> 10.0 | score: 0.031203
[2026-07-28 11:38:07] [INFO] [Training] iter 0010 | score: 0.031203 | optimizer: {'tested_config': [40.0, 10.0, 0.0, 0.0, 30.0, 0.0, 0.0, 0.0], 'current_channel': 1, 'round_progress': '2/8'}
[2026-07-28 11:38:07] [INFO] [Controller] Running measure sequence. Saving to: C:/Users/Fabrizio/OneDrive - Politecnico di Milano/Tesi/Neuromorphic/N2/N2 code/test_measurements\AA\iter11
[2026-07-28 11:38:07] [INFO] [Controller] No magnetic field explicitly passed; maintaining current state (or controlled externally).
[2026-07-28 11:38:07] [INFO] [Controller] Updating voltages
[2026-07-28 11:38:07] [INFO] [Controller] Measured 3-Axial Magnetic Vector [mT]: [-0.02988872  1.28217612 -0.45504756]
[2026-07-28 11:38:09] [INFO] [Saver] Measurement files successfully saved to: C:/Users/Fabrizio/OneDrive - Politecnico di Milano/Tesi/Neuromorphic/N2/N2 code/test_measurements\AA\iter11
[2026-07-28 11:38:09] [INFO] [DirectSearch] No improvement on channel 6 | score: 0.026953
[2026-07-28 11:38:09] [INFO] [Training] iter 0011 | score: 0.031203 | optimizer: {'tested_config': [40.0, 10.0, 0.0, 0.0, 30.0, 0.0, 10.0, 0.0], 'current_channel': 6, 'round_progress': '3/8'}
[2026-07-28 11:38:09] [INFO] [Controller] Running measure sequence. Saving to: C:/Users/Fabrizio/OneDrive - Politecnico di Milano/Tesi/Neuromorphic/N2/N2 code/test_measurements\AA\iter12
[2026-07-28 11:38:09] [INFO] [Controller] No magnetic field explicitly passed; maintaining current state (or controlled externally).
[2026-07-28 11:38:09] [INFO] [Controller] Updating voltages
[2026-07-28 11:38:09] [INFO] [Controller] Measured 3-Axial Magnetic Vector [mT]: [ 0.0100851   1.25016653 -0.46679711]
[2026-07-28 11:38:11] [INFO] [Saver] Measurement files successfully saved to: C:/Users/Fabrizio/OneDrive - Politecnico di Milano/Tesi/Neuromorphic/N2/N2 code/test_measurements\AA\iter12
[2026-07-28 11:38:11] [INFO] [DirectSearch] No improvement on channel 5 | score: 0.027869
[2026-07-28 11:38:11] [INFO] [Training] iter 0012 | score: 0.031203 | optimizer: {'tested_config': [40.0, 10.0, 0.0, 0.0, 30.0, 60.0, 0.0, 0.0], 'current_channel': 5, 'round_progress': '4/8'}
[2026-07-28 11:38:11] [INFO] [Controller] Running measure sequence. Saving to: C:/Users/Fabrizio/OneDrive - Politecnico di Milano/Tesi/Neuromorphic/N2/N2 code/test_measurements\AA\iter13
[2026-07-28 11:38:11] [INFO] [Controller] No magnetic field explicitly passed; maintaining current state (or controlled externally).
[2026-07-28 11:38:11] [INFO] [Controller] Updating voltages
[2026-07-28 11:38:11] [INFO] [Controller] Measured 3-Axial Magnetic Vector [mT]: [ 0.00668752  1.26326556 -0.45714138]
[2026-07-28 11:38:13] [INFO] [Saver] Measurement files successfully saved to: C:/Users/Fabrizio/OneDrive - Politecnico di Milano/Tesi/Neuromorphic/N2/N2 code/test_measurements\AA\iter13
[2026-07-28 11:38:13] [INFO] [DirectSearch] No improvement on channel 4 | score: 0.026621
[2026-07-28 11:38:13] [INFO] [Training] iter 0013 | score: 0.031203 | optimizer: {'tested_config': [40.0, 10.0, 0.0, 0.0, 20.0, 0.0, 0.0, 0.0], 'current_channel': 4, 'round_progress': '5/8'}
[2026-07-28 11:38:13] [INFO] [Controller] Running measure sequence. Saving to: C:/Users/Fabrizio/OneDrive - Politecnico di Milano/Tesi/Neuromorphic/N2/N2 code/test_measurements\AA\iter14
[2026-07-28 11:38:13] [INFO] [Controller] No magnetic field explicitly passed; maintaining current state (or controlled externally).
[2026-07-28 11:38:13] [INFO] [Controller] Updating voltages
[2026-07-28 11:38:13] [INFO] [Controller] Measured 3-Axial Magnetic Vector [mT]: [-0.02385755  1.23548481 -0.44241094]
[2026-07-28 11:38:15] [INFO] [Saver] Measurement files successfully saved to: C:/Users/Fabrizio/OneDrive - Politecnico di Milano/Tesi/Neuromorphic/N2/N2 code/test_measurements\AA\iter14
[2026-07-28 11:38:15] [INFO] [DirectSearch] No improvement on channel 3 | score: 0.025435
[2026-07-28 11:38:15] [INFO] [Training] iter 0014 | score: 0.031203 | optimizer: {'tested_config': [40.0, 10.0, 0.0, 50.0, 30.0, 0.0, 0.0, 0.0], 'current_channel': 3, 'round_progress': '6/8'}
[2026-07-28 11:38:15] [INFO] [Controller] Running measure sequence. Saving to: C:/Users/Fabrizio/OneDrive - Politecnico di Milano/Tesi/Neuromorphic/N2/N2 code/test_measurements\AA\iter15
[2026-07-28 11:38:15] [INFO] [Controller] No magnetic field explicitly passed; maintaining current state (or controlled externally).
[2026-07-28 11:38:15] [INFO] [Controller] Updating voltages
[2026-07-28 11:38:15] [INFO] [Controller] Measured 3-Axial Magnetic Vector [mT]: [ 0.0315899   1.19942983 -0.45663372]
[2026-07-28 11:38:17] [INFO] [Saver] Measurement files successfully saved to: C:/Users/Fabrizio/OneDrive - Politecnico di Milano/Tesi/Neuromorphic/N2/N2 code/test_measurements\AA\iter15
[2026-07-28 11:38:17] [INFO] [DirectSearch] No improvement on channel 2 | score: 0.030530
[2026-07-28 11:38:17] [INFO] [Training] iter 0015 | score: 0.031203 | optimizer: {'tested_config': [40.0, 10.0, 40.0, 0.0, 30.0, 0.0, 0.0, 0.0], 'current_channel': 2, 'round_progress': '7/8'}
[2026-07-28 11:38:17] [INFO] [Controller] Running measure sequence. Saving to: C:/Users/Fabrizio/OneDrive - Politecnico di Milano/Tesi/Neuromorphic/N2/N2 code/test_measurements\AA\iter16
[2026-07-28 11:38:17] [INFO] [Controller] No magnetic field explicitly passed; maintaining current state (or controlled externally).
[2026-07-28 11:38:17] [INFO] [Controller] Updating voltages
[2026-07-28 11:38:17] [INFO] [Controller] Measured 3-Axial Magnetic Vector [mT]: [ 0.00582397  1.27830357 -0.45409861]
[2026-07-28 11:38:19] [INFO] [Saver] Measurement files successfully saved to: C:/Users/Fabrizio/OneDrive - Politecnico di Milano/Tesi/Neuromorphic/N2/N2 code/test_measurements\AA\iter16
[2026-07-28 11:38:19] [INFO] [DirectSearch] No improvement on channel 0 | score: 0.026678
[2026-07-28 11:38:19] [INFO] [DirectSearch] Round complete. Starting new round with shuffled order.
[2026-07-28 11:38:19] [INFO] [Training] iter 0016 | score: 0.031203 | optimizer: {'tested_config': [0.0, 10.0, 0.0, 0.0, 30.0, 0.0, 0.0, 0.0], 'current_channel': 0, 'round_progress': '0/8'}
[2026-07-28 11:38:19] [INFO] [Controller] Running measure sequence. Saving to: C:/Users/Fabrizio/OneDrive - Politecnico di Milano/Tesi/Neuromorphic/N2/N2 code/test_measurements\AA\iter17
[2026-07-28 11:38:19] [INFO] [Controller] No magnetic field explicitly passed; maintaining current state (or controlled externally).
[2026-07-28 11:38:19] [INFO] [Controller] Updating voltages
[2026-07-28 11:38:19] [INFO] [Controller] Measured 3-Axial Magnetic Vector [mT]: [ 0.04173798  1.21528447 -0.43408279]
[2026-07-28 11:38:21] [INFO] [GUI] Stop requested, waiting for current iteration to complete...
[2026-07-28 11:38:21] [INFO] [Saver] Measurement files successfully saved to: C:/Users/Fabrizio/OneDrive - Politecnico di Milano/Tesi/Neuromorphic/N2/N2 code/test_measurements\AA\iter17
[2026-07-28 11:38:21] [INFO] [DirectSearch] No improvement on channel 2 | score: 0.025997
[2026-07-28 11:38:21] [INFO] [Training] iter 0017 | score: 0.031203 | optimizer: {'tested_config': [40.0, 10.0, 40.0, 0.0, 30.0, 0.0, 0.0, 0.0], 'current_channel': 2, 'round_progress': '1/8'}
[2026-07-28 11:38:21] [INFO] [Training] Training stopped early at iteration 18.
[2026-07-28 11:38:21] [INFO] [Training] Training finished — 18 iterations completed.
[2026-07-28 11:38:21] [INFO] [GUI] Training finished.
[2026-07-28 11:38:40] [INFO] [Controller] Setup Measurement Parameters
[2026-07-28 11:38:40] [INFO] [FakeVNA] Sweep configured: 1.000-5.000 GHz, 200 pts, params=['S21', 'S31']
[2026-07-28 11:38:40] [INFO] [Controller] Running measure sequence. Saving to: C:/Users/Fabrizio/OneDrive - Politecnico di Milano/Tesi/Neuromorphic/N2/N2 code/test_measurements\AA\iter0
[2026-07-28 11:38:40] [INFO] [Controller] No magnetic field explicitly passed; maintaining current state (or controlled externally).
[2026-07-28 11:38:40] [INFO] [Controller] Updating voltages
[2026-07-28 11:38:40] [INFO] [Controller] Measured 3-Axial Magnetic Vector [mT]: [ 0.04017387  1.26385455 -0.44388369]
[2026-07-28 11:38:42] [ERROR] [Training] Training loop raised an exception: Object of type ndarray is not JSON serializable
Traceback (most recent call last):
  File "C:\Users\Fabrizio\OneDrive - Politecnico di Milano\Tesi\Neuromorphic\N2\N2 code\training\training_session.py", line 109, in _run_loop
    new_values, score, optimizer_state = self.optimizer.step()
                                         ~~~~~~~~~~~~~~~~~~~^^
  File "C:\Users\Fabrizio\OneDrive - Politecnico di Milano\Tesi\Neuromorphic\N2\N2 code\training\algorithms\spsa.py", line 65, in step
    self.best_score = self.objective_fn(self.x)
                      ~~~~~~~~~~~~~~~~~^^^^^^^^
  File "C:\Users\Fabrizio\OneDrive - Politecnico di Milano\Tesi\Neuromorphic\N2\N2 code\training\training_session.py", line 60, in _objective
    self._last_data = self.controller.measure(voltages=x, magnetic_field=self.magnetic_field, output_folder=output_folder)
                      ~~~~~~~~~~~~~~~~~~~~~~~^^^^^^^^^^^^^^^^^^^^^^^^^^^^^^^^^^^^^^^^^^^^^^^^^^^^^^^^^^^^^^^^^^^^^^^^^^^^^
  File "C:\Users\Fabrizio\OneDrive - Politecnico di Milano\Tesi\Neuromorphic\N2\N2 code\core\controller_fake.py", line 140, in measure
    MeasurementStorage.save_to_folder(output_folder, data_point)
    ~~~~~~~~~~~~~~~~~~~~~~~~~~~~~~~~~^^^^^^^^^^^^^^^^^^^^^^^^^^^
  File "C:\Users\Fabrizio\OneDrive - Politecnico di Milano\Tesi\Neuromorphic\N2\N2 code\core\storage.py", line 50, in save_to_folder
    json.dump(param_payload, f, indent=4)
    ~~~~~~~~~^^^^^^^^^^^^^^^^^^^^^^^^^^^^
  File "C:\Users\Fabrizio\.conda\envs\base-utils\Lib\json\__init__.py", line 179, in dump
    for chunk in iterable:
                 ^^^^^^^^
  File "C:\Users\Fabrizio\.conda\envs\base-utils\Lib\json\encoder.py", line 433, in _iterencode
    yield from _iterencode_dict(o, _current_indent_level)
  File "C:\Users\Fabrizio\.conda\envs\base-utils\Lib\json\encoder.py", line 407, in _iterencode_dict
    yield from chunks
  File "C:\Users\Fabrizio\.conda\envs\base-utils\Lib\json\encoder.py", line 440, in _iterencode
    o = _default(o)
  File "C:\Users\Fabrizio\.conda\envs\base-utils\Lib\json\encoder.py", line 180, in default
    raise TypeError(f'Object of type {o.__class__.__name__} '
                    f'is not JSON serializable')
TypeError: Object of type ndarray is not JSON serializable
[2026-07-28 11:38:42] [INFO] [Training] Training finished — 0 iterations completed.
[2026-07-28 11:38:42] [INFO] [GUI] Training finished.
[2026-07-28 11:38:56] [INFO] [Controller] Executing Secure Instrument Disconnection Loop
[2026-07-28 11:38:56] [INFO] [FakeDAQ] Task closed (fake).
[2026-07-28 11:38:56] [INFO] [FakeSensor] Released connection handle safely.
[2026-07-28 11:38:56] [INFO] [FakeVNA] Connection closed (fake).
[2026-07-28 11:38:56] [INFO] [Controller] Shutdown routine safely completed.
[2026-07-28 11:39:04] [INFO] [Controller] Beginning System Setup Initialization
[2026-07-28 11:39:04] [INFO] [Controller] Connecting to VNA at GPIB0::20::INSTR...
[2026-07-28 11:39:04] [INFO] [FakeVNA] Connected (fake) at GPIB0::20::INSTR
[2026-07-28 11:39:04] [INFO] [Controller] Power Supply not connected: port not specified
[2026-07-28 11:39:04] [INFO] [Controller] Connecting to 3-Axial Field Sensor...
[2026-07-28 11:39:04] [INFO] [FakeSensor] Initialized mock sensor on configuration port MOCK_PORT
[2026-07-28 11:39:05] [INFO] [FakeSensor] Successfully connected to mock field sensor.
[2026-07-28 11:39:05] [INFO] [FakeSensor] Successfully connected to mock field sensor.
[2026-07-28 11:39:05] [INFO] [Controller] Opening DAQ Task profile: Dev1...
[2026-07-28 11:39:05] [INFO] [FakeDAQ] Initialised — device=Dev1, channels=[0, 1, 2, 3, 4, 5, 6, 7]
[2026-07-28 11:39:05] [INFO] [Controller] System Configuration Complete. Hardware Ready.
[2026-07-28 11:39:10] [INFO] [Controller] Setup Measurement Parameters
[2026-07-28 11:39:10] [INFO] [FakeVNA] Sweep configured: 1.000-5.000 GHz, 200 pts, params=['S21', 'S31']
[2026-07-28 11:39:10] [INFO] [Controller] Running measure sequence. Saving to: C:/Users/Fabrizio/OneDrive - Politecnico di Milano/Tesi/Neuromorphic/N2/N2 code/test_measurements\AA\iter0
[2026-07-28 11:39:10] [INFO] [Controller] No magnetic field explicitly passed; maintaining current state (or controlled externally).
[2026-07-28 11:39:10] [INFO] [Controller] Updating voltages
[2026-07-28 11:39:10] [INFO] [Controller] Measured 3-Axial Magnetic Vector [mT]: [ 0.04917525  1.24833088 -0.44879851]
[2026-07-28 11:39:12] [INFO] [Saver] Measurement files successfully saved to: C:/Users/Fabrizio/OneDrive - Politecnico di Milano/Tesi/Neuromorphic/N2/N2 code/test_measurements\AA\iter0
[2026-07-28 11:39:12] [INFO] [Training] iter 0000 | score: 0.019006 | optimizer: {}
[2026-07-28 11:39:12] [INFO] [Controller] Running measure sequence. Saving to: C:/Users/Fabrizio/OneDrive - Politecnico di Milano/Tesi/Neuromorphic/N2/N2 code/test_measurements\AA\iter1
[2026-07-28 11:39:12] [INFO] [Controller] No magnetic field explicitly passed; maintaining current state (or controlled externally).
[2026-07-28 11:39:12] [INFO] [Controller] Updating voltages
[2026-07-28 11:39:12] [INFO] [Controller] Measured 3-Axial Magnetic Vector [mT]: [-0.03967152  1.24040795 -0.44791372]
[2026-07-28 11:39:14] [INFO] [Saver] Measurement files successfully saved to: C:/Users/Fabrizio/OneDrive - Politecnico di Milano/Tesi/Neuromorphic/N2/N2 code/test_measurements\AA\iter1
[2026-07-28 11:39:14] [INFO] [DirectSearch] Improved — channel 6: 0.0 -> 40.0 | score: 0.025617
[2026-07-28 11:39:14] [INFO] [Training] iter 0001 | score: 0.025617 | optimizer: {'tested_config': [0.0, 0.0, 0.0, 0.0, 0.0, 0.0, 40.0, 0.0], 'current_channel': 6, 'round_progress': '1/8'}
[2026-07-28 11:39:14] [INFO] [Controller] Running measure sequence. Saving to: C:/Users/Fabrizio/OneDrive - Politecnico di Milano/Tesi/Neuromorphic/N2/N2 code/test_measurements\AA\iter2
[2026-07-28 11:39:14] [INFO] [Controller] No magnetic field explicitly passed; maintaining current state (or controlled externally).
[2026-07-28 11:39:14] [INFO] [Controller] Updating voltages
[2026-07-28 11:39:14] [INFO] [Controller] Measured 3-Axial Magnetic Vector [mT]: [ 0.03781113  1.28452491 -0.44222198]
[2026-07-28 11:39:16] [INFO] [Saver] Measurement files successfully saved to: C:/Users/Fabrizio/OneDrive - Politecnico di Milano/Tesi/Neuromorphic/N2/N2 code/test_measurements\AA\iter2
[2026-07-28 11:39:16] [INFO] [DirectSearch] Improved — channel 7: 0.0 -> 30.0 | score: 0.030781
[2026-07-28 11:39:16] [INFO] [Training] iter 0002 | score: 0.030781 | optimizer: {'tested_config': [0.0, 0.0, 0.0, 0.0, 0.0, 0.0, 40.0, 30.0], 'current_channel': 7, 'round_progress': '2/8'}
[2026-07-28 11:39:16] [INFO] [Controller] Running measure sequence. Saving to: C:/Users/Fabrizio/OneDrive - Politecnico di Milano/Tesi/Neuromorphic/N2/N2 code/test_measurements\AA\iter3
[2026-07-28 11:39:16] [INFO] [Controller] No magnetic field explicitly passed; maintaining current state (or controlled externally).
[2026-07-28 11:39:16] [INFO] [Controller] Updating voltages
[2026-07-28 11:39:16] [INFO] [Controller] Measured 3-Axial Magnetic Vector [mT]: [ 0.03595402  1.26102373 -0.45995923]
[2026-07-28 11:39:18] [INFO] [GUI] Stop requested, waiting for current iteration to complete...
[2026-07-28 11:39:18] [INFO] [Saver] Measurement files successfully saved to: C:/Users/Fabrizio/OneDrive - Politecnico di Milano/Tesi/Neuromorphic/N2/N2 code/test_measurements\AA\iter3
[2026-07-28 11:39:18] [INFO] [DirectSearch] No improvement on channel 1 | score: 0.025249
[2026-07-28 11:39:18] [INFO] [Training] iter 0003 | score: 0.030781 | optimizer: {'tested_config': [0.0, 20.0, 0.0, 0.0, 0.0, 0.0, 40.0, 30.0], 'current_channel': 1, 'round_progress': '3/8'}
[2026-07-28 11:39:18] [INFO] [Training] Training stopped early at iteration 4.
[2026-07-28 11:39:18] [INFO] [Training] Training finished — 4 iterations completed.
[2026-07-28 11:39:18] [INFO] [GUI] Training finished.
[2026-07-28 11:40:44] [INFO] [Controller] Executing Secure Instrument Disconnection Loop
[2026-07-28 11:40:44] [INFO] [FakeDAQ] Task closed (fake).
[2026-07-28 11:40:44] [INFO] [FakeSensor] Released connection handle safely.
[2026-07-28 11:40:44] [INFO] [FakeVNA] Connection closed (fake).
[2026-07-28 11:40:44] [INFO] [Controller] Shutdown routine safely completed.
[2026-07-28 11:40:44] [INFO] [GUI] Settings saved to c:\Users\Fabrizio\OneDrive - Politecnico di Milano\Tesi\Neuromorphic\N2\N2 code\GUI\settings.json
