[2026-07-27 11:44:01] [INFO] [GUI] Settings loaded from c:\Users\Fabrizio\OneDrive - Politecnico di Milano\Tesi\Neuromorphic\N2\N2 code\settings.json
[2026-07-27 11:44:06] [INFO] [Controller] Beginning System Setup Initialization
[2026-07-27 11:44:06] [INFO] [Controller] Connecting to VNA at GPIB0::20::INSTR...
[2026-07-27 11:44:06] [INFO] [FakeVNA] Connected (fake) at GPIB0::20::INSTR
[2026-07-27 11:44:06] [INFO] [Controller] Power Supply not connected: port not specified
[2026-07-27 11:44:06] [INFO] [Controller] Connecting to 3-Axial Field Sensor...
[2026-07-27 11:44:06] [INFO] [FakeSensor] Initialized mock sensor on configuration port MOCK_PORT
[2026-07-27 11:44:06] [INFO] [FakeSensor] Successfully connected to mock field sensor.
[2026-07-27 11:44:06] [INFO] [FakeSensor] Successfully connected to mock field sensor.
[2026-07-27 11:44:06] [INFO] [Controller] Opening DAQ Task profile: Dev1...
[2026-07-27 11:44:06] [INFO] [FakeDAQ] Initialised — device=Dev1, channels=[0, 1, 2, 3, 4, 5, 6, 7]
[2026-07-27 11:44:06] [INFO] [Controller] System Configuration Complete. Hardware Ready.
[2026-07-27 11:44:09] [INFO] [Controller] Setup Measurement Parameters
[2026-07-27 11:44:09] [INFO] [FakeVNA] Sweep configured: 1.000-2.000 GHz, 100 pts, params=['S21', 'S31']
[2026-07-27 11:44:09] [INFO] [Controller] Running measure sequence. Saving to: C:\Users\Fabrizio\OneDrive - Politecnico di Milano\Tesi\Neuromorphic\N2\N2 code\test_measurements\Test2
[2026-07-27 11:44:09] [INFO] [Controller] No magnetic field explicitly passed; maintaining current state (or controlled externally).
[2026-07-27 11:44:09] [INFO] [Controller] Updating voltages
[2026-07-27 11:44:09] [INFO] [Controller] Measured 3-Axial Magnetic Vector [mT]: [-0.03727177  1.21597756 -0.44134089]
[2026-07-27 11:44:11] [INFO] [Saver] Measurement files successfully saved to: C:\Users\Fabrizio\OneDrive - Politecnico di Milano\Tesi\Neuromorphic\N2\N2 code\test_measurements\Test2
[2026-07-27 11:44:11] [INFO] [GUI] Measurement completed.
[2026-07-27 11:44:37] [INFO] [Controller] Setup Measurement Parameters
[2026-07-27 11:44:37] [INFO] [FakeVNA] Sweep configured: 1.000-2.000 GHz, 100 pts, params=['S21', 'S31']
[2026-07-27 11:44:37] [INFO] [Controller] Running measure sequence. Saving to: C:\Users\Fabrizio\OneDrive - Politecnico di Milano\Tesi\Neuromorphic\N2\N2 code\test_measurements\Test3
[2026-07-27 11:44:37] [INFO] [Controller] No magnetic field explicitly passed; maintaining current state (or controlled externally).
[2026-07-27 11:44:37] [INFO] [Controller] Updating voltages
[2026-07-27 11:44:37] [INFO] [Controller] Measured 3-Axial Magnetic Vector [mT]: [ 0.01383366  1.21834618 -0.46128725]
[2026-07-27 11:44:39] [INFO] [Saver] Measurement files successfully saved to: C:\Users\Fabrizio\OneDrive - Politecnico di Milano\Tesi\Neuromorphic\N2\N2 code\test_measurements\Test3
[2026-07-27 11:44:39] [INFO] [GUI] Measurement completed.
[2026-07-27 11:45:11] [INFO] [Controller] Executing Secure Instrument Disconnection Loop
[2026-07-27 11:45:11] [INFO] [FakeDAQ] Task closed (fake).
[2026-07-27 11:45:11] [INFO] [FakeSensor] Released connection handle safely.
[2026-07-27 11:45:11] [INFO] [FakeVNA] Connection closed (fake).
[2026-07-27 11:45:11] [INFO] [Controller] Shutdown routine safely completed.
