[2026-07-28 11:13:56] [INFO] [GUI] Settings loaded from c:\Users\Fabrizio\OneDrive - Politecnico di Milano\Tesi\Neuromorphic\N2\N2 code\GUI\settings.json
[2026-07-28 11:14:05] [INFO] [Controller] Beginning System Setup Initialization
[2026-07-28 11:14:05] [INFO] [Controller] Connecting to VNA at GPIB0::20::INSTR...
[2026-07-28 11:14:05] [INFO] [FakeVNA] Connected (fake) at GPIB0::20::INSTR
[2026-07-28 11:14:05] [INFO] [Controller] Power Supply not connected: port not specified
[2026-07-28 11:14:05] [INFO] [Controller] Connecting to 3-Axial Field Sensor...
[2026-07-28 11:14:05] [INFO] [FakeSensor] Initialized mock sensor on configuration port MOCK_PORT
[2026-07-28 11:14:05] [INFO] [FakeSensor] Successfully connected to mock field sensor.
[2026-07-28 11:14:05] [INFO] [FakeSensor] Successfully connected to mock field sensor.
[2026-07-28 11:14:05] [INFO] [Controller] Opening DAQ Task profile: Dev1...
[2026-07-28 11:14:05] [INFO] [FakeDAQ] Initialised — device=Dev1, channels=[0, 1, 2, 3, 4, 5, 6, 7]
[2026-07-28 11:14:05] [INFO] [Controller] System Configuration Complete. Hardware Ready.
[2026-07-28 11:14:22] [INFO] [Controller] Setting voltages to [0.0, 0.0, 10.0, 0.0, 0.0, 0.0, 0.0, 0.0]
[2026-07-28 11:14:42] [INFO] [Controller] Setting voltages to [0.0, 0.0, 10.0, 0.0, 0.0, 20.0, 0.0, 0.0]
[2026-07-28 11:14:52] [INFO] [Controller] Executing Secure Instrument Disconnection Loop
[2026-07-28 11:14:52] [INFO] [FakeDAQ] Task closed (fake).
[2026-07-28 11:14:52] [INFO] [FakeSensor] Released connection handle safely.
[2026-07-28 11:14:52] [INFO] [FakeVNA] Connection closed (fake).
[2026-07-28 11:14:52] [INFO] [Controller] Shutdown routine safely completed.
[2026-07-28 11:14:52] [INFO] [GUI] Settings saved to c:\Users\Fabrizio\OneDrive - Politecnico di Milano\Tesi\Neuromorphic\N2\N2 code\GUI\settings.json
