[2026-07-24 10:12:30] [INFO] [Controller] Beginning System Setup Initialization
[2026-07-24 10:12:30] [INFO] [Controller] Connecting to VNA at GPIB0::20::INSTR...
[2026-07-24 10:12:30] [INFO] [FakeVNA] Connected (fake) at GPIB0::20::INSTR
[2026-07-24 10:12:30] [INFO] [Controller] Power Supply not connected: port not specified
[2026-07-24 10:12:30] [INFO] [Controller] Connecting to 3-Axial Field Sensor...
[2026-07-24 10:12:30] [INFO] [FakeSensor] Initialized mock sensor on configuration port MOCK_PORT
[2026-07-24 10:12:30] [INFO] [FakeSensor] Successfully connected to mock field sensor.
[2026-07-24 10:12:30] [INFO] [FakeSensor] Successfully connected to mock field sensor.
[2026-07-24 10:12:30] [INFO] [Controller] Opening DAQ Task profile: Dev1...
[2026-07-24 10:12:30] [INFO] [FakeDAQ] Initialised — device=Dev1, channels=[0, 1, 2, 3, 4, 5, 6, 7]
[2026-07-24 10:12:30] [INFO] [Controller] System Configuration Complete. Hardware Ready.
[2026-07-24 10:12:32] [INFO] [Controller] Setup Measurement Parameters
[2026-07-24 10:12:32] [INFO] [FakeVNA] Sweep configured: 1.000-2.000 GHz, 100 pts, params=['S11', 'S21', 'S31', 'S41']
[2026-07-24 10:12:32] [INFO] [Controller] Running measure sequence. Saving to: C:\Users\Fabrizio\OneDrive - Politecnico di Milano\Tesi\Neuromorphic\N2\N2 code\test_measurements\Test2
[2026-07-24 10:12:32] [INFO] [Controller] No magnetic field explicitly passed; maintaining current state (or controlled externally).
[2026-07-24 10:12:32] [INFO] [Controller] Updating voltages
[2026-07-24 10:12:32] [INFO] [Controller] Measured 3-Axial Magnetic Vector [mT]: [-0.01288778  1.21776342 -0.43050189]
[2026-07-24 10:12:36] [INFO] [Saver] Measurement files successfully saved to: C:\Users\Fabrizio\OneDrive - Politecnico di Milano\Tesi\Neuromorphic\N2\N2 code\test_measurements\Test2
[2026-07-24 10:12:36] [INFO] [GUI] Measurement completed.
[2026-07-24 10:13:24] [INFO] [Controller] Setup Measurement Parameters
[2026-07-24 10:13:24] [INFO] [FakeVNA] Sweep configured: 1.000-2.000 GHz, 100 pts, params=['S11', 'S21', 'S31', 'S41']
[2026-07-24 10:13:24] [INFO] [Controller] Running measure sequence. Saving to: C:\Users\Fabrizio\OneDrive - Politecnico di Milano\Tesi\Neuromorphic\N2\N2 code\test_measurements\Test3
[2026-07-24 10:13:24] [INFO] [Controller] No magnetic field explicitly passed; maintaining current state (or controlled externally).
[2026-07-24 10:13:24] [INFO] [Controller] Updating voltages
[2026-07-24 10:13:24] [INFO] [Controller] Measured 3-Axial Magnetic Vector [mT]: [ 0.00141939  1.23354594 -0.4306348 ]
[2026-07-24 10:13:28] [INFO] [Saver] Measurement files successfully saved to: C:\Users\Fabrizio\OneDrive - Politecnico di Milano\Tesi\Neuromorphic\N2\N2 code\test_measurements\Test3
[2026-07-24 10:13:28] [INFO] [GUI] Measurement completed.
[2026-07-24 10:13:48] [INFO] [Controller] Setup Measurement Parameters
[2026-07-24 10:13:48] [INFO] [FakeVNA] Sweep configured: 1.000-2.000 GHz, 100 pts, params=['S11']
[2026-07-24 10:13:48] [INFO] [Controller] Running measure sequence. Saving to: C:\Users\Fabrizio\OneDrive - Politecnico di Milano\Tesi\Neuromorphic\N2\N2 code\test_measurements\Test4
[2026-07-24 10:13:48] [INFO] [Controller] No magnetic field explicitly passed; maintaining current state (or controlled externally).
[2026-07-24 10:13:48] [INFO] [Controller] Updating voltages
[2026-07-24 10:13:48] [INFO] [Controller] Measured 3-Axial Magnetic Vector [mT]: [ 0.00334932  1.22797678 -0.44538097]
[2026-07-24 10:13:49] [INFO] [Saver] Measurement files successfully saved to: C:\Users\Fabrizio\OneDrive - Politecnico di Milano\Tesi\Neuromorphic\N2\N2 code\test_measurements\Test4
[2026-07-24 10:13:49] [INFO] [GUI] Measurement completed.
