[2026-07-27 12:16:00] [INFO] [GUI] Settings loaded from c:\Users\Fabrizio\OneDrive - Politecnico di Milano\Tesi\Neuromorphic\N2\N2 code\settings.json
[2026-07-27 12:16:05] [INFO] [GUI] Settings saved to c:\Users\Fabrizio\OneDrive - Politecnico di Milano\Tesi\Neuromorphic\N2\N2 code\settings.json
[2026-07-27 12:16:11] [INFO] [Controller] Beginning System Setup Initialization
[2026-07-27 12:16:11] [INFO] [Controller] Connecting to VNA at GPIB0::20::INSTR...
[2026-07-27 12:16:11] [INFO] [FakeVNA] Connected (fake) at GPIB0::20::INSTR
[2026-07-27 12:16:11] [INFO] [Controller] Power Supply not connected: port not specified
[2026-07-27 12:16:11] [INFO] [Controller] Connecting to 3-Axial Field Sensor...
[2026-07-27 12:16:11] [INFO] [FakeSensor] Initialized mock sensor on configuration port MOCK_PORT
[2026-07-27 12:16:11] [INFO] [FakeSensor] Successfully connected to mock field sensor.
[2026-07-27 12:16:11] [INFO] [FakeSensor] Successfully connected to mock field sensor.
[2026-07-27 12:16:11] [INFO] [Controller] DAQ not connected: device not specified
[2026-07-27 12:16:11] [INFO] [Controller] System Configuration Complete. Hardware Ready.
[2026-07-27 12:16:19] [INFO] [Controller] Setup Measurement Parameters
[2026-07-27 12:16:19] [INFO] [FakeVNA] Sweep configured: 1.000-2.000 GHz, 100 pts, params=['S21', 'S31']
[2026-07-27 12:16:19] [INFO] [Controller] Running measure sequence. Saving to: C:\Users\Fabrizio\OneDrive - Politecnico di Milano\Tesi\Neuromorphic\N2\N2 code\test_measurements\Test2
[2026-07-27 12:16:19] [INFO] [Controller] No magnetic field explicitly passed; maintaining current state (or controlled externally).
[2026-07-27 12:16:19] [WARNING] [Controller] Voltage field update requested, but DAQ is not initialized!
[2026-07-27 12:16:19] [INFO] [Controller] Measured 3-Axial Magnetic Vector [mT]: [ 0.02312242  1.22742799 -0.45275301]
[2026-07-27 12:16:21] [INFO] [Saver] Measurement files successfully saved to: C:\Users\Fabrizio\OneDrive - Politecnico di Milano\Tesi\Neuromorphic\N2\N2 code\test_measurements\Test2
[2026-07-27 12:16:21] [INFO] [GUI] Measurement completed.
[2026-07-27 12:16:58] [INFO] [Controller] Setup Measurement Parameters
[2026-07-27 12:16:58] [INFO] [FakeVNA] Sweep configured: 1.000-2.000 GHz, 100 pts, params=['S21', 'S31']
[2026-07-27 12:16:58] [INFO] [Controller] Running measure sequence. Saving to: C:\Users\Fabrizio\OneDrive - Politecnico di Milano\Tesi\Neuromorphic\N2\N2 code\test_measurements\Test3
[2026-07-27 12:16:58] [INFO] [Controller] No magnetic field explicitly passed; maintaining current state (or controlled externally).
[2026-07-27 12:16:58] [WARNING] [Controller] Voltage field update requested, but DAQ is not initialized!
[2026-07-27 12:16:58] [INFO] [Controller] Measured 3-Axial Magnetic Vector [mT]: [-0.04274327  1.26907518 -0.4530618 ]
[2026-07-27 12:17:00] [INFO] [Saver] Measurement files successfully saved to: C:\Users\Fabrizio\OneDrive - Politecnico di Milano\Tesi\Neuromorphic\N2\N2 code\test_measurements\Test3
[2026-07-27 12:17:00] [INFO] [GUI] Measurement completed.
