[2026-07-28 11:56:23] [INFO] [GUI] Settings loaded from c:\Users\Fabrizio\OneDrive - Politecnico di Milano\Tesi\Neuromorphic\N2\N2 code\GUI\settings.json
[2026-07-28 11:56:29] [INFO] [Controller] Beginning System Setup Initialization
[2026-07-28 11:56:29] [INFO] [Controller] Connecting to VNA at GPIB0::20::INSTR...
[2026-07-28 11:56:29] [INFO] [FakeVNA] Connected (fake) at GPIB0::20::INSTR
[2026-07-28 11:56:29] [INFO] [Controller] Power Supply not connected: port not specified
[2026-07-28 11:56:29] [INFO] [Controller] Connecting to 3-Axial Field Sensor...
[2026-07-28 11:56:29] [INFO] [FakeSensor] Initialized mock sensor on configuration port MOCK_PORT
[2026-07-28 11:56:30] [INFO] [FakeSensor] Successfully connected to mock field sensor.
[2026-07-28 11:56:30] [INFO] [FakeSensor] Successfully connected to mock field sensor.
[2026-07-28 11:56:30] [INFO] [Controller] Opening DAQ Task profile: Dev1...
[2026-07-28 11:56:30] [INFO] [FakeDAQ] Initialised — device=Dev1, channels=[0, 1, 2, 3, 4, 5, 6, 7]
[2026-07-28 11:56:30] [INFO] [Controller] System Configuration Complete. Hardware Ready.
[2026-07-28 11:56:39] [INFO] [Controller] Setup Measurement Parameters
[2026-07-28 11:56:39] [INFO] [FakeVNA] Sweep configured: 1.000-5.000 GHz, 200 pts, params=['S21']
[2026-07-28 11:56:39] [INFO] [Controller] Running measure sequence. Saving to: C:/Users/Fabrizio/OneDrive - Politecnico di Milano/Tesi/Neuromorphic/N2/N2 code/test_measurements\ss\iter0
[2026-07-28 11:56:39] [INFO] [Controller] No magnetic field explicitly passed; maintaining current state (or controlled externally).
[2026-07-28 11:56:39] [INFO] [Controller] Updating voltages
[2026-07-28 11:56:39] [INFO] [Controller] Measured 3-Axial Magnetic Vector [mT]: [ 0.01319383  1.27562507 -0.44818692]
[2026-07-28 11:56:40] [INFO] [Saver] Measurement files successfully saved to: C:/Users/Fabrizio/OneDrive - Politecnico di Milano/Tesi/Neuromorphic/N2/N2 code/test_measurements\ss\iter0
[2026-07-28 11:56:40] [INFO] [Training] iter 0000 | score: 0.019006 | optimizer: {}
[2026-07-28 11:56:40] [INFO] [Controller] Running measure sequence. Saving to: C:/Users/Fabrizio/OneDrive - Politecnico di Milano/Tesi/Neuromorphic/N2/N2 code/test_measurements\ss\iter1\plus
[2026-07-28 11:56:40] [INFO] [Controller] No magnetic field explicitly passed; maintaining current state (or controlled externally).
[2026-07-28 11:56:40] [INFO] [Controller] Updating voltages
[2026-07-28 11:56:40] [INFO] [Controller] Measured 3-Axial Magnetic Vector [mT]: [ 0.00809059  1.19061552 -0.46375394]
[2026-07-28 11:56:41] [INFO] [Saver] Measurement files successfully saved to: C:/Users/Fabrizio/OneDrive - Politecnico di Milano/Tesi/Neuromorphic/N2/N2 code/test_measurements\ss\iter1\plus
[2026-07-28 11:56:41] [INFO] [Controller] Running measure sequence. Saving to: C:/Users/Fabrizio/OneDrive - Politecnico di Milano/Tesi/Neuromorphic/N2/N2 code/test_measurements\ss\iter1\minus
[2026-07-28 11:56:41] [INFO] [Controller] No magnetic field explicitly passed; maintaining current state (or controlled externally).
[2026-07-28 11:56:41] [INFO] [Controller] Updating voltages
[2026-07-28 11:56:41] [INFO] [Controller] Measured 3-Axial Magnetic Vector [mT]: [ 0.03684271  1.21947846 -0.4667017 ]
[2026-07-28 11:56:42] [INFO] [Saver] Measurement files successfully saved to: C:/Users/Fabrizio/OneDrive - Politecnico di Milano/Tesi/Neuromorphic/N2/N2 code/test_measurements\ss\iter1\minus
[2026-07-28 11:56:42] [INFO] [SPSA] iter 1 | f+: 0.0236 f-: 0.0256 | ak: 0.0236 ck: 0.0500 | grad norm: 0.0574
[2026-07-28 11:56:42] [INFO] [Training] iter 0001 | score: 0.025617 | optimizer: {'ak': 0.023609, 'ck': 0.05, 'f_plus': 0.023586, 'f_minus': 0.025617, 'gradient_norm': 0.057445, 'best_score': 0.025617}
[2026-07-28 11:56:42] [INFO] [Controller] Running measure sequence. Saving to: C:/Users/Fabrizio/OneDrive - Politecnico di Milano/Tesi/Neuromorphic/N2/N2 code/test_measurements\ss\iter2\plus
[2026-07-28 11:56:42] [INFO] [Controller] No magnetic field explicitly passed; maintaining current state (or controlled externally).
[2026-07-28 11:56:42] [INFO] [Controller] Updating voltages
[2026-07-28 11:56:42] [INFO] [Controller] Measured 3-Axial Magnetic Vector [mT]: [ 0.04807142  1.20709831 -0.45695321]
[2026-07-28 11:56:43] [INFO] [Saver] Measurement files successfully saved to: C:/Users/Fabrizio/OneDrive - Politecnico di Milano/Tesi/Neuromorphic/N2/N2 code/test_measurements\ss\iter2\plus
[2026-07-28 11:56:43] [INFO] [Controller] Running measure sequence. Saving to: C:/Users/Fabrizio/OneDrive - Politecnico di Milano/Tesi/Neuromorphic/N2/N2 code/test_measurements\ss\iter2\minus
[2026-07-28 11:56:43] [INFO] [Controller] No magnetic field explicitly passed; maintaining current state (or controlled externally).
[2026-07-28 11:56:43] [INFO] [Controller] Updating voltages
[2026-07-28 11:56:43] [INFO] [Controller] Measured 3-Axial Magnetic Vector [mT]: [ 0.03421092  1.20501173 -0.45989975]
[2026-07-28 11:56:44] [INFO] [Saver] Measurement files successfully saved to: C:/Users/Fabrizio/OneDrive - Politecnico di Milano/Tesi/Neuromorphic/N2/N2 code/test_measurements\ss\iter2\minus
[2026-07-28 11:56:44] [INFO] [SPSA] iter 2 | f+: 0.0283 f-: 0.0308 | ak: 0.0224 ck: 0.0466 | grad norm: 0.0740
[2026-07-28 11:56:44] [INFO] [Training] iter 0002 | score: 0.030781 | optimizer: {'ak': 0.022404, 'ck': 0.046619, 'f_plus': 0.028341, 'f_minus': 0.030781, 'gradient_norm': 0.074034, 'best_score': 0.030781}
[2026-07-28 11:56:44] [INFO] [Controller] Running measure sequence. Saving to: C:/Users/Fabrizio/OneDrive - Politecnico di Milano/Tesi/Neuromorphic/N2/N2 code/test_measurements\ss\iter3\plus
[2026-07-28 11:56:44] [INFO] [Controller] No magnetic field explicitly passed; maintaining current state (or controlled externally).
[2026-07-28 11:56:44] [INFO] [Controller] Updating voltages
[2026-07-28 11:56:44] [INFO] [Controller] Measured 3-Axial Magnetic Vector [mT]: [ 0.03236847  1.24032438 -0.46365765]
[2026-07-28 11:56:45] [INFO] [Saver] Measurement files successfully saved to: C:/Users/Fabrizio/OneDrive - Politecnico di Milano/Tesi/Neuromorphic/N2/N2 code/test_measurements\ss\iter3\plus
[2026-07-28 11:56:45] [INFO] [Controller] Running measure sequence. Saving to: C:/Users/Fabrizio/OneDrive - Politecnico di Milano/Tesi/Neuromorphic/N2/N2 code/test_measurements\ss\iter3\minus
[2026-07-28 11:56:45] [INFO] [Controller] No magnetic field explicitly passed; maintaining current state (or controlled externally).
[2026-07-28 11:56:45] [INFO] [Controller] Updating voltages
[2026-07-28 11:56:45] [INFO] [Controller] Measured 3-Axial Magnetic Vector [mT]: [ 0.03648839  1.24398199 -0.45997791]
[2026-07-28 11:56:46] [INFO] [Saver] Measurement files successfully saved to: C:/Users/Fabrizio/OneDrive - Politecnico di Milano/Tesi/Neuromorphic/N2/N2 code/test_measurements\ss\iter3\minus
[2026-07-28 11:56:46] [INFO] [SPSA] iter 3 | f+: 0.0281 f-: 0.0252 | ak: 0.0214 ck: 0.0447 | grad norm: 0.0886
[2026-07-28 11:56:46] [INFO] [Training] iter 0003 | score: 0.028054 | optimizer: {'ak': 0.02135, 'ck': 0.044749, 'f_plus': 0.028054, 'f_minus': 0.025249, 'gradient_norm': 0.088646, 'best_score': 0.030781}
[2026-07-28 11:56:46] [INFO] [Controller] Running measure sequence. Saving to: C:/Users/Fabrizio/OneDrive - Politecnico di Milano/Tesi/Neuromorphic/N2/N2 code/test_measurements\ss\iter4\plus
[2026-07-28 11:56:46] [INFO] [Controller] No magnetic field explicitly passed; maintaining current state (or controlled externally).
[2026-07-28 11:56:46] [INFO] [Controller] Updating voltages
[2026-07-28 11:56:46] [INFO] [Controller] Measured 3-Axial Magnetic Vector [mT]: [ 0.01765004  1.26095569 -0.44202402]
[2026-07-28 11:56:47] [INFO] [Saver] Measurement files successfully saved to: C:/Users/Fabrizio/OneDrive - Politecnico di Milano/Tesi/Neuromorphic/N2/N2 code/test_measurements\ss\iter4\plus
[2026-07-28 11:56:47] [INFO] [Controller] Running measure sequence. Saving to: C:/Users/Fabrizio/OneDrive - Politecnico di Milano/Tesi/Neuromorphic/N2/N2 code/test_measurements\ss\iter4\minus
[2026-07-28 11:56:47] [INFO] [Controller] No magnetic field explicitly passed; maintaining current state (or controlled externally).
[2026-07-28 11:56:47] [INFO] [Controller] Updating voltages
[2026-07-28 11:56:47] [INFO] [Controller] Measured 3-Axial Magnetic Vector [mT]: [ 0.01638599  1.2651705  -0.46758179]
[2026-07-28 11:56:50] [INFO] [Saver] Measurement files successfully saved to: C:/Users/Fabrizio/OneDrive - Politecnico di Milano/Tesi/Neuromorphic/N2/N2 code/test_measurements\ss\iter4\minus
[2026-07-28 11:56:50] [INFO] [SPSA] iter 4 | f+: 0.0224 f-: 0.0239 | ak: 0.0204 ck: 0.0435 | grad norm: 0.0487
[2026-07-28 11:56:50] [INFO] [Training] iter 0004 | score: 0.023901 | optimizer: {'ak': 0.020419, 'ck': 0.043467, 'f_plus': 0.022405, 'f_minus': 0.023901, 'gradient_norm': 0.048682, 'best_score': 0.030781}
[2026-07-28 11:56:50] [INFO] [Controller] Running measure sequence. Saving to: C:/Users/Fabrizio/OneDrive - Politecnico di Milano/Tesi/Neuromorphic/N2/N2 code/test_measurements\ss\iter5\plus
[2026-07-28 11:56:50] [INFO] [Controller] No magnetic field explicitly passed; maintaining current state (or controlled externally).
[2026-07-28 11:56:50] [INFO] [Controller] Updating voltages
[2026-07-28 11:56:50] [INFO] [Controller] Measured 3-Axial Magnetic Vector [mT]: [ 0.01717571  1.25262167 -0.45972025]
[2026-07-28 11:56:51] [INFO] [Saver] Measurement files successfully saved to: C:/Users/Fabrizio/OneDrive - Politecnico di Milano/Tesi/Neuromorphic/N2/N2 code/test_measurements\ss\iter5\plus
[2026-07-28 11:56:51] [INFO] [Controller] Running measure sequence. Saving to: C:/Users/Fabrizio/OneDrive - Politecnico di Milano/Tesi/Neuromorphic/N2/N2 code/test_measurements\ss\iter5\minus
[2026-07-28 11:56:51] [INFO] [Controller] No magnetic field explicitly passed; maintaining current state (or controlled externally).
[2026-07-28 11:56:51] [INFO] [Controller] Updating voltages
[2026-07-28 11:56:51] [INFO] [Controller] Measured 3-Axial Magnetic Vector [mT]: [ 0.01598347  1.22900311 -0.45008852]
[2026-07-28 11:56:52] [INFO] [Saver] Measurement files successfully saved to: C:/Users/Fabrizio/OneDrive - Politecnico di Milano/Tesi/Neuromorphic/N2/N2 code/test_measurements\ss\iter5\minus
[2026-07-28 11:56:52] [INFO] [SPSA] iter 5 | f+: 0.0220 f-: 0.0274 | ak: 0.0196 ck: 0.0425 | grad norm: 0.1797
[2026-07-28 11:56:52] [INFO] [Training] iter 0005 | score: 0.027366 | optimizer: {'ak': 0.019588, 'ck': 0.042499, 'f_plus': 0.021964, 'f_minus': 0.027366, 'gradient_norm': 0.179729, 'best_score': 0.030781}
[2026-07-28 11:56:52] [INFO] [Controller] Running measure sequence. Saving to: C:/Users/Fabrizio/OneDrive - Politecnico di Milano/Tesi/Neuromorphic/N2/N2 code/test_measurements\ss\iter6\plus
[2026-07-28 11:56:52] [INFO] [Controller] No magnetic field explicitly passed; maintaining current state (or controlled externally).
[2026-07-28 11:56:52] [INFO] [Controller] Updating voltages
[2026-07-28 11:56:52] [INFO] [Controller] Measured 3-Axial Magnetic Vector [mT]: [-0.04390361  1.27196542 -0.46048083]
[2026-07-28 11:56:53] [INFO] [Saver] Measurement files successfully saved to: C:/Users/Fabrizio/OneDrive - Politecnico di Milano/Tesi/Neuromorphic/N2/N2 code/test_measurements\ss\iter6\plus
[2026-07-28 11:56:53] [INFO] [Controller] Running measure sequence. Saving to: C:/Users/Fabrizio/OneDrive - Politecnico di Milano/Tesi/Neuromorphic/N2/N2 code/test_measurements\ss\iter6\minus
[2026-07-28 11:56:54] [INFO] [Controller] No magnetic field explicitly passed; maintaining current state (or controlled externally).
[2026-07-28 11:56:54] [INFO] [Controller] Updating voltages
[2026-07-28 11:56:54] [INFO] [Controller] Measured 3-Axial Magnetic Vector [mT]: [-0.02711357  1.27849136 -0.44499572]
[2026-07-28 11:56:55] [INFO] [Saver] Measurement files successfully saved to: C:/Users/Fabrizio/OneDrive - Politecnico di Milano/Tesi/Neuromorphic/N2/N2 code/test_measurements\ss\iter6\minus
[2026-07-28 11:56:55] [INFO] [SPSA] iter 6 | f+: 0.0283 f-: 0.0233 | ak: 0.0188 ck: 0.0417 | grad norm: 0.1686
[2026-07-28 11:56:55] [INFO] [Training] iter 0006 | score: 0.028251 | optimizer: {'ak': 0.018842, 'ck': 0.041723, 'f_plus': 0.028251, 'f_minus': 0.023278, 'gradient_norm': 0.168564, 'best_score': 0.030781}
[2026-07-28 11:56:55] [INFO] [Controller] Running measure sequence. Saving to: C:/Users/Fabrizio/OneDrive - Politecnico di Milano/Tesi/Neuromorphic/N2/N2 code/test_measurements\ss\iter7\plus
[2026-07-28 11:56:55] [INFO] [Controller] No magnetic field explicitly passed; maintaining current state (or controlled externally).
[2026-07-28 11:56:55] [INFO] [Controller] Updating voltages
[2026-07-28 11:56:55] [INFO] [Controller] Measured 3-Axial Magnetic Vector [mT]: [ 0.01569659  1.28901227 -0.44786532]
[2026-07-28 11:56:56] [INFO] [Saver] Measurement files successfully saved to: C:/Users/Fabrizio/OneDrive - Politecnico di Milano/Tesi/Neuromorphic/N2/N2 code/test_measurements\ss\iter7\plus
[2026-07-28 11:56:56] [INFO] [Controller] Running measure sequence. Saving to: C:/Users/Fabrizio/OneDrive - Politecnico di Milano/Tesi/Neuromorphic/N2/N2 code/test_measurements\ss\iter7\minus
[2026-07-28 11:56:56] [INFO] [Controller] No magnetic field explicitly passed; maintaining current state (or controlled externally).
[2026-07-28 11:56:56] [INFO] [Controller] Updating voltages
[2026-07-28 11:56:56] [INFO] [Controller] Measured 3-Axial Magnetic Vector [mT]: [-0.02918965  1.27649243 -0.45950311]
[2026-07-28 11:56:57] [INFO] [Saver] Measurement files successfully saved to: C:/Users/Fabrizio/OneDrive - Politecnico di Milano/Tesi/Neuromorphic/N2/N2 code/test_measurements\ss\iter7\minus
[2026-07-28 11:56:57] [INFO] [SPSA] iter 7 | f+: 0.0291 f-: 0.0312 | ak: 0.0182 ck: 0.0411 | grad norm: 0.0730
[2026-07-28 11:56:57] [INFO] [Training] iter 0007 | score: 0.031211 | optimizer: {'ak': 0.018166, 'ck': 0.041079, 'f_plus': 0.029092, 'f_minus': 0.031211, 'gradient_norm': 0.072965, 'best_score': 0.031211}
[2026-07-28 11:56:57] [INFO] [Controller] Running measure sequence. Saving to: C:/Users/Fabrizio/OneDrive - Politecnico di Milano/Tesi/Neuromorphic/N2/N2 code/test_measurements\ss\iter8\plus
[2026-07-28 11:56:57] [INFO] [Controller] No magnetic field explicitly passed; maintaining current state (or controlled externally).
[2026-07-28 11:56:57] [INFO] [Controller] Updating voltages
[2026-07-28 11:56:57] [INFO] [Controller] Measured 3-Axial Magnetic Vector [mT]: [-0.0290022   1.25306698 -0.46230705]
[2026-07-28 11:56:58] [INFO] [Saver] Measurement files successfully saved to: C:/Users/Fabrizio/OneDrive - Politecnico di Milano/Tesi/Neuromorphic/N2/N2 code/test_measurements\ss\iter8\plus
[2026-07-28 11:56:58] [INFO] [Controller] Running measure sequence. Saving to: C:/Users/Fabrizio/OneDrive - Politecnico di Milano/Tesi/Neuromorphic/N2/N2 code/test_measurements\ss\iter8\minus
[2026-07-28 11:56:58] [INFO] [Controller] No magnetic field explicitly passed; maintaining current state (or controlled externally).
[2026-07-28 11:56:58] [INFO] [Controller] Updating voltages
[2026-07-28 11:56:58] [INFO] [Controller] Measured 3-Axial Magnetic Vector [mT]: [-0.04165314  1.23435564 -0.46784547]
[2026-07-28 11:56:59] [INFO] [Saver] Measurement files successfully saved to: C:/Users/Fabrizio/OneDrive - Politecnico di Milano/Tesi/Neuromorphic/N2/N2 code/test_measurements\ss\iter8\minus
[2026-07-28 11:56:59] [INFO] [SPSA] iter 8 | f+: 0.0211 f-: 0.0229 | ak: 0.0176 ck: 0.0405 | grad norm: 0.0625
[2026-07-28 11:56:59] [INFO] [Training] iter 0008 | score: 0.022860 | optimizer: {'ak': 0.017552, 'ck': 0.040528, 'f_plus': 0.021069, 'f_minus': 0.02286, 'gradient_norm': 0.062506, 'best_score': 0.031211}
[2026-07-28 11:56:59] [INFO] [Controller] Running measure sequence. Saving to: C:/Users/Fabrizio/OneDrive - Politecnico di Milano/Tesi/Neuromorphic/N2/N2 code/test_measurements\ss\iter9\plus
[2026-07-28 11:56:59] [INFO] [Controller] No magnetic field explicitly passed; maintaining current state (or controlled externally).
[2026-07-28 11:56:59] [INFO] [Controller] Updating voltages
[2026-07-28 11:56:59] [INFO] [Controller] Measured 3-Axial Magnetic Vector [mT]: [ 0.00582473  1.23395615 -0.44000527]
[2026-07-28 11:57:00] [INFO] [Saver] Measurement files successfully saved to: C:/Users/Fabrizio/OneDrive - Politecnico di Milano/Tesi/Neuromorphic/N2/N2 code/test_measurements\ss\iter9\plus
[2026-07-28 11:57:00] [INFO] [Controller] Running measure sequence. Saving to: C:/Users/Fabrizio/OneDrive - Politecnico di Milano/Tesi/Neuromorphic/N2/N2 code/test_measurements\ss\iter9\minus
[2026-07-28 11:57:00] [INFO] [Controller] No magnetic field explicitly passed; maintaining current state (or controlled externally).
[2026-07-28 11:57:00] [INFO] [Controller] Updating voltages
[2026-07-28 11:57:00] [INFO] [Controller] Measured 3-Axial Magnetic Vector [mT]: [ 0.04551015  1.20214539 -0.45235076]
[2026-07-28 11:57:01] [INFO] [Saver] Measurement files successfully saved to: C:/Users/Fabrizio/OneDrive - Politecnico di Milano/Tesi/Neuromorphic/N2/N2 code/test_measurements\ss\iter9\minus
[2026-07-28 11:57:01] [INFO] [SPSA] iter 9 | f+: 0.0266 f-: 0.0207 | ak: 0.0170 ck: 0.0400 | grad norm: 0.2080
[2026-07-28 11:57:01] [INFO] [Training] iter 0009 | score: 0.026580 | optimizer: {'ak': 0.01699, 'ck': 0.040049, 'f_plus': 0.02658, 'f_minus': 0.020688, 'gradient_norm': 0.208047, 'best_score': 0.031211}
[2026-07-28 11:57:01] [INFO] [Controller] Running measure sequence. Saving to: C:/Users/Fabrizio/OneDrive - Politecnico di Milano/Tesi/Neuromorphic/N2/N2 code/test_measurements\ss\iter10\plus
[2026-07-28 11:57:01] [INFO] [Controller] No magnetic field explicitly passed; maintaining current state (or controlled externally).
[2026-07-28 11:57:01] [INFO] [Controller] Updating voltages
[2026-07-28 11:57:01] [INFO] [Controller] Measured 3-Axial Magnetic Vector [mT]: [-6.58791371e-04  1.28659250e+00 -4.49183637e-01]
[2026-07-28 11:57:02] [INFO] [Saver] Measurement files successfully saved to: C:/Users/Fabrizio/OneDrive - Politecnico di Milano/Tesi/Neuromorphic/N2/N2 code/test_measurements\ss\iter10\plus
[2026-07-28 11:57:02] [INFO] [Controller] Running measure sequence. Saving to: C:/Users/Fabrizio/OneDrive - Politecnico di Milano/Tesi/Neuromorphic/N2/N2 code/test_measurements\ss\iter10\minus
[2026-07-28 11:57:02] [INFO] [Controller] No magnetic field explicitly passed; maintaining current state (or controlled externally).
[2026-07-28 11:57:02] [INFO] [Controller] Updating voltages
[2026-07-28 11:57:02] [INFO] [Controller] Measured 3-Axial Magnetic Vector [mT]: [-0.03241975  1.23463649 -0.46439581]
[2026-07-28 11:57:03] [INFO] [Saver] Measurement files successfully saved to: C:/Users/Fabrizio/OneDrive - Politecnico di Milano/Tesi/Neuromorphic/N2/N2 code/test_measurements\ss\iter10\minus
[2026-07-28 11:57:03] [INFO] [SPSA] iter 10 | f+: 0.0229 f-: 0.0240 | ak: 0.0165 ck: 0.0396 | grad norm: 0.0395
[2026-07-28 11:57:03] [INFO] [Training] iter 0010 | score: 0.024036 | optimizer: {'ak': 0.016473, 'ck': 0.039625, 'f_plus': 0.02293, 'f_minus': 0.024036, 'gradient_norm': 0.039464, 'best_score': 0.031211}
[2026-07-28 11:57:03] [INFO] [Controller] Running measure sequence. Saving to: C:/Users/Fabrizio/OneDrive - Politecnico di Milano/Tesi/Neuromorphic/N2/N2 code/test_measurements\ss\iter11\plus
[2026-07-28 11:57:03] [INFO] [Controller] No magnetic field explicitly passed; maintaining current state (or controlled externally).
[2026-07-28 11:57:03] [INFO] [Controller] Updating voltages
[2026-07-28 11:57:03] [INFO] [Controller] Measured 3-Axial Magnetic Vector [mT]: [-0.0429645   1.27526152 -0.44504933]
[2026-07-28 11:57:04] [INFO] [Saver] Measurement files successfully saved to: C:/Users/Fabrizio/OneDrive - Politecnico di Milano/Tesi/Neuromorphic/N2/N2 code/test_measurements\ss\iter11\plus
[2026-07-28 11:57:04] [INFO] [Controller] Running measure sequence. Saving to: C:/Users/Fabrizio/OneDrive - Politecnico di Milano/Tesi/Neuromorphic/N2/N2 code/test_measurements\ss\iter11\minus
[2026-07-28 11:57:04] [INFO] [Controller] No magnetic field explicitly passed; maintaining current state (or controlled externally).
[2026-07-28 11:57:04] [INFO] [Controller] Updating voltages
[2026-07-28 11:57:04] [INFO] [Controller] Measured 3-Axial Magnetic Vector [mT]: [-0.04737035  1.20894758 -0.45008221]
[2026-07-28 11:57:05] [INFO] [Saver] Measurement files successfully saved to: C:/Users/Fabrizio/OneDrive - Politecnico di Milano/Tesi/Neuromorphic/N2/N2 code/test_measurements\ss\iter11\minus
[2026-07-28 11:57:05] [INFO] [SPSA] iter 11 | f+: 0.0312 f-: 0.0250 | ak: 0.0160 ck: 0.0392 | grad norm: 0.2241
[2026-07-28 11:57:05] [INFO] [Training] iter 0011 | score: 0.031203 | optimizer: {'ak': 0.015996, 'ck': 0.039245, 'f_plus': 0.031203, 'f_minus': 0.024984, 'gradient_norm': 0.224104, 'best_score': 0.031211}
[2026-07-28 11:57:05] [INFO] [Controller] Running measure sequence. Saving to: C:/Users/Fabrizio/OneDrive - Politecnico di Milano/Tesi/Neuromorphic/N2/N2 code/test_measurements\ss\iter12\plus
[2026-07-28 11:57:05] [INFO] [Controller] No magnetic field explicitly passed; maintaining current state (or controlled externally).
[2026-07-28 11:57:05] [INFO] [Controller] Updating voltages
[2026-07-28 11:57:05] [INFO] [Controller] Measured 3-Axial Magnetic Vector [mT]: [-0.03944388  1.28657627 -0.46441561]
[2026-07-28 11:57:06] [INFO] [Saver] Measurement files successfully saved to: C:/Users/Fabrizio/OneDrive - Politecnico di Milano/Tesi/Neuromorphic/N2/N2 code/test_measurements\ss\iter12\plus
[2026-07-28 11:57:06] [INFO] [Controller] Running measure sequence. Saving to: C:/Users/Fabrizio/OneDrive - Politecnico di Milano/Tesi/Neuromorphic/N2/N2 code/test_measurements\ss\iter12\minus
[2026-07-28 11:57:06] [INFO] [Controller] No magnetic field explicitly passed; maintaining current state (or controlled externally).
[2026-07-28 11:57:06] [INFO] [Controller] Updating voltages
[2026-07-28 11:57:06] [INFO] [Controller] Measured 3-Axial Magnetic Vector [mT]: [ 0.01446284  1.25467866 -0.44673607]
[2026-07-28 11:57:07] [INFO] [Saver] Measurement files successfully saved to: C:/Users/Fabrizio/OneDrive - Politecnico di Milano/Tesi/Neuromorphic/N2/N2 code/test_measurements\ss\iter12\minus
[2026-07-28 11:57:07] [INFO] [SPSA] iter 12 | f+: 0.0270 f-: 0.0264 | ak: 0.0156 ck: 0.0389 | grad norm: 0.0194
[2026-07-28 11:57:07] [INFO] [Training] iter 0012 | score: 0.026953 | optimizer: {'ak': 0.015555, 'ck': 0.038902, 'f_plus': 0.026953, 'f_minus': 0.026418, 'gradient_norm': 0.019433, 'best_score': 0.031211}
[2026-07-28 11:57:07] [INFO] [Controller] Running measure sequence. Saving to: C:/Users/Fabrizio/OneDrive - Politecnico di Milano/Tesi/Neuromorphic/N2/N2 code/test_measurements\ss\iter13\plus
[2026-07-28 11:57:07] [INFO] [Controller] No magnetic field explicitly passed; maintaining current state (or controlled externally).
[2026-07-28 11:57:07] [INFO] [Controller] Updating voltages
[2026-07-28 11:57:07] [INFO] [Controller] Measured 3-Axial Magnetic Vector [mT]: [ 0.02556705  1.25287955 -0.43718994]
[2026-07-28 11:57:08] [INFO] [Saver] Measurement files successfully saved to: C:/Users/Fabrizio/OneDrive - Politecnico di Milano/Tesi/Neuromorphic/N2/N2 code/test_measurements\ss\iter13\plus
[2026-07-28 11:57:08] [INFO] [Controller] Running measure sequence. Saving to: C:/Users/Fabrizio/OneDrive - Politecnico di Milano/Tesi/Neuromorphic/N2/N2 code/test_measurements\ss\iter13\minus
[2026-07-28 11:57:08] [INFO] [Controller] No magnetic field explicitly passed; maintaining current state (or controlled externally).
[2026-07-28 11:57:08] [INFO] [Controller] Updating voltages
[2026-07-28 11:57:08] [INFO] [Controller] Measured 3-Axial Magnetic Vector [mT]: [-0.03082014  1.19793016 -0.4509438 ]
[2026-07-28 11:57:09] [INFO] [Saver] Measurement files successfully saved to: C:/Users/Fabrizio/OneDrive - Politecnico di Milano/Tesi/Neuromorphic/N2/N2 code/test_measurements\ss\iter13\minus
[2026-07-28 11:57:09] [INFO] [SPSA] iter 13 | f+: 0.0279 f-: 0.0253 | ak: 0.0151 ck: 0.0386 | grad norm: 0.0941
[2026-07-28 11:57:09] [INFO] [Training] iter 0013 | score: 0.027869 | optimizer: {'ak': 0.015144, 'ck': 0.038589, 'f_plus': 0.027869, 'f_minus': 0.025302, 'gradient_norm': 0.094072, 'best_score': 0.031211}
[2026-07-28 11:57:09] [INFO] [Controller] Running measure sequence. Saving to: C:/Users/Fabrizio/OneDrive - Politecnico di Milano/Tesi/Neuromorphic/N2/N2 code/test_measurements\ss\iter14\plus
[2026-07-28 11:57:09] [INFO] [Controller] No magnetic field explicitly passed; maintaining current state (or controlled externally).
[2026-07-28 11:57:09] [INFO] [Controller] Updating voltages
[2026-07-28 11:57:09] [INFO] [Controller] Measured 3-Axial Magnetic Vector [mT]: [ 0.0437494   1.20160891 -0.44865677]
[2026-07-28 11:57:10] [INFO] [Saver] Measurement files successfully saved to: C:/Users/Fabrizio/OneDrive - Politecnico di Milano/Tesi/Neuromorphic/N2/N2 code/test_measurements\ss\iter14\plus
[2026-07-28 11:57:10] [INFO] [Controller] Running measure sequence. Saving to: C:/Users/Fabrizio/OneDrive - Politecnico di Milano/Tesi/Neuromorphic/N2/N2 code/test_measurements\ss\iter14\minus
[2026-07-28 11:57:10] [INFO] [Controller] No magnetic field explicitly passed; maintaining current state (or controlled externally).
[2026-07-28 11:57:10] [INFO] [Controller] Updating voltages
[2026-07-28 11:57:10] [INFO] [Controller] Measured 3-Axial Magnetic Vector [mT]: [-0.0357943   1.21338192 -0.46921044]
[2026-07-28 11:57:11] [INFO] [Saver] Measurement files successfully saved to: C:/Users/Fabrizio/OneDrive - Politecnico di Milano/Tesi/Neuromorphic/N2/N2 code/test_measurements\ss\iter14\minus
[2026-07-28 11:57:11] [INFO] [SPSA] iter 14 | f+: 0.0266 f-: 0.0267 | ak: 0.0148 ck: 0.0383 | grad norm: 0.0033
[2026-07-28 11:57:11] [INFO] [Training] iter 0014 | score: 0.026711 | optimizer: {'ak': 0.014761, 'ck': 0.038301, 'f_plus': 0.026621, 'f_minus': 0.026711, 'gradient_norm': 0.003316, 'best_score': 0.031211}
[2026-07-28 11:57:11] [INFO] [Controller] Running measure sequence. Saving to: C:/Users/Fabrizio/OneDrive - Politecnico di Milano/Tesi/Neuromorphic/N2/N2 code/test_measurements\ss\iter15\plus
[2026-07-28 11:57:11] [INFO] [Controller] No magnetic field explicitly passed; maintaining current state (or controlled externally).
[2026-07-28 11:57:11] [INFO] [Controller] Updating voltages
[2026-07-28 11:57:11] [INFO] [Controller] Measured 3-Axial Magnetic Vector [mT]: [-0.02121324  1.2560979  -0.46378411]
[2026-07-28 11:57:12] [INFO] [Saver] Measurement files successfully saved to: C:/Users/Fabrizio/OneDrive - Politecnico di Milano/Tesi/Neuromorphic/N2/N2 code/test_measurements\ss\iter15\plus
[2026-07-28 11:57:12] [INFO] [Controller] Running measure sequence. Saving to: C:/Users/Fabrizio/OneDrive - Politecnico di Milano/Tesi/Neuromorphic/N2/N2 code/test_measurements\ss\iter15\minus
[2026-07-28 11:57:12] [INFO] [Controller] No magnetic field explicitly passed; maintaining current state (or controlled externally).
[2026-07-28 11:57:12] [INFO] [Controller] Updating voltages
[2026-07-28 11:57:12] [INFO] [Controller] Measured 3-Axial Magnetic Vector [mT]: [ 0.02060564  1.28082142 -0.44818968]
[2026-07-28 11:57:13] [INFO] [Saver] Measurement files successfully saved to: C:/Users/Fabrizio/OneDrive - Politecnico di Milano/Tesi/Neuromorphic/N2/N2 code/test_measurements\ss\iter15\minus
[2026-07-28 11:57:13] [INFO] [SPSA] iter 15 | f+: 0.0254 f-: 0.0272 | ak: 0.0144 ck: 0.0380 | grad norm: 0.0641
[2026-07-28 11:57:13] [INFO] [Training] iter 0015 | score: 0.027158 | optimizer: {'ak': 0.014403, 'ck': 0.038035, 'f_plus': 0.025435, 'f_minus': 0.027158, 'gradient_norm': 0.064066, 'best_score': 0.031211}
[2026-07-28 11:57:13] [INFO] [Controller] Running measure sequence. Saving to: C:/Users/Fabrizio/OneDrive - Politecnico di Milano/Tesi/Neuromorphic/N2/N2 code/test_measurements\ss\iter16\plus
[2026-07-28 11:57:13] [INFO] [Controller] No magnetic field explicitly passed; maintaining current state (or controlled externally).
[2026-07-28 11:57:13] [INFO] [Controller] Updating voltages
[2026-07-28 11:57:13] [INFO] [Controller] Measured 3-Axial Magnetic Vector [mT]: [ 0.0103008   1.23188563 -0.45835025]
[2026-07-28 11:57:14] [INFO] [Saver] Measurement files successfully saved to: C:/Users/Fabrizio/OneDrive - Politecnico di Milano/Tesi/Neuromorphic/N2/N2 code/test_measurements\ss\iter16\plus
[2026-07-28 11:57:14] [INFO] [Controller] Running measure sequence. Saving to: C:/Users/Fabrizio/OneDrive - Politecnico di Milano/Tesi/Neuromorphic/N2/N2 code/test_measurements\ss\iter16\minus
[2026-07-28 11:57:14] [INFO] [Controller] No magnetic field explicitly passed; maintaining current state (or controlled externally).
[2026-07-28 11:57:14] [INFO] [Controller] Updating voltages
[2026-07-28 11:57:14] [INFO] [Controller] Measured 3-Axial Magnetic Vector [mT]: [ 0.04640308  1.26828251 -0.45810056]
[2026-07-28 11:57:15] [INFO] [Saver] Measurement files successfully saved to: C:/Users/Fabrizio/OneDrive - Politecnico di Milano/Tesi/Neuromorphic/N2/N2 code/test_measurements\ss\iter16\minus
[2026-07-28 11:57:15] [INFO] [SPSA] iter 16 | f+: 0.0305 f-: 0.0249 | ak: 0.0141 ck: 0.0378 | grad norm: 0.2114
[2026-07-28 11:57:15] [INFO] [Training] iter 0016 | score: 0.030530 | optimizer: {'ak': 0.014066, 'ck': 0.037788, 'f_plus': 0.03053, 'f_minus': 0.02488, 'gradient_norm': 0.211447, 'best_score': 0.031211}
[2026-07-28 11:57:15] [INFO] [Controller] Running measure sequence. Saving to: C:/Users/Fabrizio/OneDrive - Politecnico di Milano/Tesi/Neuromorphic/N2/N2 code/test_measurements\ss\iter17\plus
[2026-07-28 11:57:15] [INFO] [Controller] No magnetic field explicitly passed; maintaining current state (or controlled externally).
[2026-07-28 11:57:15] [INFO] [Controller] Updating voltages
[2026-07-28 11:57:15] [INFO] [Controller] Measured 3-Axial Magnetic Vector [mT]: [ 8.51916184e-04  1.28818760e+00 -4.34937577e-01]
[2026-07-28 11:57:16] [INFO] [Saver] Measurement files successfully saved to: C:/Users/Fabrizio/OneDrive - Politecnico di Milano/Tesi/Neuromorphic/N2/N2 code/test_measurements\ss\iter17\plus
[2026-07-28 11:57:16] [INFO] [Controller] Running measure sequence. Saving to: C:/Users/Fabrizio/OneDrive - Politecnico di Milano/Tesi/Neuromorphic/N2/N2 code/test_measurements\ss\iter17\minus
[2026-07-28 11:57:16] [INFO] [Controller] No magnetic field explicitly passed; maintaining current state (or controlled externally).
[2026-07-28 11:57:16] [INFO] [Controller] Updating voltages
[2026-07-28 11:57:16] [INFO] [Controller] Measured 3-Axial Magnetic Vector [mT]: [ 0.03715113  1.21449388 -0.44964775]
[2026-07-28 11:57:17] [INFO] [Saver] Measurement files successfully saved to: C:/Users/Fabrizio/OneDrive - Politecnico di Milano/Tesi/Neuromorphic/N2/N2 code/test_measurements\ss\iter17\minus
[2026-07-28 11:57:17] [INFO] [SPSA] iter 17 | f+: 0.0267 f-: 0.0273 | ak: 0.0138 ck: 0.0376 | grad norm: 0.0244
[2026-07-28 11:57:17] [INFO] [Training] iter 0017 | score: 0.027325 | optimizer: {'ak': 0.013751, 'ck': 0.037557, 'f_plus': 0.026678, 'f_minus': 0.027325, 'gradient_norm': 0.024365, 'best_score': 0.031211}
[2026-07-28 11:57:17] [INFO] [Controller] Running measure sequence. Saving to: C:/Users/Fabrizio/OneDrive - Politecnico di Milano/Tesi/Neuromorphic/N2/N2 code/test_measurements\ss\iter18\plus
[2026-07-28 11:57:17] [INFO] [Controller] No magnetic field explicitly passed; maintaining current state (or controlled externally).
[2026-07-28 11:57:17] [INFO] [Controller] Updating voltages
[2026-07-28 11:57:17] [INFO] [Controller] Measured 3-Axial Magnetic Vector [mT]: [ 6.28751496e-04  1.20376661e+00 -4.53265617e-01]
[2026-07-28 11:57:18] [INFO] [Saver] Measurement files successfully saved to: C:/Users/Fabrizio/OneDrive - Politecnico di Milano/Tesi/Neuromorphic/N2/N2 code/test_measurements\ss\iter18\plus
[2026-07-28 11:57:18] [INFO] [Controller] Running measure sequence. Saving to: C:/Users/Fabrizio/OneDrive - Politecnico di Milano/Tesi/Neuromorphic/N2/N2 code/test_measurements\ss\iter18\minus
[2026-07-28 11:57:18] [INFO] [Controller] No magnetic field explicitly passed; maintaining current state (or controlled externally).
[2026-07-28 11:57:18] [INFO] [Controller] Updating voltages
[2026-07-28 11:57:18] [INFO] [Controller] Measured 3-Axial Magnetic Vector [mT]: [ 3.35701725e-04  1.22624192e+00 -4.53815426e-01]
[2026-07-28 11:57:19] [INFO] [Saver] Measurement files successfully saved to: C:/Users/Fabrizio/OneDrive - Politecnico di Milano/Tesi/Neuromorphic/N2/N2 code/test_measurements\ss\iter18\minus
[2026-07-28 11:57:19] [INFO] [SPSA] iter 18 | f+: 0.0260 f-: 0.0269 | ak: 0.0135 ck: 0.0373 | grad norm: 0.0351
[2026-07-28 11:57:19] [INFO] [Training] iter 0018 | score: 0.026924 | optimizer: {'ak': 0.013453, 'ck': 0.037341, 'f_plus': 0.025997, 'f_minus': 0.026924, 'gradient_norm': 0.03514, 'best_score': 0.031211}
[2026-07-28 11:57:19] [INFO] [Controller] Running measure sequence. Saving to: C:/Users/Fabrizio/OneDrive - Politecnico di Milano/Tesi/Neuromorphic/N2/N2 code/test_measurements\ss\iter19\plus
[2026-07-28 11:57:19] [INFO] [Controller] No magnetic field explicitly passed; maintaining current state (or controlled externally).
[2026-07-28 11:57:19] [INFO] [Controller] Updating voltages
[2026-07-28 11:57:19] [INFO] [Controller] Measured 3-Axial Magnetic Vector [mT]: [ 0.01303898  1.2172604  -0.44029215]
[2026-07-28 11:57:20] [INFO] [Saver] Measurement files successfully saved to: C:/Users/Fabrizio/OneDrive - Politecnico di Milano/Tesi/Neuromorphic/N2/N2 code/test_measurements\ss\iter19\plus
[2026-07-28 11:57:20] [INFO] [Controller] Running measure sequence. Saving to: C:/Users/Fabrizio/OneDrive - Politecnico di Milano/Tesi/Neuromorphic/N2/N2 code/test_measurements\ss\iter19\minus
[2026-07-28 11:57:20] [INFO] [Controller] No magnetic field explicitly passed; maintaining current state (or controlled externally).
[2026-07-28 11:57:20] [INFO] [Controller] Updating voltages
[2026-07-28 11:57:20] [INFO] [Controller] Measured 3-Axial Magnetic Vector [mT]: [ 0.0254064   1.20199665 -0.46488676]
[2026-07-28 11:57:21] [INFO] [Saver] Measurement files successfully saved to: C:/Users/Fabrizio/OneDrive - Politecnico di Milano/Tesi/Neuromorphic/N2/N2 code/test_measurements\ss\iter19\minus
[2026-07-28 11:57:21] [INFO] [SPSA] iter 19 | f+: 0.0221 f-: 0.0266 | ak: 0.0132 ck: 0.0371 | grad norm: 0.1739
[2026-07-28 11:57:21] [INFO] [Training] iter 0019 | score: 0.026626 | optimizer: {'ak': 0.013172, 'ck': 0.037138, 'f_plus': 0.022059, 'f_minus': 0.026626, 'gradient_norm': 0.173901, 'best_score': 0.031211}
[2026-07-28 11:57:21] [INFO] [Controller] Running measure sequence. Saving to: C:/Users/Fabrizio/OneDrive - Politecnico di Milano/Tesi/Neuromorphic/N2/N2 code/test_measurements\ss\iter20\plus
[2026-07-28 11:57:21] [INFO] [Controller] No magnetic field explicitly passed; maintaining current state (or controlled externally).
[2026-07-28 11:57:21] [INFO] [Controller] Updating voltages
[2026-07-28 11:57:21] [INFO] [Controller] Measured 3-Axial Magnetic Vector [mT]: [ 0.03803964  1.20120278 -0.44901176]
[2026-07-28 11:57:22] [INFO] [Saver] Measurement files successfully saved to: C:/Users/Fabrizio/OneDrive - Politecnico di Milano/Tesi/Neuromorphic/N2/N2 code/test_measurements\ss\iter20\plus
[2026-07-28 11:57:22] [INFO] [Controller] Running measure sequence. Saving to: C:/Users/Fabrizio/OneDrive - Politecnico di Milano/Tesi/Neuromorphic/N2/N2 code/test_measurements\ss\iter20\minus
[2026-07-28 11:57:22] [INFO] [Controller] No magnetic field explicitly passed; maintaining current state (or controlled externally).
[2026-07-28 11:57:22] [INFO] [Controller] Updating voltages
[2026-07-28 11:57:22] [INFO] [Controller] Measured 3-Axial Magnetic Vector [mT]: [ 0.01688851  1.19775783 -0.4350647 ]
[2026-07-28 11:57:23] [INFO] [Saver] Measurement files successfully saved to: C:/Users/Fabrizio/OneDrive - Politecnico di Milano/Tesi/Neuromorphic/N2/N2 code/test_measurements\ss\iter20\minus
[2026-07-28 11:57:23] [INFO] [SPSA] iter 20 | f+: 0.0260 f-: 0.0332 | ak: 0.0129 ck: 0.0369 | grad norm: 0.2741
[2026-07-28 11:57:23] [INFO] [Training] iter 0020 | score: 0.033193 | optimizer: {'ak': 0.012905, 'ck': 0.036946, 'f_plus': 0.026033, 'f_minus': 0.033193, 'gradient_norm': 0.274076, 'best_score': 0.033193}
[2026-07-28 11:57:23] [INFO] [Controller] Running measure sequence. Saving to: C:/Users/Fabrizio/OneDrive - Politecnico di Milano/Tesi/Neuromorphic/N2/N2 code/test_measurements\ss\iter21\plus
[2026-07-28 11:57:23] [INFO] [Controller] No magnetic field explicitly passed; maintaining current state (or controlled externally).
[2026-07-28 11:57:23] [INFO] [Controller] Updating voltages
[2026-07-28 11:57:23] [INFO] [Controller] Measured 3-Axial Magnetic Vector [mT]: [-0.00880836  1.28456583 -0.46130811]
[2026-07-28 11:57:24] [INFO] [Saver] Measurement files successfully saved to: C:/Users/Fabrizio/OneDrive - Politecnico di Milano/Tesi/Neuromorphic/N2/N2 code/test_measurements\ss\iter21\plus
[2026-07-28 11:57:24] [INFO] [Controller] Running measure sequence. Saving to: C:/Users/Fabrizio/OneDrive - Politecnico di Milano/Tesi/Neuromorphic/N2/N2 code/test_measurements\ss\iter21\minus
[2026-07-28 11:57:24] [INFO] [Controller] No magnetic field explicitly passed; maintaining current state (or controlled externally).
[2026-07-28 11:57:24] [INFO] [Controller] Updating voltages
[2026-07-28 11:57:24] [INFO] [Controller] Measured 3-Axial Magnetic Vector [mT]: [ 0.00517385  1.25092514 -0.45117201]
[2026-07-28 11:57:25] [INFO] [Saver] Measurement files successfully saved to: C:/Users/Fabrizio/OneDrive - Politecnico di Milano/Tesi/Neuromorphic/N2/N2 code/test_measurements\ss\iter21\minus
[2026-07-28 11:57:25] [INFO] [SPSA] iter 21 | f+: 0.0268 f-: 0.0286 | ak: 0.0127 ck: 0.0368 | grad norm: 0.0661
[2026-07-28 11:57:25] [INFO] [Training] iter 0021 | score: 0.028567 | optimizer: {'ak': 0.012653, 'ck': 0.036764, 'f_plus': 0.026849, 'f_minus': 0.028567, 'gradient_norm': 0.066102, 'best_score': 0.033193}
[2026-07-28 11:57:25] [INFO] [Controller] Running measure sequence. Saving to: C:/Users/Fabrizio/OneDrive - Politecnico di Milano/Tesi/Neuromorphic/N2/N2 code/test_measurements\ss\iter22\plus
[2026-07-28 11:57:25] [INFO] [Controller] No magnetic field explicitly passed; maintaining current state (or controlled externally).
[2026-07-28 11:57:25] [INFO] [Controller] Updating voltages
[2026-07-28 11:57:25] [INFO] [Controller] Measured 3-Axial Magnetic Vector [mT]: [ 0.04304694  1.27360054 -0.46374597]
[2026-07-28 11:57:26] [INFO] [Saver] Measurement files successfully saved to: C:/Users/Fabrizio/OneDrive - Politecnico di Milano/Tesi/Neuromorphic/N2/N2 code/test_measurements\ss\iter22\plus
[2026-07-28 11:57:26] [INFO] [Controller] Running measure sequence. Saving to: C:/Users/Fabrizio/OneDrive - Politecnico di Milano/Tesi/Neuromorphic/N2/N2 code/test_measurements\ss\iter22\minus
[2026-07-28 11:57:26] [INFO] [Controller] No magnetic field explicitly passed; maintaining current state (or controlled externally).
[2026-07-28 11:57:26] [INFO] [Controller] Updating voltages
[2026-07-28 11:57:26] [INFO] [Controller] Measured 3-Axial Magnetic Vector [mT]: [-0.04359434  1.19740779 -0.46492926]
[2026-07-28 11:57:27] [INFO] [Saver] Measurement files successfully saved to: C:/Users/Fabrizio/OneDrive - Politecnico di Milano/Tesi/Neuromorphic/N2/N2 code/test_measurements\ss\iter22\minus
[2026-07-28 11:57:27] [INFO] [SPSA] iter 22 | f+: 0.0256 f-: 0.0303 | ak: 0.0124 ck: 0.0366 | grad norm: 0.1804
[2026-07-28 11:57:27] [INFO] [Training] iter 0022 | score: 0.030254 | optimizer: {'ak': 0.012414, 'ck': 0.036592, 'f_plus': 0.025586, 'f_minus': 0.030254, 'gradient_norm': 0.180395, 'best_score': 0.033193}
[2026-07-28 11:57:27] [INFO] [Controller] Running measure sequence. Saving to: C:/Users/Fabrizio/OneDrive - Politecnico di Milano/Tesi/Neuromorphic/N2/N2 code/test_measurements\ss\iter23\plus
[2026-07-28 11:57:27] [INFO] [Controller] No magnetic field explicitly passed; maintaining current state (or controlled externally).
[2026-07-28 11:57:27] [INFO] [Controller] Updating voltages
[2026-07-28 11:57:27] [INFO] [Controller] Measured 3-Axial Magnetic Vector [mT]: [ 0.00415986  1.19427974 -0.45091853]
[2026-07-28 11:57:28] [INFO] [Saver] Measurement files successfully saved to: C:/Users/Fabrizio/OneDrive - Politecnico di Milano/Tesi/Neuromorphic/N2/N2 code/test_measurements\ss\iter23\plus
[2026-07-28 11:57:28] [INFO] [Controller] Running measure sequence. Saving to: C:/Users/Fabrizio/OneDrive - Politecnico di Milano/Tesi/Neuromorphic/N2/N2 code/test_measurements\ss\iter23\minus
[2026-07-28 11:57:28] [INFO] [Controller] No magnetic field explicitly passed; maintaining current state (or controlled externally).
[2026-07-28 11:57:28] [INFO] [Controller] Updating voltages
[2026-07-28 11:57:28] [INFO] [Controller] Measured 3-Axial Magnetic Vector [mT]: [-0.04375914  1.2211191  -0.43087976]
[2026-07-28 11:57:29] [INFO] [Saver] Measurement files successfully saved to: C:/Users/Fabrizio/OneDrive - Politecnico di Milano/Tesi/Neuromorphic/N2/N2 code/test_measurements\ss\iter23\minus
[2026-07-28 11:57:29] [INFO] [SPSA] iter 23 | f+: 0.0248 f-: 0.0270 | ak: 0.0122 ck: 0.0364 | grad norm: 0.0878
[2026-07-28 11:57:29] [INFO] [Training] iter 0023 | score: 0.027033 | optimizer: {'ak': 0.012186, 'ck': 0.036428, 'f_plus': 0.024772, 'f_minus': 0.027033, 'gradient_norm': 0.087782, 'best_score': 0.033193}
[2026-07-28 11:57:29] [INFO] [Controller] Running measure sequence. Saving to: C:/Users/Fabrizio/OneDrive - Politecnico di Milano/Tesi/Neuromorphic/N2/N2 code/test_measurements\ss\iter24\plus
[2026-07-28 11:57:29] [INFO] [Controller] No magnetic field explicitly passed; maintaining current state (or controlled externally).
[2026-07-28 11:57:29] [INFO] [Controller] Updating voltages
[2026-07-28 11:57:29] [INFO] [Controller] Measured 3-Axial Magnetic Vector [mT]: [-0.03424571  1.24857087 -0.43829764]
[2026-07-28 11:57:30] [INFO] [Saver] Measurement files successfully saved to: C:/Users/Fabrizio/OneDrive - Politecnico di Milano/Tesi/Neuromorphic/N2/N2 code/test_measurements\ss\iter24\plus
[2026-07-28 11:57:30] [INFO] [Controller] Running measure sequence. Saving to: C:/Users/Fabrizio/OneDrive - Politecnico di Milano/Tesi/Neuromorphic/N2/N2 code/test_measurements\ss\iter24\minus
[2026-07-28 11:57:30] [INFO] [Controller] No magnetic field explicitly passed; maintaining current state (or controlled externally).
[2026-07-28 11:57:30] [INFO] [Controller] Updating voltages
[2026-07-28 11:57:30] [INFO] [Controller] Measured 3-Axial Magnetic Vector [mT]: [ 0.01359643  1.20385519 -0.44546242]
[2026-07-28 11:57:31] [INFO] [Saver] Measurement files successfully saved to: C:/Users/Fabrizio/OneDrive - Politecnico di Milano/Tesi/Neuromorphic/N2/N2 code/test_measurements\ss\iter24\minus
[2026-07-28 11:57:31] [INFO] [SPSA] iter 24 | f+: 0.0257 f-: 0.0249 | ak: 0.0120 ck: 0.0363 | grad norm: 0.0320
[2026-07-28 11:57:31] [INFO] [Training] iter 0024 | score: 0.025677 | optimizer: {'ak': 0.011969, 'ck': 0.036272, 'f_plus': 0.025677, 'f_minus': 0.024856, 'gradient_norm': 0.031986, 'best_score': 0.033193}
[2026-07-28 11:57:31] [INFO] [Controller] Running measure sequence. Saving to: C:/Users/Fabrizio/OneDrive - Politecnico di Milano/Tesi/Neuromorphic/N2/N2 code/test_measurements\ss\iter25\plus
[2026-07-28 11:57:31] [INFO] [Controller] No magnetic field explicitly passed; maintaining current state (or controlled externally).
[2026-07-28 11:57:31] [INFO] [Controller] Updating voltages
[2026-07-28 11:57:31] [INFO] [Controller] Measured 3-Axial Magnetic Vector [mT]: [ 0.04792955  1.20415199 -0.43828265]
[2026-07-28 11:57:32] [INFO] [Saver] Measurement files successfully saved to: C:/Users/Fabrizio/OneDrive - Politecnico di Milano/Tesi/Neuromorphic/N2/N2 code/test_measurements\ss\iter25\plus
[2026-07-28 11:57:32] [INFO] [Controller] Running measure sequence. Saving to: C:/Users/Fabrizio/OneDrive - Politecnico di Milano/Tesi/Neuromorphic/N2/N2 code/test_measurements\ss\iter25\minus
[2026-07-28 11:57:32] [INFO] [Controller] No magnetic field explicitly passed; maintaining current state (or controlled externally).
[2026-07-28 11:57:32] [INFO] [Controller] Updating voltages
[2026-07-28 11:57:32] [INFO] [Controller] Measured 3-Axial Magnetic Vector [mT]: [-0.00438184  1.25085008 -0.43088705]
[2026-07-28 11:57:33] [INFO] [Saver] Measurement files successfully saved to: C:/Users/Fabrizio/OneDrive - Politecnico di Milano/Tesi/Neuromorphic/N2/N2 code/test_measurements\ss\iter25\minus
[2026-07-28 11:57:33] [INFO] [SPSA] iter 25 | f+: 0.0285 f-: 0.0324 | ak: 0.0118 ck: 0.0361 | grad norm: 0.1541
[2026-07-28 11:57:33] [INFO] [Training] iter 0025 | score: 0.032410 | optimizer: {'ak': 0.011762, 'ck': 0.036123, 'f_plus': 0.028475, 'f_minus': 0.03241, 'gradient_norm': 0.154065, 'best_score': 0.033193}
[2026-07-28 11:57:33] [INFO] [Controller] Running measure sequence. Saving to: C:/Users/Fabrizio/OneDrive - Politecnico di Milano/Tesi/Neuromorphic/N2/N2 code/test_measurements\ss\iter26\plus
[2026-07-28 11:57:33] [INFO] [Controller] No magnetic field explicitly passed; maintaining current state (or controlled externally).
[2026-07-28 11:57:33] [INFO] [Controller] Updating voltages
[2026-07-28 11:57:33] [INFO] [Controller] Measured 3-Axial Magnetic Vector [mT]: [ 0.04531045  1.21331397 -0.45961771]
[2026-07-28 11:57:34] [INFO] [Saver] Measurement files successfully saved to: C:/Users/Fabrizio/OneDrive - Politecnico di Milano/Tesi/Neuromorphic/N2/N2 code/test_measurements\ss\iter26\plus
[2026-07-28 11:57:34] [INFO] [Controller] Running measure sequence. Saving to: C:/Users/Fabrizio/OneDrive - Politecnico di Milano/Tesi/Neuromorphic/N2/N2 code/test_measurements\ss\iter26\minus
[2026-07-28 11:57:34] [INFO] [Controller] No magnetic field explicitly passed; maintaining current state (or controlled externally).
[2026-07-28 11:57:34] [INFO] [Controller] Updating voltages
[2026-07-28 11:57:34] [INFO] [Controller] Measured 3-Axial Magnetic Vector [mT]: [ 0.03769378  1.24921264 -0.43828463]
[2026-07-28 11:57:35] [INFO] [Saver] Measurement files successfully saved to: C:/Users/Fabrizio/OneDrive - Politecnico di Milano/Tesi/Neuromorphic/N2/N2 code/test_measurements\ss\iter26\minus
[2026-07-28 11:57:35] [INFO] [SPSA] iter 26 | f+: 0.0246 f-: 0.0230 | ak: 0.0116 ck: 0.0360 | grad norm: 0.0631
[2026-07-28 11:57:35] [INFO] [Training] iter 0026 | score: 0.024639 | optimizer: {'ak': 0.011564, 'ck': 0.03598, 'f_plus': 0.024639, 'f_minus': 0.023034, 'gradient_norm': 0.063101, 'best_score': 0.033193}
[2026-07-28 11:57:35] [INFO] [Controller] Running measure sequence. Saving to: C:/Users/Fabrizio/OneDrive - Politecnico di Milano/Tesi/Neuromorphic/N2/N2 code/test_measurements\ss\iter27\plus
[2026-07-28 11:57:35] [INFO] [Controller] No magnetic field explicitly passed; maintaining current state (or controlled externally).
[2026-07-28 11:57:35] [INFO] [Controller] Updating voltages
[2026-07-28 11:57:35] [INFO] [Controller] Measured 3-Axial Magnetic Vector [mT]: [-0.02871449  1.27760839 -0.43348735]
[2026-07-28 11:57:36] [INFO] [Saver] Measurement files successfully saved to: C:/Users/Fabrizio/OneDrive - Politecnico di Milano/Tesi/Neuromorphic/N2/N2 code/test_measurements\ss\iter27\plus
[2026-07-28 11:57:36] [INFO] [Controller] Running measure sequence. Saving to: C:/Users/Fabrizio/OneDrive - Politecnico di Milano/Tesi/Neuromorphic/N2/N2 code/test_measurements\ss\iter27\minus
[2026-07-28 11:57:36] [INFO] [Controller] No magnetic field explicitly passed; maintaining current state (or controlled externally).
[2026-07-28 11:57:36] [INFO] [Controller] Updating voltages
[2026-07-28 11:57:36] [INFO] [Controller] Measured 3-Axial Magnetic Vector [mT]: [ 0.02294198  1.27002733 -0.43366951]
[2026-07-28 11:57:37] [INFO] [Saver] Measurement files successfully saved to: C:/Users/Fabrizio/OneDrive - Politecnico di Milano/Tesi/Neuromorphic/N2/N2 code/test_measurements\ss\iter27\minus
[2026-07-28 11:57:37] [INFO] [SPSA] iter 27 | f+: 0.0270 f-: 0.0297 | ak: 0.0114 ck: 0.0358 | grad norm: 0.1065
[2026-07-28 11:57:37] [INFO] [Training] iter 0027 | score: 0.029714 | optimizer: {'ak': 0.011375, 'ck': 0.035843, 'f_plus': 0.027014, 'f_minus': 0.029714, 'gradient_norm': 0.106533, 'best_score': 0.033193}
[2026-07-28 11:57:37] [INFO] [Controller] Running measure sequence. Saving to: C:/Users/Fabrizio/OneDrive - Politecnico di Milano/Tesi/Neuromorphic/N2/N2 code/test_measurements\ss\iter28\plus
[2026-07-28 11:57:37] [INFO] [Controller] No magnetic field explicitly passed; maintaining current state (or controlled externally).
[2026-07-28 11:57:37] [INFO] [Controller] Updating voltages
[2026-07-28 11:57:37] [INFO] [Controller] Measured 3-Axial Magnetic Vector [mT]: [ 0.03444657  1.28642781 -0.46745453]
[2026-07-28 11:57:38] [INFO] [Saver] Measurement files successfully saved to: C:/Users/Fabrizio/OneDrive - Politecnico di Milano/Tesi/Neuromorphic/N2/N2 code/test_measurements\ss\iter28\plus
[2026-07-28 11:57:38] [INFO] [Controller] Running measure sequence. Saving to: C:/Users/Fabrizio/OneDrive - Politecnico di Milano/Tesi/Neuromorphic/N2/N2 code/test_measurements\ss\iter28\minus
[2026-07-28 11:57:38] [INFO] [Controller] No magnetic field explicitly passed; maintaining current state (or controlled externally).
[2026-07-28 11:57:38] [INFO] [Controller] Updating voltages
[2026-07-28 11:57:38] [INFO] [Controller] Measured 3-Axial Magnetic Vector [mT]: [ 0.04459956  1.23957981 -0.4473392 ]
[2026-07-28 11:57:39] [INFO] [Saver] Measurement files successfully saved to: C:/Users/Fabrizio/OneDrive - Politecnico di Milano/Tesi/Neuromorphic/N2/N2 code/test_measurements\ss\iter28\minus
[2026-07-28 11:57:39] [INFO] [SPSA] iter 28 | f+: 0.0239 f-: 0.0254 | ak: 0.0112 ck: 0.0357 | grad norm: 0.0567
[2026-07-28 11:57:39] [INFO] [Training] iter 0028 | score: 0.025359 | optimizer: {'ak': 0.011194, 'ck': 0.035711, 'f_plus': 0.023927, 'f_minus': 0.025359, 'gradient_norm': 0.05672, 'best_score': 0.033193}
[2026-07-28 11:57:39] [INFO] [Controller] Running measure sequence. Saving to: C:/Users/Fabrizio/OneDrive - Politecnico di Milano/Tesi/Neuromorphic/N2/N2 code/test_measurements\ss\iter29\plus
[2026-07-28 11:57:39] [INFO] [Controller] No magnetic field explicitly passed; maintaining current state (or controlled externally).
[2026-07-28 11:57:39] [INFO] [Controller] Updating voltages
[2026-07-28 11:57:39] [INFO] [Controller] Measured 3-Axial Magnetic Vector [mT]: [ 0.04501872  1.20013803 -0.4557145 ]
[2026-07-28 11:57:40] [INFO] [Saver] Measurement files successfully saved to: C:/Users/Fabrizio/OneDrive - Politecnico di Milano/Tesi/Neuromorphic/N2/N2 code/test_measurements\ss\iter29\plus
[2026-07-28 11:57:40] [INFO] [Controller] Running measure sequence. Saving to: C:/Users/Fabrizio/OneDrive - Politecnico di Milano/Tesi/Neuromorphic/N2/N2 code/test_measurements\ss\iter29\minus
[2026-07-28 11:57:40] [INFO] [Controller] No magnetic field explicitly passed; maintaining current state (or controlled externally).
[2026-07-28 11:57:40] [INFO] [Controller] Updating voltages
[2026-07-28 11:57:40] [INFO] [Controller] Measured 3-Axial Magnetic Vector [mT]: [-0.00692646  1.2642025  -0.43233298]
[2026-07-28 11:57:41] [INFO] [Saver] Measurement files successfully saved to: C:/Users/Fabrizio/OneDrive - Politecnico di Milano/Tesi/Neuromorphic/N2/N2 code/test_measurements\ss\iter29\minus
[2026-07-28 11:57:41] [INFO] [SPSA] iter 29 | f+: 0.0300 f-: 0.0322 | ak: 0.0110 ck: 0.0356 | grad norm: 0.0881
[2026-07-28 11:57:41] [INFO] [Training] iter 0029 | score: 0.032235 | optimizer: {'ak': 0.01102, 'ck': 0.035585, 'f_plus': 0.030018, 'f_minus': 0.032235, 'gradient_norm': 0.08809, 'best_score': 0.033193}
[2026-07-28 11:57:41] [INFO] [Controller] Running measure sequence. Saving to: C:/Users/Fabrizio/OneDrive - Politecnico di Milano/Tesi/Neuromorphic/N2/N2 code/test_measurements\ss\iter30\plus
[2026-07-28 11:57:41] [INFO] [Controller] No magnetic field explicitly passed; maintaining current state (or controlled externally).
[2026-07-28 11:57:41] [INFO] [Controller] Updating voltages
[2026-07-28 11:57:41] [INFO] [Controller] Measured 3-Axial Magnetic Vector [mT]: [ 0.02646119  1.22159443 -0.45657124]
[2026-07-28 11:57:42] [INFO] [GUI] Stop requested, waiting for current iteration to complete...
[2026-07-28 11:57:43] [INFO] [Saver] Measurement files successfully saved to: C:/Users/Fabrizio/OneDrive - Politecnico di Milano/Tesi/Neuromorphic/N2/N2 code/test_measurements\ss\iter30\plus
[2026-07-28 11:57:43] [INFO] [Controller] Running measure sequence. Saving to: C:/Users/Fabrizio/OneDrive - Politecnico di Milano/Tesi/Neuromorphic/N2/N2 code/test_measurements\ss\iter30\minus
[2026-07-28 11:57:43] [INFO] [Controller] No magnetic field explicitly passed; maintaining current state (or controlled externally).
[2026-07-28 11:57:43] [INFO] [Controller] Updating voltages
[2026-07-28 11:57:43] [INFO] [Controller] Measured 3-Axial Magnetic Vector [mT]: [-0.01693352  1.28235958 -0.44697232]
[2026-07-28 11:57:44] [INFO] [Saver] Measurement files successfully saved to: C:/Users/Fabrizio/OneDrive - Politecnico di Milano/Tesi/Neuromorphic/N2/N2 code/test_measurements\ss\iter30\minus
[2026-07-28 11:57:44] [INFO] [SPSA] iter 30 | f+: 0.0276 f-: 0.0257 | ak: 0.0109 ck: 0.0355 | grad norm: 0.0754
[2026-07-28 11:57:44] [INFO] [Training] iter 0030 | score: 0.027583 | optimizer: {'ak': 0.010853, 'ck': 0.035463, 'f_plus': 0.027583, 'f_minus': 0.025693, 'gradient_norm': 0.075367, 'best_score': 0.033193}
[2026-07-28 11:57:44] [INFO] [Training] Training stopped early at iteration 31.
[2026-07-28 11:57:44] [INFO] [Training] Training finished — 31 iterations completed.
[2026-07-28 11:57:44] [INFO] [GUI] Training finished.
[2026-07-28 12:10:45] [INFO] [Controller] Executing Secure Instrument Disconnection Loop
[2026-07-28 12:10:45] [INFO] [FakeDAQ] Task closed (fake).
[2026-07-28 12:10:45] [INFO] [FakeSensor] Released connection handle safely.
[2026-07-28 12:10:45] [INFO] [FakeVNA] Connection closed (fake).
[2026-07-28 12:10:45] [INFO] [Controller] Shutdown routine safely completed.
[2026-07-28 12:10:45] [INFO] [GUI] Settings saved to c:\Users\Fabrizio\OneDrive - Politecnico di Milano\Tesi\Neuromorphic\N2\N2 code\GUI\settings.json
