[2026-07-28 11:24:05] [INFO] [GUI] Settings loaded from c:\Users\Fabrizio\OneDrive - Politecnico di Milano\Tesi\Neuromorphic\N2\N2 code\GUI\settings.json
[2026-07-28 11:24:08] [INFO] [Controller] Beginning System Setup Initialization
[2026-07-28 11:24:08] [INFO] [Controller] Connecting to VNA at GPIB0::20::INSTR...
[2026-07-28 11:24:08] [INFO] [FakeVNA] Connected (fake) at GPIB0::20::INSTR
[2026-07-28 11:24:08] [INFO] [Controller] Power Supply not connected: port not specified
[2026-07-28 11:24:08] [INFO] [Controller] Connecting to 3-Axial Field Sensor...
[2026-07-28 11:24:08] [INFO] [FakeSensor] Initialized mock sensor on configuration port MOCK_PORT
[2026-07-28 11:24:08] [INFO] [FakeSensor] Successfully connected to mock field sensor.
[2026-07-28 11:24:08] [INFO] [FakeSensor] Successfully connected to mock field sensor.
[2026-07-28 11:24:08] [INFO] [Controller] Opening DAQ Task profile: Dev1...
[2026-07-28 11:24:08] [INFO] [FakeDAQ] Initialised — device=Dev1, channels=[0, 1, 2, 3, 4, 5, 6, 7]
[2026-07-28 11:24:08] [INFO] [Controller] System Configuration Complete. Hardware Ready.
[2026-07-28 11:24:11] [INFO] [Controller] Setting voltages to [0.0, 0.0, 0.0, 0.0, 0.0, 0.0, 0.0, 0.0]
[2026-07-28 11:24:20] [INFO] [Controller] Setting voltages to [0.0, 0.0, 0.0, 0.0, 0.0, 0.0, 1.0, 0.0]
[2026-07-28 11:24:24] [INFO] [Controller] Setting voltages to [0.0, 0.0, 0.0, 0.0, 0.0, 0.0, 6.0, 0.0]
[2026-07-28 11:24:29] [INFO] [Controller] Setting voltages to [0.0, 0.0, 0.0, 0.0, 0.0, 0.0, 60.0, 0.0]
[2026-07-28 11:24:32] [INFO] [Controller] Setting voltages to [0.0, 0.0, 0.0, 0.0, 0.0, 0.0, 30.0, 0.0]
[2026-07-28 11:24:37] [INFO] [Controller] Setting voltages to [0.0, 0.0, 0.0, 0.0, 0.0, 0.0, 10.0, 0.0]
[2026-07-28 11:24:58] [INFO] [Controller] Executing Secure Instrument Disconnection Loop
[2026-07-28 11:24:58] [INFO] [FakeDAQ] Task closed (fake).
[2026-07-28 11:24:58] [INFO] [FakeSensor] Released connection handle safely.
[2026-07-28 11:24:58] [INFO] [FakeVNA] Connection closed (fake).
[2026-07-28 11:24:58] [INFO] [Controller] Shutdown routine safely completed.
[2026-07-28 11:24:58] [INFO] [GUI] Settings saved to c:\Users\Fabrizio\OneDrive - Politecnico di Milano\Tesi\Neuromorphic\N2\N2 code\GUI\settings.json
