[2026-07-28 12:13:15] [INFO] [GUI] Settings loaded from c:\Users\Fabrizio\OneDrive - Politecnico di Milano\Tesi\Neuromorphic\N2\N2 code\GUI\settings.json
[2026-07-28 12:13:21] [INFO] [Controller] Beginning System Setup Initialization
[2026-07-28 12:13:21] [INFO] [Controller] Connecting to VNA at GPIB0::20::INSTR...
[2026-07-28 12:13:21] [INFO] [FakeVNA] Connected (fake) at GPIB0::20::INSTR
[2026-07-28 12:13:21] [INFO] [Controller] Power Supply not connected: port not specified
[2026-07-28 12:13:21] [INFO] [Controller] Connecting to 3-Axial Field Sensor...
[2026-07-28 12:13:21] [INFO] [FakeSensor] Initialized mock sensor on configuration port MOCK_PORT
[2026-07-28 12:13:21] [INFO] [FakeSensor] Successfully connected to mock field sensor.
[2026-07-28 12:13:21] [INFO] [FakeSensor] Successfully connected to mock field sensor.
[2026-07-28 12:13:21] [INFO] [Controller] Opening DAQ Task profile: Dev1...
[2026-07-28 12:13:21] [INFO] [FakeDAQ] Initialised — device=Dev1, channels=[0, 1, 2, 3, 4, 5, 6, 7]
[2026-07-28 12:13:21] [INFO] [Controller] System Configuration Complete. Hardware Ready.
[2026-07-28 12:13:24] [INFO] [Controller] Setup Measurement Parameters
[2026-07-28 12:13:24] [INFO] [FakeVNA] Sweep configured: 1.000-5.000 GHz, 200 pts, params=['S21']
[2026-07-28 12:13:24] [INFO] [Controller] Running measure sequence. Saving to: C:/Users/Fabrizio/OneDrive - Politecnico di Milano/Tesi/Neuromorphic/N2/N2 code/test_measurements\dd\iter0
[2026-07-28 12:13:24] [INFO] [Controller] No magnetic field explicitly passed; maintaining current state (or controlled externally).
[2026-07-28 12:13:24] [INFO] [Controller] Updating voltages
[2026-07-28 12:13:24] [INFO] [Controller] Measured 3-Axial Magnetic Vector [mT]: [-0.02131917  1.19546319 -0.44863124]
[2026-07-28 12:13:25] [INFO] [Saver] Measurement files successfully saved to: C:/Users/Fabrizio/OneDrive - Politecnico di Milano/Tesi/Neuromorphic/N2/N2 code/test_measurements\dd\iter0
[2026-07-28 12:13:25] [ERROR] [Training] Training loop raised an exception: 'S31'
Traceback (most recent call last):
  File "C:\Users\Fabrizio\OneDrive - Politecnico di Milano\Tesi\Neuromorphic\N2\N2 code\training\training_session.py", line 109, in _run_loop
    new_values, score, optimizer_state = self.optimizer.step()
                                         ~~~~~~~~~~~~~~~~~~~^^
  File "C:\Users\Fabrizio\OneDrive - Politecnico di Milano\Tesi\Neuromorphic\N2\N2 code\training\algorithms\direct_search.py", line 38, in step
    self.best_score = self.objective_fn(self.x)
                      ~~~~~~~~~~~~~~~~~^^^^^^^^
  File "C:\Users\Fabrizio\OneDrive - Politecnico di Milano\Tesi\Neuromorphic\N2\N2 code\training\training_session.py", line 62, in _objective
    return self.score_fn(self._last_data)
           ~~~~~~~~~~~~~^^^^^^^^^^^^^^^^^
  File "C:\Users\Fabrizio\OneDrive - Politecnico di Milano\Tesi\Neuromorphic\N2\N2 code\training\objectives.py", line 8, in _objective_maximise_s31
    return float(np.mean(np.abs(measurement_data.vna_results["S31"][mask])))
                                ~~~~~~~~~~~~~~~~~~~~~~~~~~~~^^^^^^^
KeyError: 'S31'
[2026-07-28 12:13:25] [INFO] [Training] Training finished — 0 iterations completed.
[2026-07-28 12:13:25] [INFO] [GUI] Training finished.
[2026-07-28 12:13:34] [INFO] [Controller] Setup Measurement Parameters
[2026-07-28 12:13:34] [INFO] [FakeVNA] Sweep configured: 1.000-5.000 GHz, 200 pts, params=['S21']
[2026-07-28 12:13:34] [INFO] [Controller] Running measure sequence. Saving to: C:/Users/Fabrizio/OneDrive - Politecnico di Milano/Tesi/Neuromorphic/N2/N2 code/test_measurements\dd\iter0
[2026-07-28 12:13:34] [INFO] [Controller] No magnetic field explicitly passed; maintaining current state (or controlled externally).
[2026-07-28 12:13:34] [INFO] [Controller] Updating voltages
[2026-07-28 12:13:34] [INFO] [Controller] Measured 3-Axial Magnetic Vector [mT]: [-0.02270918  1.26274518 -0.43078822]
[2026-07-28 12:13:35] [INFO] [Saver] Measurement files successfully saved to: C:/Users/Fabrizio/OneDrive - Politecnico di Milano/Tesi/Neuromorphic/N2/N2 code/test_measurements\dd\iter0
[2026-07-28 12:13:35] [INFO] [Training] iter 0000 | score: 0.023586 | optimizer: {}
[2026-07-28 12:13:35] [INFO] [Controller] Running measure sequence. Saving to: C:/Users/Fabrizio/OneDrive - Politecnico di Milano/Tesi/Neuromorphic/N2/N2 code/test_measurements\dd\iter1
[2026-07-28 12:13:35] [INFO] [Controller] No magnetic field explicitly passed; maintaining current state (or controlled externally).
[2026-07-28 12:13:35] [INFO] [Controller] Updating voltages
[2026-07-28 12:13:35] [INFO] [Controller] Measured 3-Axial Magnetic Vector [mT]: [-0.0256037   1.28997003 -0.44502952]
[2026-07-28 12:13:36] [INFO] [Saver] Measurement files successfully saved to: C:/Users/Fabrizio/OneDrive - Politecnico di Milano/Tesi/Neuromorphic/N2/N2 code/test_measurements\dd\iter1
[2026-07-28 12:13:36] [INFO] [DirectSearch] Improved — channel 0: 0.0 -> 40.0 | score: 0.025617
[2026-07-28 12:13:36] [INFO] [Training] iter 0001 | score: 0.025617 | optimizer: {'tested_config': [40.0, 0.0, 0.0, 0.0, 0.0, 0.0, 0.0, 0.0], 'current_channel': 0, 'round_progress': '1/8'}
[2026-07-28 12:13:36] [INFO] [Controller] Running measure sequence. Saving to: C:/Users/Fabrizio/OneDrive - Politecnico di Milano/Tesi/Neuromorphic/N2/N2 code/test_measurements\dd\iter2
[2026-07-28 12:13:36] [INFO] [Controller] No magnetic field explicitly passed; maintaining current state (or controlled externally).
[2026-07-28 12:13:36] [INFO] [Controller] Updating voltages
[2026-07-28 12:13:36] [INFO] [Controller] Measured 3-Axial Magnetic Vector [mT]: [ 0.0320978   1.19156887 -0.46492486]
[2026-07-28 12:13:37] [INFO] [Saver] Measurement files successfully saved to: C:/Users/Fabrizio/OneDrive - Politecnico di Milano/Tesi/Neuromorphic/N2/N2 code/test_measurements\dd\iter2
[2026-07-28 12:13:37] [INFO] [DirectSearch] Improved — channel 1: 0.0 -> 20.0 | score: 0.028341
[2026-07-28 12:13:37] [INFO] [Training] iter 0002 | score: 0.028341 | optimizer: {'tested_config': [40.0, 20.0, 0.0, 0.0, 0.0, 0.0, 0.0, 0.0], 'current_channel': 1, 'round_progress': '2/8'}
[2026-07-28 12:13:37] [INFO] [Controller] Running measure sequence. Saving to: C:/Users/Fabrizio/OneDrive - Politecnico di Milano/Tesi/Neuromorphic/N2/N2 code/test_measurements\dd\iter3
[2026-07-28 12:13:37] [INFO] [Controller] No magnetic field explicitly passed; maintaining current state (or controlled externally).
[2026-07-28 12:13:37] [INFO] [Controller] Updating voltages
[2026-07-28 12:13:37] [INFO] [Controller] Measured 3-Axial Magnetic Vector [mT]: [-0.04044109  1.23481881 -0.43516951]
[2026-07-28 12:13:38] [INFO] [Saver] Measurement files successfully saved to: C:/Users/Fabrizio/OneDrive - Politecnico di Milano/Tesi/Neuromorphic/N2/N2 code/test_measurements\dd\iter3
[2026-07-28 12:13:38] [INFO] [DirectSearch] Improved — channel 3: 0.0 -> 10.0 | score: 0.030781
[2026-07-28 12:13:38] [INFO] [Training] iter 0003 | score: 0.030781 | optimizer: {'tested_config': [40.0, 20.0, 0.0, 10.0, 0.0, 0.0, 0.0, 0.0], 'current_channel': 3, 'round_progress': '3/8'}
[2026-07-28 12:13:38] [INFO] [Controller] Running measure sequence. Saving to: C:/Users/Fabrizio/OneDrive - Politecnico di Milano/Tesi/Neuromorphic/N2/N2 code/test_measurements\dd\iter4
[2026-07-28 12:13:38] [INFO] [Controller] No magnetic field explicitly passed; maintaining current state (or controlled externally).
[2026-07-28 12:13:38] [INFO] [Controller] Updating voltages
[2026-07-28 12:13:38] [INFO] [Controller] Measured 3-Axial Magnetic Vector [mT]: [-0.03211147  1.193087   -0.43133276]
[2026-07-28 12:13:39] [INFO] [Saver] Measurement files successfully saved to: C:/Users/Fabrizio/OneDrive - Politecnico di Milano/Tesi/Neuromorphic/N2/N2 code/test_measurements\dd\iter4
[2026-07-28 12:13:39] [INFO] [DirectSearch] No improvement on channel 2 | score: 0.028054
[2026-07-28 12:13:39] [INFO] [Training] iter 0004 | score: 0.030781 | optimizer: {'tested_config': [40.0, 20.0, 50.0, 10.0, 0.0, 0.0, 0.0, 0.0], 'current_channel': 2, 'round_progress': '4/8'}
[2026-07-28 12:13:39] [INFO] [Controller] Running measure sequence. Saving to: C:/Users/Fabrizio/OneDrive - Politecnico di Milano/Tesi/Neuromorphic/N2/N2 code/test_measurements\dd\iter5
[2026-07-28 12:13:39] [INFO] [Controller] No magnetic field explicitly passed; maintaining current state (or controlled externally).
[2026-07-28 12:13:39] [INFO] [Controller] Updating voltages
[2026-07-28 12:13:39] [INFO] [Controller] Measured 3-Axial Magnetic Vector [mT]: [-0.03802416  1.24846113 -0.46878116]
[2026-07-28 12:13:40] [INFO] [Saver] Measurement files successfully saved to: C:/Users/Fabrizio/OneDrive - Politecnico di Milano/Tesi/Neuromorphic/N2/N2 code/test_measurements\dd\iter5
[2026-07-28 12:13:40] [INFO] [DirectSearch] No improvement on channel 4 | score: 0.025249
[2026-07-28 12:13:40] [INFO] [Training] iter 0005 | score: 0.030781 | optimizer: {'tested_config': [40.0, 20.0, 0.0, 10.0, 20.0, 0.0, 0.0, 0.0], 'current_channel': 4, 'round_progress': '5/8'}
[2026-07-28 12:13:40] [INFO] [Controller] Running measure sequence. Saving to: C:/Users/Fabrizio/OneDrive - Politecnico di Milano/Tesi/Neuromorphic/N2/N2 code/test_measurements\dd\iter6
[2026-07-28 12:13:40] [INFO] [Controller] No magnetic field explicitly passed; maintaining current state (or controlled externally).
[2026-07-28 12:13:40] [INFO] [Controller] Updating voltages
[2026-07-28 12:13:40] [INFO] [Controller] Measured 3-Axial Magnetic Vector [mT]: [-0.00573576  1.2189887  -0.4522529 ]
[2026-07-28 12:13:41] [INFO] [Saver] Measurement files successfully saved to: C:/Users/Fabrizio/OneDrive - Politecnico di Milano/Tesi/Neuromorphic/N2/N2 code/test_measurements\dd\iter6
[2026-07-28 12:13:41] [INFO] [DirectSearch] No improvement on channel 7 | score: 0.022405
[2026-07-28 12:13:41] [INFO] [Training] iter 0006 | score: 0.030781 | optimizer: {'tested_config': [40.0, 20.0, 0.0, 10.0, 0.0, 0.0, 0.0, 20.0], 'current_channel': 7, 'round_progress': '6/8'}
[2026-07-28 12:13:41] [INFO] [Controller] Running measure sequence. Saving to: C:/Users/Fabrizio/OneDrive - Politecnico di Milano/Tesi/Neuromorphic/N2/N2 code/test_measurements\dd\iter7
[2026-07-28 12:13:41] [INFO] [Controller] No magnetic field explicitly passed; maintaining current state (or controlled externally).
[2026-07-28 12:13:41] [INFO] [Controller] Updating voltages
[2026-07-28 12:13:41] [INFO] [Controller] Measured 3-Axial Magnetic Vector [mT]: [-0.0401646   1.28948257 -0.44643481]
[2026-07-28 12:13:42] [INFO] [Saver] Measurement files successfully saved to: C:/Users/Fabrizio/OneDrive - Politecnico di Milano/Tesi/Neuromorphic/N2/N2 code/test_measurements\dd\iter7
[2026-07-28 12:13:42] [INFO] [DirectSearch] No improvement on channel 6 | score: 0.023901
[2026-07-28 12:13:42] [INFO] [Training] iter 0007 | score: 0.030781 | optimizer: {'tested_config': [40.0, 20.0, 0.0, 10.0, 0.0, 0.0, 50.0, 0.0], 'current_channel': 6, 'round_progress': '7/8'}
[2026-07-28 12:13:42] [INFO] [Controller] Running measure sequence. Saving to: C:/Users/Fabrizio/OneDrive - Politecnico di Milano/Tesi/Neuromorphic/N2/N2 code/test_measurements\dd\iter8
[2026-07-28 12:13:42] [INFO] [Controller] No magnetic field explicitly passed; maintaining current state (or controlled externally).
[2026-07-28 12:13:42] [INFO] [Controller] Updating voltages
[2026-07-28 12:13:42] [INFO] [Controller] Measured 3-Axial Magnetic Vector [mT]: [ 0.02526634  1.28014205 -0.43461128]
[2026-07-28 12:13:43] [INFO] [Saver] Measurement files successfully saved to: C:/Users/Fabrizio/OneDrive - Politecnico di Milano/Tesi/Neuromorphic/N2/N2 code/test_measurements\dd\iter8
[2026-07-28 12:13:43] [INFO] [DirectSearch] No improvement on channel 5 | score: 0.021964
[2026-07-28 12:13:43] [INFO] [DirectSearch] Round complete. Starting new round with shuffled order.
[2026-07-28 12:13:43] [INFO] [Training] iter 0008 | score: 0.030781 | optimizer: {'tested_config': [40.0, 20.0, 0.0, 10.0, 0.0, 10.0, 0.0, 0.0], 'current_channel': 5, 'round_progress': '0/8'}
[2026-07-28 12:13:43] [INFO] [Controller] Running measure sequence. Saving to: C:/Users/Fabrizio/OneDrive - Politecnico di Milano/Tesi/Neuromorphic/N2/N2 code/test_measurements\dd\iter9
[2026-07-28 12:13:43] [INFO] [Controller] No magnetic field explicitly passed; maintaining current state (or controlled externally).
[2026-07-28 12:13:43] [INFO] [Controller] Updating voltages
[2026-07-28 12:13:43] [INFO] [Controller] Measured 3-Axial Magnetic Vector [mT]: [-0.00981393  1.26338807 -0.45021873]
[2026-07-28 12:13:44] [INFO] [Saver] Measurement files successfully saved to: C:/Users/Fabrizio/OneDrive - Politecnico di Milano/Tesi/Neuromorphic/N2/N2 code/test_measurements\dd\iter9
[2026-07-28 12:13:44] [INFO] [DirectSearch] No improvement on channel 2 | score: 0.027366
[2026-07-28 12:13:44] [INFO] [Training] iter 0009 | score: 0.030781 | optimizer: {'tested_config': [40.0, 20.0, 60.0, 10.0, 0.0, 0.0, 0.0, 0.0], 'current_channel': 2, 'round_progress': '1/8'}
[2026-07-28 12:13:44] [INFO] [Controller] Running measure sequence. Saving to: C:/Users/Fabrizio/OneDrive - Politecnico di Milano/Tesi/Neuromorphic/N2/N2 code/test_measurements\dd\iter10
[2026-07-28 12:13:44] [INFO] [Controller] No magnetic field explicitly passed; maintaining current state (or controlled externally).
[2026-07-28 12:13:44] [INFO] [Controller] Updating voltages
[2026-07-28 12:13:44] [INFO] [Controller] Measured 3-Axial Magnetic Vector [mT]: [ 0.0246004   1.22033885 -0.43654381]
[2026-07-28 12:13:45] [INFO] [Saver] Measurement files successfully saved to: C:/Users/Fabrizio/OneDrive - Politecnico di Milano/Tesi/Neuromorphic/N2/N2 code/test_measurements\dd\iter10
[2026-07-28 12:13:45] [INFO] [DirectSearch] No improvement on channel 3 | score: 0.028251
[2026-07-28 12:13:45] [INFO] [Training] iter 0010 | score: 0.030781 | optimizer: {'tested_config': [40.0, 20.0, 0.0, 60.0, 0.0, 0.0, 0.0, 0.0], 'current_channel': 3, 'round_progress': '2/8'}
[2026-07-28 12:13:45] [INFO] [Controller] Running measure sequence. Saving to: C:/Users/Fabrizio/OneDrive - Politecnico di Milano/Tesi/Neuromorphic/N2/N2 code/test_measurements\dd\iter11
[2026-07-28 12:13:45] [INFO] [Controller] No magnetic field explicitly passed; maintaining current state (or controlled externally).
[2026-07-28 12:13:45] [INFO] [Controller] Updating voltages
[2026-07-28 12:13:45] [INFO] [Controller] Measured 3-Axial Magnetic Vector [mT]: [-0.01419425  1.25573612 -0.45930623]
[2026-07-28 12:13:46] [INFO] [Saver] Measurement files successfully saved to: C:/Users/Fabrizio/OneDrive - Politecnico di Milano/Tesi/Neuromorphic/N2/N2 code/test_measurements\dd\iter11
[2026-07-28 12:13:46] [INFO] [DirectSearch] No improvement on channel 7 | score: 0.023278
[2026-07-28 12:13:46] [INFO] [Training] iter 0011 | score: 0.030781 | optimizer: {'tested_config': [40.0, 20.0, 0.0, 10.0, 0.0, 0.0, 0.0, 20.0], 'current_channel': 7, 'round_progress': '3/8'}
[2026-07-28 12:13:46] [INFO] [Controller] Running measure sequence. Saving to: C:/Users/Fabrizio/OneDrive - Politecnico di Milano/Tesi/Neuromorphic/N2/N2 code/test_measurements\dd\iter12
[2026-07-28 12:13:46] [INFO] [Controller] No magnetic field explicitly passed; maintaining current state (or controlled externally).
[2026-07-28 12:13:46] [INFO] [Controller] Updating voltages
[2026-07-28 12:13:46] [INFO] [Controller] Measured 3-Axial Magnetic Vector [mT]: [-0.00901718  1.2660075  -0.4593384 ]
[2026-07-28 12:13:47] [INFO] [Saver] Measurement files successfully saved to: C:/Users/Fabrizio/OneDrive - Politecnico di Milano/Tesi/Neuromorphic/N2/N2 code/test_measurements\dd\iter12
[2026-07-28 12:13:47] [INFO] [DirectSearch] No improvement on channel 4 | score: 0.029092
[2026-07-28 12:13:47] [INFO] [Training] iter 0012 | score: 0.030781 | optimizer: {'tested_config': [40.0, 20.0, 0.0, 10.0, 20.0, 0.0, 0.0, 0.0], 'current_channel': 4, 'round_progress': '4/8'}
[2026-07-28 12:13:47] [INFO] [Controller] Running measure sequence. Saving to: C:/Users/Fabrizio/OneDrive - Politecnico di Milano/Tesi/Neuromorphic/N2/N2 code/test_measurements\dd\iter13
[2026-07-28 12:13:47] [INFO] [Controller] No magnetic field explicitly passed; maintaining current state (or controlled externally).
[2026-07-28 12:13:47] [INFO] [Controller] Updating voltages
[2026-07-28 12:13:47] [INFO] [Controller] Measured 3-Axial Magnetic Vector [mT]: [ 0.01813325  1.2213073  -0.45002684]
[2026-07-28 12:13:48] [INFO] [Saver] Measurement files successfully saved to: C:/Users/Fabrizio/OneDrive - Politecnico di Milano/Tesi/Neuromorphic/N2/N2 code/test_measurements\dd\iter13
[2026-07-28 12:13:48] [INFO] [DirectSearch] Improved — channel 0: 40.0 -> 50.0 | score: 0.031211
[2026-07-28 12:13:48] [INFO] [Training] iter 0013 | score: 0.031211 | optimizer: {'tested_config': [50.0, 20.0, 0.0, 10.0, 0.0, 0.0, 0.0, 0.0], 'current_channel': 0, 'round_progress': '5/8'}
[2026-07-28 12:13:48] [INFO] [Controller] Running measure sequence. Saving to: C:/Users/Fabrizio/OneDrive - Politecnico di Milano/Tesi/Neuromorphic/N2/N2 code/test_measurements\dd\iter14
[2026-07-28 12:13:48] [INFO] [Controller] No magnetic field explicitly passed; maintaining current state (or controlled externally).
[2026-07-28 12:13:48] [INFO] [Controller] Updating voltages
[2026-07-28 12:13:48] [INFO] [Controller] Measured 3-Axial Magnetic Vector [mT]: [-0.01837982  1.19270667 -0.45687382]
[2026-07-28 12:13:49] [INFO] [Saver] Measurement files successfully saved to: C:/Users/Fabrizio/OneDrive - Politecnico di Milano/Tesi/Neuromorphic/N2/N2 code/test_measurements\dd\iter14
[2026-07-28 12:13:49] [INFO] [DirectSearch] No improvement on channel 5 | score: 0.021069
[2026-07-28 12:13:49] [INFO] [Training] iter 0014 | score: 0.031211 | optimizer: {'tested_config': [50.0, 20.0, 0.0, 10.0, 0.0, 40.0, 0.0, 0.0], 'current_channel': 5, 'round_progress': '6/8'}
[2026-07-28 12:13:49] [INFO] [Controller] Running measure sequence. Saving to: C:/Users/Fabrizio/OneDrive - Politecnico di Milano/Tesi/Neuromorphic/N2/N2 code/test_measurements\dd\iter15
[2026-07-28 12:13:49] [INFO] [Controller] No magnetic field explicitly passed; maintaining current state (or controlled externally).
[2026-07-28 12:13:49] [INFO] [Controller] Updating voltages
[2026-07-28 12:13:49] [INFO] [Controller] Measured 3-Axial Magnetic Vector [mT]: [-0.02451692  1.24167942 -0.4357592 ]
[2026-07-28 12:13:50] [INFO] [Saver] Measurement files successfully saved to: C:/Users/Fabrizio/OneDrive - Politecnico di Milano/Tesi/Neuromorphic/N2/N2 code/test_measurements\dd\iter15
[2026-07-28 12:13:50] [INFO] [DirectSearch] No improvement on channel 1 | score: 0.022860
[2026-07-28 12:13:50] [INFO] [Training] iter 0015 | score: 0.031211 | optimizer: {'tested_config': [50.0, 10.0, 0.0, 10.0, 0.0, 0.0, 0.0, 0.0], 'current_channel': 1, 'round_progress': '7/8'}
[2026-07-28 12:13:50] [INFO] [Controller] Running measure sequence. Saving to: C:/Users/Fabrizio/OneDrive - Politecnico di Milano/Tesi/Neuromorphic/N2/N2 code/test_measurements\dd\iter16
[2026-07-28 12:13:50] [INFO] [Controller] No magnetic field explicitly passed; maintaining current state (or controlled externally).
[2026-07-28 12:13:50] [INFO] [Controller] Updating voltages
[2026-07-28 12:13:50] [INFO] [Controller] Measured 3-Axial Magnetic Vector [mT]: [-0.0353077   1.28032044 -0.44975089]
[2026-07-28 12:13:51] [INFO] [Saver] Measurement files successfully saved to: C:/Users/Fabrizio/OneDrive - Politecnico di Milano/Tesi/Neuromorphic/N2/N2 code/test_measurements\dd\iter16
[2026-07-28 12:13:51] [INFO] [DirectSearch] No improvement on channel 6 | score: 0.026580
[2026-07-28 12:13:51] [INFO] [DirectSearch] Round complete. Starting new round with shuffled order.
[2026-07-28 12:13:51] [INFO] [Training] iter 0016 | score: 0.031211 | optimizer: {'tested_config': [50.0, 20.0, 0.0, 10.0, 0.0, 0.0, 50.0, 0.0], 'current_channel': 6, 'round_progress': '0/8'}
[2026-07-28 12:13:51] [INFO] [Controller] Running measure sequence. Saving to: C:/Users/Fabrizio/OneDrive - Politecnico di Milano/Tesi/Neuromorphic/N2/N2 code/test_measurements\dd\iter17
[2026-07-28 12:13:51] [INFO] [Controller] No magnetic field explicitly passed; maintaining current state (or controlled externally).
[2026-07-28 12:13:51] [INFO] [Controller] Updating voltages
[2026-07-28 12:13:51] [INFO] [Controller] Measured 3-Axial Magnetic Vector [mT]: [-0.01922282  1.25285327 -0.4621007 ]
[2026-07-28 12:13:52] [INFO] [Saver] Measurement files successfully saved to: C:/Users/Fabrizio/OneDrive - Politecnico di Milano/Tesi/Neuromorphic/N2/N2 code/test_measurements\dd\iter17
[2026-07-28 12:13:52] [INFO] [DirectSearch] No improvement on channel 2 | score: 0.020688
[2026-07-28 12:13:52] [INFO] [Training] iter 0017 | score: 0.031211 | optimizer: {'tested_config': [50.0, 20.0, 30.0, 10.0, 0.0, 0.0, 0.0, 0.0], 'current_channel': 2, 'round_progress': '1/8'}
[2026-07-28 12:13:52] [INFO] [Controller] Running measure sequence. Saving to: C:/Users/Fabrizio/OneDrive - Politecnico di Milano/Tesi/Neuromorphic/N2/N2 code/test_measurements\dd\iter18
[2026-07-28 12:13:52] [INFO] [Controller] No magnetic field explicitly passed; maintaining current state (or controlled externally).
[2026-07-28 12:13:52] [INFO] [Controller] Updating voltages
[2026-07-28 12:13:52] [INFO] [Controller] Measured 3-Axial Magnetic Vector [mT]: [-0.03003619  1.2715949  -0.46301308]
[2026-07-28 12:13:53] [INFO] [GUI] Stop requested, waiting for current iteration to complete...
[2026-07-28 12:13:53] [INFO] [Saver] Measurement files successfully saved to: C:/Users/Fabrizio/OneDrive - Politecnico di Milano/Tesi/Neuromorphic/N2/N2 code/test_measurements\dd\iter18
[2026-07-28 12:13:53] [INFO] [DirectSearch] No improvement on channel 6 | score: 0.022930
[2026-07-28 12:13:53] [INFO] [Training] iter 0018 | score: 0.031211 | optimizer: {'tested_config': [50.0, 20.0, 0.0, 10.0, 0.0, 0.0, 50.0, 0.0], 'current_channel': 6, 'round_progress': '2/8'}
[2026-07-28 12:13:53] [INFO] [Training] Training stopped early at iteration 19.
[2026-07-28 12:13:53] [INFO] [Training] Training finished — 19 iterations completed.
[2026-07-28 12:13:53] [INFO] [GUI] Training finished.
[2026-07-28 12:13:58] [INFO] [Controller] Setup Measurement Parameters
[2026-07-28 12:13:58] [INFO] [FakeVNA] Sweep configured: 1.000-5.000 GHz, 200 pts, params=['S21']
[2026-07-28 12:13:58] [INFO] [Controller] Running measure sequence. Saving to: C:/Users/Fabrizio/OneDrive - Politecnico di Milano/Tesi/Neuromorphic/N2/N2 code/test_measurements\dd\iter0
[2026-07-28 12:13:58] [INFO] [Controller] No magnetic field explicitly passed; maintaining current state (or controlled externally).
[2026-07-28 12:13:58] [INFO] [Controller] Updating voltages
[2026-07-28 12:13:58] [INFO] [Controller] Measured 3-Axial Magnetic Vector [mT]: [-0.01391565  1.24813482 -0.45516025]
[2026-07-28 12:14:00] [INFO] [Saver] Measurement files successfully saved to: C:/Users/Fabrizio/OneDrive - Politecnico di Milano/Tesi/Neuromorphic/N2/N2 code/test_measurements\dd\iter0
[2026-07-28 12:14:00] [INFO] [Training] iter 0000 | score: 0.024036 | optimizer: {}
[2026-07-28 12:14:00] [INFO] [Controller] Running measure sequence. Saving to: C:/Users/Fabrizio/OneDrive - Politecnico di Milano/Tesi/Neuromorphic/N2/N2 code/test_measurements\dd\iter1\plus
[2026-07-28 12:14:00] [INFO] [Controller] No magnetic field explicitly passed; maintaining current state (or controlled externally).
[2026-07-28 12:14:00] [INFO] [Controller] Updating voltages
[2026-07-28 12:14:00] [INFO] [Controller] Measured 3-Axial Magnetic Vector [mT]: [ 0.0340555   1.27101988 -0.45274778]
[2026-07-28 12:14:01] [INFO] [Saver] Measurement files successfully saved to: C:/Users/Fabrizio/OneDrive - Politecnico di Milano/Tesi/Neuromorphic/N2/N2 code/test_measurements\dd\iter1\plus
[2026-07-28 12:14:01] [INFO] [Controller] Running measure sequence. Saving to: C:/Users/Fabrizio/OneDrive - Politecnico di Milano/Tesi/Neuromorphic/N2/N2 code/test_measurements\dd\iter1\minus
[2026-07-28 12:14:01] [INFO] [Controller] No magnetic field explicitly passed; maintaining current state (or controlled externally).
[2026-07-28 12:14:01] [INFO] [Controller] Updating voltages
[2026-07-28 12:14:01] [INFO] [Controller] Measured 3-Axial Magnetic Vector [mT]: [-0.03710126  1.19551254 -0.43485121]
[2026-07-28 12:14:02] [INFO] [Saver] Measurement files successfully saved to: C:/Users/Fabrizio/OneDrive - Politecnico di Milano/Tesi/Neuromorphic/N2/N2 code/test_measurements\dd\iter1\minus
[2026-07-28 12:14:02] [INFO] [SPSA] iter 1 | f+: 0.0312 f-: 0.0250 | ak: 0.0236 ck: 0.0500 | grad norm: 0.1759
[2026-07-28 12:14:02] [INFO] [Training] iter 0001 | score: 0.031203 | optimizer: {'ak': 0.023609, 'ck': 0.05, 'f_plus': 0.031203, 'f_minus': 0.024984, 'gradient_norm': 0.175901, 'best_score': 0.031203}
[2026-07-28 12:14:02] [INFO] [Controller] Running measure sequence. Saving to: C:/Users/Fabrizio/OneDrive - Politecnico di Milano/Tesi/Neuromorphic/N2/N2 code/test_measurements\dd\iter2\plus
[2026-07-28 12:14:02] [INFO] [Controller] No magnetic field explicitly passed; maintaining current state (or controlled externally).
[2026-07-28 12:14:02] [INFO] [Controller] Updating voltages
[2026-07-28 12:14:02] [INFO] [Controller] Measured 3-Axial Magnetic Vector [mT]: [-0.03296059  1.2718361  -0.45358677]
[2026-07-28 12:14:03] [INFO] [Saver] Measurement files successfully saved to: C:/Users/Fabrizio/OneDrive - Politecnico di Milano/Tesi/Neuromorphic/N2/N2 code/test_measurements\dd\iter2\plus
[2026-07-28 12:14:03] [INFO] [Controller] Running measure sequence. Saving to: C:/Users/Fabrizio/OneDrive - Politecnico di Milano/Tesi/Neuromorphic/N2/N2 code/test_measurements\dd\iter2\minus
[2026-07-28 12:14:03] [INFO] [Controller] No magnetic field explicitly passed; maintaining current state (or controlled externally).
[2026-07-28 12:14:03] [INFO] [Controller] Updating voltages
[2026-07-28 12:14:03] [INFO] [Controller] Measured 3-Axial Magnetic Vector [mT]: [-0.02151809  1.28415623 -0.45966963]
[2026-07-28 12:14:04] [INFO] [Saver] Measurement files successfully saved to: C:/Users/Fabrizio/OneDrive - Politecnico di Milano/Tesi/Neuromorphic/N2/N2 code/test_measurements\dd\iter2\minus
[2026-07-28 12:14:04] [INFO] [SPSA] iter 2 | f+: 0.0270 f-: 0.0264 | ak: 0.0224 ck: 0.0466 | grad norm: 0.0162
[2026-07-28 12:14:04] [INFO] [Training] iter 0002 | score: 0.026953 | optimizer: {'ak': 0.022404, 'ck': 0.046619, 'f_plus': 0.026953, 'f_minus': 0.026418, 'gradient_norm': 0.016216, 'best_score': 0.031203}
[2026-07-28 12:14:04] [INFO] [Controller] Running measure sequence. Saving to: C:/Users/Fabrizio/OneDrive - Politecnico di Milano/Tesi/Neuromorphic/N2/N2 code/test_measurements\dd\iter3\plus
[2026-07-28 12:14:04] [INFO] [Controller] No magnetic field explicitly passed; maintaining current state (or controlled externally).
[2026-07-28 12:14:04] [INFO] [Controller] Updating voltages
[2026-07-28 12:14:04] [INFO] [Controller] Measured 3-Axial Magnetic Vector [mT]: [-0.04102607  1.23843606 -0.4592343 ]
[2026-07-28 12:14:05] [INFO] [Saver] Measurement files successfully saved to: C:/Users/Fabrizio/OneDrive - Politecnico di Milano/Tesi/Neuromorphic/N2/N2 code/test_measurements\dd\iter3\plus
[2026-07-28 12:14:05] [INFO] [Controller] Running measure sequence. Saving to: C:/Users/Fabrizio/OneDrive - Politecnico di Milano/Tesi/Neuromorphic/N2/N2 code/test_measurements\dd\iter3\minus
[2026-07-28 12:14:05] [INFO] [Controller] No magnetic field explicitly passed; maintaining current state (or controlled externally).
[2026-07-28 12:14:05] [INFO] [Controller] Updating voltages
[2026-07-28 12:14:05] [INFO] [Controller] Measured 3-Axial Magnetic Vector [mT]: [ 0.04761215  1.24406908 -0.43184416]
[2026-07-28 12:14:06] [INFO] [GUI] Stop requested, waiting for current iteration to complete...
[2026-07-28 12:14:06] [INFO] [Saver] Measurement files successfully saved to: C:/Users/Fabrizio/OneDrive - Politecnico di Milano/Tesi/Neuromorphic/N2/N2 code/test_measurements\dd\iter3\minus
[2026-07-28 12:14:06] [INFO] [SPSA] iter 3 | f+: 0.0279 f-: 0.0253 | ak: 0.0214 ck: 0.0447 | grad norm: 0.0811
[2026-07-28 12:14:06] [INFO] [Training] iter 0003 | score: 0.027869 | optimizer: {'ak': 0.02135, 'ck': 0.044749, 'f_plus': 0.027869, 'f_minus': 0.025302, 'gradient_norm': 0.081122, 'best_score': 0.031203}
[2026-07-28 12:14:06] [INFO] [Training] Training stopped early at iteration 4.
[2026-07-28 12:14:06] [INFO] [Training] Training finished — 4 iterations completed.
[2026-07-28 12:14:06] [INFO] [GUI] Training finished.
[2026-07-28 12:14:48] [INFO] [Controller] Executing Secure Instrument Disconnection Loop
[2026-07-28 12:14:48] [INFO] [FakeDAQ] Task closed (fake).
[2026-07-28 12:14:48] [INFO] [FakeSensor] Released connection handle safely.
[2026-07-28 12:14:48] [INFO] [FakeVNA] Connection closed (fake).
[2026-07-28 12:14:48] [INFO] [Controller] Shutdown routine safely completed.
[2026-07-28 12:14:48] [INFO] [GUI] Settings saved to c:\Users\Fabrizio\OneDrive - Politecnico di Milano\Tesi\Neuromorphic\N2\N2 code\GUI\settings.json
