[2026-07-28 11:41:52] [INFO] [GUI] Settings loaded from c:\Users\Fabrizio\OneDrive - Politecnico di Milano\Tesi\Neuromorphic\N2\N2 code\GUI\settings.json
[2026-07-28 11:41:55] [INFO] [Controller] Beginning System Setup Initialization
[2026-07-28 11:41:55] [INFO] [Controller] Connecting to VNA at GPIB0::20::INSTR...
[2026-07-28 11:41:55] [INFO] [FakeVNA] Connected (fake) at GPIB0::20::INSTR
[2026-07-28 11:41:55] [INFO] [Controller] Power Supply not connected: port not specified
[2026-07-28 11:41:55] [INFO] [Controller] Connecting to 3-Axial Field Sensor...
[2026-07-28 11:41:55] [INFO] [FakeSensor] Initialized mock sensor on configuration port MOCK_PORT
[2026-07-28 11:41:55] [INFO] [FakeSensor] Successfully connected to mock field sensor.
[2026-07-28 11:41:55] [INFO] [FakeSensor] Successfully connected to mock field sensor.
[2026-07-28 11:41:55] [INFO] [Controller] Opening DAQ Task profile: Dev1...
[2026-07-28 11:41:55] [INFO] [FakeDAQ] Initialised — device=Dev1, channels=[0, 1, 2, 3, 4, 5, 6, 7]
[2026-07-28 11:41:55] [INFO] [Controller] System Configuration Complete. Hardware Ready.
[2026-07-28 11:42:06] [INFO] [Controller] Setup Measurement Parameters
[2026-07-28 11:42:06] [INFO] [FakeVNA] Sweep configured: 1.000-5.000 GHz, 200 pts, params=['S21', 'S31']
[2026-07-28 11:42:06] [INFO] [Controller] Running measure sequence. Saving to: C:/Users/Fabrizio/OneDrive - Politecnico di Milano/Tesi/Neuromorphic/N2/N2 code/test_measurements\aa\iter0
[2026-07-28 11:42:06] [INFO] [Controller] No magnetic field explicitly passed; maintaining current state (or controlled externally).
[2026-07-28 11:42:06] [INFO] [Controller] Updating voltages
[2026-07-28 11:42:06] [INFO] [Controller] Measured 3-Axial Magnetic Vector [mT]: [ 0.00482431  1.20335777 -0.46198454]
[2026-07-28 11:42:08] [ERROR] [Training] Training loop raised an exception: Object of type ndarray is not JSON serializable
Traceback (most recent call last):
  File "C:\Users\Fabrizio\OneDrive - Politecnico di Milano\Tesi\Neuromorphic\N2\N2 code\training\training_session.py", line 109, in _run_loop
    new_values, score, optimizer_state = self.optimizer.step()
                                         ~~~~~~~~~~~~~~~~~~~^^
  File "C:\Users\Fabrizio\OneDrive - Politecnico di Milano\Tesi\Neuromorphic\N2\N2 code\training\algorithms\spsa.py", line 65, in step
    self.best_score = self.objective_fn(self.x)
                      ~~~~~~~~~~~~~~~~~^^^^^^^^
  File "C:\Users\Fabrizio\OneDrive - Politecnico di Milano\Tesi\Neuromorphic\N2\N2 code\training\training_session.py", line 60, in _objective
    self._last_data = self.controller.measure(voltages=x, magnetic_field=self.magnetic_field, output_folder=output_folder)
                      ~~~~~~~~~~~~~~~~~~~~~~~^^^^^^^^^^^^^^^^^^^^^^^^^^^^^^^^^^^^^^^^^^^^^^^^^^^^^^^^^^^^^^^^^^^^^^^^^^^^^
  File "C:\Users\Fabrizio\OneDrive - Politecnico di Milano\Tesi\Neuromorphic\N2\N2 code\core\controller_fake.py", line 140, in measure
    MeasurementStorage.save_to_folder(output_folder, data_point)
    ~~~~~~~~~~~~~~~~~~~~~~~~~~~~~~~~~^^^^^^^^^^^^^^^^^^^^^^^^^^^
  File "C:\Users\Fabrizio\OneDrive - Politecnico di Milano\Tesi\Neuromorphic\N2\N2 code\core\storage.py", line 50, in save_to_folder
    json.dump(param_payload, f, indent=4)
    ~~~~~~~~~^^^^^^^^^^^^^^^^^^^^^^^^^^^^
  File "C:\Users\Fabrizio\.conda\envs\base-utils\Lib\json\__init__.py", line 179, in dump
    for chunk in iterable:
                 ^^^^^^^^
  File "C:\Users\Fabrizio\.conda\envs\base-utils\Lib\json\encoder.py", line 433, in _iterencode
    yield from _iterencode_dict(o, _current_indent_level)
  File "C:\Users\Fabrizio\.conda\envs\base-utils\Lib\json\encoder.py", line 407, in _iterencode_dict
    yield from chunks
  File "C:\Users\Fabrizio\.conda\envs\base-utils\Lib\json\encoder.py", line 440, in _iterencode
    o = _default(o)
  File "C:\Users\Fabrizio\.conda\envs\base-utils\Lib\json\encoder.py", line 180, in default
    raise TypeError(f'Object of type {o.__class__.__name__} '
                    f'is not JSON serializable')
TypeError: Object of type ndarray is not JSON serializable
[2026-07-28 11:42:08] [INFO] [Training] Training finished — 0 iterations completed.
[2026-07-28 11:42:08] [INFO] [GUI] Training finished.
[2026-07-28 11:45:11] [INFO] [Controller] Setup Measurement Parameters
[2026-07-28 11:45:11] [INFO] [FakeVNA] Sweep configured: 1.000-5.000 GHz, 200 pts, params=['S21', 'S31']
[2026-07-28 11:45:11] [INFO] [Controller] Running measure sequence. Saving to: C:/Users/Fabrizio/OneDrive - Politecnico di Milano/Tesi/Neuromorphic/N2/N2 code/test_measurements\bu\iter0
[2026-07-28 11:45:11] [INFO] [Controller] No magnetic field explicitly passed; maintaining current state (or controlled externally).
[2026-07-28 11:45:11] [INFO] [Controller] Updating voltages
[2026-07-28 11:45:11] [INFO] [Controller] Measured 3-Axial Magnetic Vector [mT]: [ 0.0038091   1.26948931 -0.43041795]
[2026-07-28 11:45:13] [INFO] [Saver] Measurement files successfully saved to: C:/Users/Fabrizio/OneDrive - Politecnico di Milano/Tesi/Neuromorphic/N2/N2 code/test_measurements\bu\iter0
[2026-07-28 11:45:13] [INFO] [Training] iter 0000 | score: 0.030360 | optimizer: {}
[2026-07-28 11:45:13] [INFO] [Controller] Running measure sequence. Saving to: C:/Users/Fabrizio/OneDrive - Politecnico di Milano/Tesi/Neuromorphic/N2/N2 code/test_measurements\bu\iter1
[2026-07-28 11:45:13] [INFO] [Controller] No magnetic field explicitly passed; maintaining current state (or controlled externally).
[2026-07-28 11:45:13] [INFO] [Controller] Updating voltages
[2026-07-28 11:45:13] [INFO] [Controller] Measured 3-Axial Magnetic Vector [mT]: [ 0.00508807  1.24949443 -0.46976412]
[2026-07-28 11:45:15] [INFO] [Saver] Measurement files successfully saved to: C:/Users/Fabrizio/OneDrive - Politecnico di Milano/Tesi/Neuromorphic/N2/N2 code/test_measurements\bu\iter1
[2026-07-28 11:45:15] [INFO] [DirectSearch] No improvement on channel 4 | score: 0.016448
[2026-07-28 11:45:15] [INFO] [Training] iter 0001 | score: 0.030360 | optimizer: {'tested_config': [0.0, 0.0, 0.0, 0.0, 60.0, 0.0, 0.0, 0.0], 'current_channel': 4, 'round_progress': '1/8'}
[2026-07-28 11:45:15] [INFO] [Controller] Running measure sequence. Saving to: C:/Users/Fabrizio/OneDrive - Politecnico di Milano/Tesi/Neuromorphic/N2/N2 code/test_measurements\bu\iter2
[2026-07-28 11:45:15] [INFO] [Controller] No magnetic field explicitly passed; maintaining current state (or controlled externally).
[2026-07-28 11:45:15] [INFO] [Controller] Updating voltages
[2026-07-28 11:45:15] [INFO] [Controller] Measured 3-Axial Magnetic Vector [mT]: [-0.03240695  1.2369422  -0.45097953]
[2026-07-28 11:45:17] [INFO] [Saver] Measurement files successfully saved to: C:/Users/Fabrizio/OneDrive - Politecnico di Milano/Tesi/Neuromorphic/N2/N2 code/test_measurements\bu\iter2
[2026-07-28 11:45:17] [INFO] [DirectSearch] No improvement on channel 1 | score: 0.021256
[2026-07-28 11:45:17] [INFO] [Training] iter 0002 | score: 0.030360 | optimizer: {'tested_config': [0.0, 60.0, 0.0, 0.0, 0.0, 0.0, 0.0, 0.0], 'current_channel': 1, 'round_progress': '2/8'}
[2026-07-28 11:45:17] [INFO] [Controller] Running measure sequence. Saving to: C:/Users/Fabrizio/OneDrive - Politecnico di Milano/Tesi/Neuromorphic/N2/N2 code/test_measurements\bu\iter3
[2026-07-28 11:45:17] [INFO] [Controller] No magnetic field explicitly passed; maintaining current state (or controlled externally).
[2026-07-28 11:45:17] [INFO] [Controller] Updating voltages
[2026-07-28 11:45:17] [INFO] [Controller] Measured 3-Axial Magnetic Vector [mT]: [-0.02749776  1.26792939 -0.46708631]
[2026-07-28 11:45:19] [INFO] [Saver] Measurement files successfully saved to: C:/Users/Fabrizio/OneDrive - Politecnico di Milano/Tesi/Neuromorphic/N2/N2 code/test_measurements\bu\iter3
[2026-07-28 11:45:19] [INFO] [DirectSearch] No improvement on channel 5 | score: 0.024008
[2026-07-28 11:45:19] [INFO] [Training] iter 0003 | score: 0.030360 | optimizer: {'tested_config': [0.0, 0.0, 0.0, 0.0, 0.0, 10.0, 0.0, 0.0], 'current_channel': 5, 'round_progress': '3/8'}
[2026-07-28 11:45:19] [INFO] [Controller] Running measure sequence. Saving to: C:/Users/Fabrizio/OneDrive - Politecnico di Milano/Tesi/Neuromorphic/N2/N2 code/test_measurements\bu\iter4
[2026-07-28 11:45:19] [INFO] [Controller] No magnetic field explicitly passed; maintaining current state (or controlled externally).
[2026-07-28 11:45:19] [INFO] [Controller] Updating voltages
[2026-07-28 11:45:19] [INFO] [Controller] Measured 3-Axial Magnetic Vector [mT]: [ 1.03415052e-03  1.24862175e+00 -4.40845676e-01]
[2026-07-28 11:45:21] [INFO] [Saver] Measurement files successfully saved to: C:/Users/Fabrizio/OneDrive - Politecnico di Milano/Tesi/Neuromorphic/N2/N2 code/test_measurements\bu\iter4
[2026-07-28 11:45:21] [INFO] [DirectSearch] No improvement on channel 0 | score: 0.021264
[2026-07-28 11:45:21] [INFO] [Training] iter 0004 | score: 0.030360 | optimizer: {'tested_config': [30.0, 0.0, 0.0, 0.0, 0.0, 0.0, 0.0, 0.0], 'current_channel': 0, 'round_progress': '4/8'}
[2026-07-28 11:45:21] [INFO] [Controller] Running measure sequence. Saving to: C:/Users/Fabrizio/OneDrive - Politecnico di Milano/Tesi/Neuromorphic/N2/N2 code/test_measurements\bu\iter5
[2026-07-28 11:45:21] [INFO] [Controller] No magnetic field explicitly passed; maintaining current state (or controlled externally).
[2026-07-28 11:45:21] [INFO] [Controller] Updating voltages
[2026-07-28 11:45:21] [INFO] [Controller] Measured 3-Axial Magnetic Vector [mT]: [-0.03870462  1.211535   -0.43607925]
[2026-07-28 11:45:23] [INFO] [GUI] Stop requested, waiting for current iteration to complete...
[2026-07-28 11:45:23] [INFO] [Saver] Measurement files successfully saved to: C:/Users/Fabrizio/OneDrive - Politecnico di Milano/Tesi/Neuromorphic/N2/N2 code/test_measurements\bu\iter5
[2026-07-28 11:45:23] [INFO] [DirectSearch] No improvement on channel 2 | score: 0.020258
[2026-07-28 11:45:23] [INFO] [Training] iter 0005 | score: 0.030360 | optimizer: {'tested_config': [0.0, 0.0, 30.0, 0.0, 0.0, 0.0, 0.0, 0.0], 'current_channel': 2, 'round_progress': '5/8'}
[2026-07-28 11:45:23] [INFO] [Training] Training stopped early at iteration 6.
[2026-07-28 11:45:23] [INFO] [Training] Training finished — 6 iterations completed.
[2026-07-28 11:45:23] [INFO] [GUI] Training finished.
[2026-07-28 11:51:45] [INFO] [Controller] Executing Secure Instrument Disconnection Loop
[2026-07-28 11:51:45] [INFO] [FakeDAQ] Task closed (fake).
[2026-07-28 11:51:45] [INFO] [FakeSensor] Released connection handle safely.
[2026-07-28 11:51:45] [INFO] [FakeVNA] Connection closed (fake).
[2026-07-28 11:51:45] [INFO] [Controller] Shutdown routine safely completed.
[2026-07-28 11:51:45] [INFO] [GUI] Settings saved to c:\Users\Fabrizio\OneDrive - Politecnico di Milano\Tesi\Neuromorphic\N2\N2 code\GUI\settings.json
