[2026-07-28 12:14:56] [INFO] [GUI] Settings loaded from c:\Users\Fabrizio\OneDrive - Politecnico di Milano\Tesi\Neuromorphic\N2\N2 code\GUI\settings.json
[2026-07-28 12:15:00] [INFO] [Controller] Beginning System Setup Initialization
[2026-07-28 12:15:00] [INFO] [Controller] Connecting to VNA at GPIB0::20::INSTR...
[2026-07-28 12:15:00] [INFO] [FakeVNA] Connected (fake) at GPIB0::20::INSTR
[2026-07-28 12:15:00] [INFO] [Controller] Power Supply not connected: port not specified
[2026-07-28 12:15:00] [INFO] [Controller] Connecting to 3-Axial Field Sensor...
[2026-07-28 12:15:00] [INFO] [FakeSensor] Initialized mock sensor on configuration port MOCK_PORT
[2026-07-28 12:15:00] [INFO] [FakeSensor] Successfully connected to mock field sensor.
[2026-07-28 12:15:00] [INFO] [FakeSensor] Successfully connected to mock field sensor.
[2026-07-28 12:15:00] [INFO] [Controller] Opening DAQ Task profile: Dev1...
[2026-07-28 12:15:00] [INFO] [FakeDAQ] Initialised — device=Dev1, channels=[0, 1, 2, 3, 4, 5, 6, 7]
[2026-07-28 12:15:00] [INFO] [Controller] System Configuration Complete. Hardware Ready.
[2026-07-28 12:15:06] [INFO] [Controller] Setup Measurement Parameters
[2026-07-28 12:15:06] [INFO] [FakeVNA] Sweep configured: 1.000-5.000 GHz, 200 pts, params=['S21']
[2026-07-28 12:15:06] [INFO] [Controller] Running measure sequence. Saving to: C:/Users/Fabrizio/OneDrive - Politecnico di Milano/Tesi/Neuromorphic/N2/N2 code/test_measurements\dd\iter0
[2026-07-28 12:15:06] [INFO] [Controller] No magnetic field explicitly passed; maintaining current state (or controlled externally).
[2026-07-28 12:15:06] [INFO] [Controller] Updating voltages
[2026-07-28 12:15:06] [INFO] [Controller] Measured 3-Axial Magnetic Vector [mT]: [-0.03034922  1.20722193 -0.44144466]
[2026-07-28 12:15:07] [INFO] [Saver] Measurement files successfully saved to: C:/Users/Fabrizio/OneDrive - Politecnico di Milano/Tesi/Neuromorphic/N2/N2 code/test_measurements\dd\iter0
[2026-07-28 12:15:07] [INFO] [Training] iter 0000 | score: 0.019006 | optimizer: {}
[2026-07-28 12:15:07] [INFO] [Controller] Running measure sequence. Saving to: C:/Users/Fabrizio/OneDrive - Politecnico di Milano/Tesi/Neuromorphic/N2/N2 code/test_measurements\dd\iter1
[2026-07-28 12:15:07] [INFO] [Controller] No magnetic field explicitly passed; maintaining current state (or controlled externally).
[2026-07-28 12:15:07] [INFO] [Controller] Updating voltages
[2026-07-28 12:15:07] [INFO] [Controller] Measured 3-Axial Magnetic Vector [mT]: [ 0.02093545  1.24696673 -0.44315982]
[2026-07-28 12:15:08] [INFO] [Saver] Measurement files successfully saved to: C:/Users/Fabrizio/OneDrive - Politecnico di Milano/Tesi/Neuromorphic/N2/N2 code/test_measurements\dd\iter1
[2026-07-28 12:15:08] [INFO] [DirectSearch] Improved — channel 0: 0.0 -> 20.0 | score: 0.023586
[2026-07-28 12:15:08] [INFO] [Training] iter 0001 | score: 0.023586 | optimizer: {'tested_config': [20.0, 0.0, 0.0, 0.0, 0.0, 0.0, 0.0, 0.0], 'current_channel': 0, 'round_progress': '1/8'}
[2026-07-28 12:15:08] [INFO] [Controller] Running measure sequence. Saving to: C:/Users/Fabrizio/OneDrive - Politecnico di Milano/Tesi/Neuromorphic/N2/N2 code/test_measurements\dd\iter2
[2026-07-28 12:15:08] [INFO] [Controller] No magnetic field explicitly passed; maintaining current state (or controlled externally).
[2026-07-28 12:15:08] [INFO] [Controller] Updating voltages
[2026-07-28 12:15:08] [INFO] [Controller] Measured 3-Axial Magnetic Vector [mT]: [ 0.04805159  1.27691703 -0.44527477]
[2026-07-28 12:15:09] [INFO] [Saver] Measurement files successfully saved to: C:/Users/Fabrizio/OneDrive - Politecnico di Milano/Tesi/Neuromorphic/N2/N2 code/test_measurements\dd\iter2
[2026-07-28 12:15:09] [INFO] [DirectSearch] Improved — channel 7: 0.0 -> 60.0 | score: 0.025617
[2026-07-28 12:15:09] [INFO] [Training] iter 0002 | score: 0.025617 | optimizer: {'tested_config': [20.0, 0.0, 0.0, 0.0, 0.0, 0.0, 0.0, 60.0], 'current_channel': 7, 'round_progress': '2/8'}
[2026-07-28 12:15:09] [INFO] [Controller] Running measure sequence. Saving to: C:/Users/Fabrizio/OneDrive - Politecnico di Milano/Tesi/Neuromorphic/N2/N2 code/test_measurements\dd\iter3
[2026-07-28 12:15:09] [INFO] [Controller] No magnetic field explicitly passed; maintaining current state (or controlled externally).
[2026-07-28 12:15:09] [INFO] [Controller] Updating voltages
[2026-07-28 12:15:09] [INFO] [Controller] Measured 3-Axial Magnetic Vector [mT]: [-0.04180421  1.21960053 -0.45908144]
[2026-07-28 12:15:10] [INFO] [Saver] Measurement files successfully saved to: C:/Users/Fabrizio/OneDrive - Politecnico di Milano/Tesi/Neuromorphic/N2/N2 code/test_measurements\dd\iter3
[2026-07-28 12:15:10] [INFO] [DirectSearch] Improved — channel 2: 0.0 -> 60.0 | score: 0.028341
[2026-07-28 12:15:10] [INFO] [Training] iter 0003 | score: 0.028341 | optimizer: {'tested_config': [20.0, 0.0, 60.0, 0.0, 0.0, 0.0, 0.0, 60.0], 'current_channel': 2, 'round_progress': '3/8'}
[2026-07-28 12:15:10] [INFO] [Controller] Running measure sequence. Saving to: C:/Users/Fabrizio/OneDrive - Politecnico di Milano/Tesi/Neuromorphic/N2/N2 code/test_measurements\dd\iter4
[2026-07-28 12:15:10] [INFO] [Controller] No magnetic field explicitly passed; maintaining current state (or controlled externally).
[2026-07-28 12:15:10] [INFO] [Controller] Updating voltages
[2026-07-28 12:15:10] [INFO] [Controller] Measured 3-Axial Magnetic Vector [mT]: [ 0.01420785  1.25068201 -0.4500241 ]
[2026-07-28 12:15:11] [INFO] [Saver] Measurement files successfully saved to: C:/Users/Fabrizio/OneDrive - Politecnico di Milano/Tesi/Neuromorphic/N2/N2 code/test_measurements\dd\iter4
[2026-07-28 12:15:11] [INFO] [DirectSearch] Improved — channel 3: 0.0 -> 50.0 | score: 0.030781
[2026-07-28 12:15:11] [INFO] [Training] iter 0004 | score: 0.030781 | optimizer: {'tested_config': [20.0, 0.0, 60.0, 50.0, 0.0, 0.0, 0.0, 60.0], 'current_channel': 3, 'round_progress': '4/8'}
[2026-07-28 12:15:11] [INFO] [Controller] Running measure sequence. Saving to: C:/Users/Fabrizio/OneDrive - Politecnico di Milano/Tesi/Neuromorphic/N2/N2 code/test_measurements\dd\iter5
[2026-07-28 12:15:11] [INFO] [Controller] No magnetic field explicitly passed; maintaining current state (or controlled externally).
[2026-07-28 12:15:11] [INFO] [Controller] Updating voltages
[2026-07-28 12:15:11] [INFO] [Controller] Measured 3-Axial Magnetic Vector [mT]: [-0.01766172  1.19589638 -0.44903594]
[2026-07-28 12:15:12] [INFO] [Saver] Measurement files successfully saved to: C:/Users/Fabrizio/OneDrive - Politecnico di Milano/Tesi/Neuromorphic/N2/N2 code/test_measurements\dd\iter5
[2026-07-28 12:15:12] [INFO] [DirectSearch] No improvement on channel 4 | score: 0.028054
[2026-07-28 12:15:12] [INFO] [Training] iter 0005 | score: 0.030781 | optimizer: {'tested_config': [20.0, 0.0, 60.0, 50.0, 10.0, 0.0, 0.0, 60.0], 'current_channel': 4, 'round_progress': '5/8'}
[2026-07-28 12:15:12] [INFO] [Controller] Running measure sequence. Saving to: C:/Users/Fabrizio/OneDrive - Politecnico di Milano/Tesi/Neuromorphic/N2/N2 code/test_measurements\dd\iter6
[2026-07-28 12:15:12] [INFO] [Controller] No magnetic field explicitly passed; maintaining current state (or controlled externally).
[2026-07-28 12:15:12] [INFO] [Controller] Updating voltages
[2026-07-28 12:15:12] [INFO] [Controller] Measured 3-Axial Magnetic Vector [mT]: [ 0.01994772  1.26737872 -0.44997329]
[2026-07-28 12:15:13] [INFO] [Saver] Measurement files successfully saved to: C:/Users/Fabrizio/OneDrive - Politecnico di Milano/Tesi/Neuromorphic/N2/N2 code/test_measurements\dd\iter6
[2026-07-28 12:15:13] [INFO] [DirectSearch] No improvement on channel 1 | score: 0.025249
[2026-07-28 12:15:13] [INFO] [Training] iter 0006 | score: 0.030781 | optimizer: {'tested_config': [20.0, 40.0, 60.0, 50.0, 0.0, 0.0, 0.0, 60.0], 'current_channel': 1, 'round_progress': '6/8'}
[2026-07-28 12:15:13] [INFO] [Controller] Running measure sequence. Saving to: C:/Users/Fabrizio/OneDrive - Politecnico di Milano/Tesi/Neuromorphic/N2/N2 code/test_measurements\dd\iter7
[2026-07-28 12:15:13] [INFO] [Controller] No magnetic field explicitly passed; maintaining current state (or controlled externally).
[2026-07-28 12:15:13] [INFO] [Controller] Updating voltages
[2026-07-28 12:15:13] [INFO] [Controller] Measured 3-Axial Magnetic Vector [mT]: [ 0.03701472  1.2691028  -0.44512348]
[2026-07-28 12:15:14] [INFO] [Saver] Measurement files successfully saved to: C:/Users/Fabrizio/OneDrive - Politecnico di Milano/Tesi/Neuromorphic/N2/N2 code/test_measurements\dd\iter7
[2026-07-28 12:15:14] [INFO] [DirectSearch] No improvement on channel 5 | score: 0.022405
[2026-07-28 12:15:14] [INFO] [Training] iter 0007 | score: 0.030781 | optimizer: {'tested_config': [20.0, 0.0, 60.0, 50.0, 0.0, 20.0, 0.0, 60.0], 'current_channel': 5, 'round_progress': '7/8'}
[2026-07-28 12:15:14] [INFO] [Controller] Running measure sequence. Saving to: C:/Users/Fabrizio/OneDrive - Politecnico di Milano/Tesi/Neuromorphic/N2/N2 code/test_measurements\dd\iter8
[2026-07-28 12:15:14] [INFO] [Controller] No magnetic field explicitly passed; maintaining current state (or controlled externally).
[2026-07-28 12:15:14] [INFO] [Controller] Updating voltages
[2026-07-28 12:15:14] [INFO] [Controller] Measured 3-Axial Magnetic Vector [mT]: [-0.03784607  1.19999496 -0.44791353]
[2026-07-28 12:15:15] [INFO] [Saver] Measurement files successfully saved to: C:/Users/Fabrizio/OneDrive - Politecnico di Milano/Tesi/Neuromorphic/N2/N2 code/test_measurements\dd\iter8
[2026-07-28 12:15:15] [INFO] [DirectSearch] No improvement on channel 6 | score: 0.023901
[2026-07-28 12:15:15] [INFO] [DirectSearch] Round complete. Starting new round with shuffled order.
[2026-07-28 12:15:15] [INFO] [Training] iter 0008 | score: 0.030781 | optimizer: {'tested_config': [20.0, 0.0, 60.0, 50.0, 0.0, 0.0, 40.0, 60.0], 'current_channel': 6, 'round_progress': '0/8'}
[2026-07-28 12:15:15] [INFO] [Controller] Running measure sequence. Saving to: C:/Users/Fabrizio/OneDrive - Politecnico di Milano/Tesi/Neuromorphic/N2/N2 code/test_measurements\dd\iter9
[2026-07-28 12:15:15] [INFO] [Controller] No magnetic field explicitly passed; maintaining current state (or controlled externally).
[2026-07-28 12:15:15] [INFO] [Controller] Updating voltages
[2026-07-28 12:15:15] [INFO] [Controller] Measured 3-Axial Magnetic Vector [mT]: [ 0.01676771  1.21838538 -0.46535794]
[2026-07-28 12:15:16] [INFO] [Saver] Measurement files successfully saved to: C:/Users/Fabrizio/OneDrive - Politecnico di Milano/Tesi/Neuromorphic/N2/N2 code/test_measurements\dd\iter9
[2026-07-28 12:15:16] [INFO] [DirectSearch] No improvement on channel 3 | score: 0.021964
[2026-07-28 12:15:16] [INFO] [Training] iter 0009 | score: 0.030781 | optimizer: {'tested_config': [20.0, 0.0, 60.0, 40.0, 0.0, 0.0, 0.0, 60.0], 'current_channel': 3, 'round_progress': '1/8'}
[2026-07-28 12:15:16] [INFO] [Controller] Running measure sequence. Saving to: C:/Users/Fabrizio/OneDrive - Politecnico di Milano/Tesi/Neuromorphic/N2/N2 code/test_measurements\dd\iter10
[2026-07-28 12:15:16] [INFO] [Controller] No magnetic field explicitly passed; maintaining current state (or controlled externally).
[2026-07-28 12:15:16] [INFO] [Controller] Updating voltages
[2026-07-28 12:15:16] [INFO] [Controller] Measured 3-Axial Magnetic Vector [mT]: [-0.04640112  1.20623443 -0.46877898]
[2026-07-28 12:15:17] [INFO] [Saver] Measurement files successfully saved to: C:/Users/Fabrizio/OneDrive - Politecnico di Milano/Tesi/Neuromorphic/N2/N2 code/test_measurements\dd\iter10
[2026-07-28 12:15:17] [INFO] [DirectSearch] No improvement on channel 4 | score: 0.027366
[2026-07-28 12:15:17] [INFO] [Training] iter 0010 | score: 0.030781 | optimizer: {'tested_config': [20.0, 0.0, 60.0, 50.0, 50.0, 0.0, 0.0, 60.0], 'current_channel': 4, 'round_progress': '2/8'}
[2026-07-28 12:15:17] [INFO] [Controller] Running measure sequence. Saving to: C:/Users/Fabrizio/OneDrive - Politecnico di Milano/Tesi/Neuromorphic/N2/N2 code/test_measurements\dd\iter11
[2026-07-28 12:15:17] [INFO] [Controller] No magnetic field explicitly passed; maintaining current state (or controlled externally).
[2026-07-28 12:15:17] [INFO] [Controller] Updating voltages
[2026-07-28 12:15:17] [INFO] [Controller] Measured 3-Axial Magnetic Vector [mT]: [ 0.00197478  1.19961535 -0.46454308]
[2026-07-28 12:15:18] [INFO] [Saver] Measurement files successfully saved to: C:/Users/Fabrizio/OneDrive - Politecnico di Milano/Tesi/Neuromorphic/N2/N2 code/test_measurements\dd\iter11
[2026-07-28 12:15:18] [INFO] [DirectSearch] No improvement on channel 6 | score: 0.028251
[2026-07-28 12:15:18] [INFO] [Training] iter 0011 | score: 0.030781 | optimizer: {'tested_config': [20.0, 0.0, 60.0, 50.0, 0.0, 0.0, 20.0, 60.0], 'current_channel': 6, 'round_progress': '3/8'}
[2026-07-28 12:15:18] [INFO] [Controller] Running measure sequence. Saving to: C:/Users/Fabrizio/OneDrive - Politecnico di Milano/Tesi/Neuromorphic/N2/N2 code/test_measurements\dd\iter12
[2026-07-28 12:15:18] [INFO] [Controller] No magnetic field explicitly passed; maintaining current state (or controlled externally).
[2026-07-28 12:15:18] [INFO] [Controller] Updating voltages
[2026-07-28 12:15:18] [INFO] [Controller] Measured 3-Axial Magnetic Vector [mT]: [ 0.02188909  1.26850725 -0.45374112]
[2026-07-28 12:15:19] [INFO] [Saver] Measurement files successfully saved to: C:/Users/Fabrizio/OneDrive - Politecnico di Milano/Tesi/Neuromorphic/N2/N2 code/test_measurements\dd\iter12
[2026-07-28 12:15:19] [INFO] [DirectSearch] No improvement on channel 7 | score: 0.023278
[2026-07-28 12:15:19] [INFO] [Training] iter 0012 | score: 0.030781 | optimizer: {'tested_config': [20.0, 0.0, 60.0, 50.0, 0.0, 0.0, 0.0, 40.0], 'current_channel': 7, 'round_progress': '4/8'}
[2026-07-28 12:15:19] [INFO] [Controller] Running measure sequence. Saving to: C:/Users/Fabrizio/OneDrive - Politecnico di Milano/Tesi/Neuromorphic/N2/N2 code/test_measurements\dd\iter13
[2026-07-28 12:15:19] [INFO] [Controller] No magnetic field explicitly passed; maintaining current state (or controlled externally).
[2026-07-28 12:15:19] [INFO] [Controller] Updating voltages
[2026-07-28 12:15:19] [INFO] [Controller] Measured 3-Axial Magnetic Vector [mT]: [-0.0363092   1.21740559 -0.44256806]
[2026-07-28 12:15:20] [INFO] [Saver] Measurement files successfully saved to: C:/Users/Fabrizio/OneDrive - Politecnico di Milano/Tesi/Neuromorphic/N2/N2 code/test_measurements\dd\iter13
[2026-07-28 12:15:20] [INFO] [DirectSearch] No improvement on channel 5 | score: 0.029092
[2026-07-28 12:15:20] [INFO] [Training] iter 0013 | score: 0.030781 | optimizer: {'tested_config': [20.0, 0.0, 60.0, 50.0, 0.0, 50.0, 0.0, 60.0], 'current_channel': 5, 'round_progress': '5/8'}
[2026-07-28 12:15:20] [INFO] [Controller] Running measure sequence. Saving to: C:/Users/Fabrizio/OneDrive - Politecnico di Milano/Tesi/Neuromorphic/N2/N2 code/test_measurements\dd\iter14
[2026-07-28 12:15:20] [INFO] [Controller] No magnetic field explicitly passed; maintaining current state (or controlled externally).
[2026-07-28 12:15:20] [INFO] [Controller] Updating voltages
[2026-07-28 12:15:20] [INFO] [Controller] Measured 3-Axial Magnetic Vector [mT]: [-0.04957244  1.23188914 -0.46228113]
[2026-07-28 12:15:21] [INFO] [Saver] Measurement files successfully saved to: C:/Users/Fabrizio/OneDrive - Politecnico di Milano/Tesi/Neuromorphic/N2/N2 code/test_measurements\dd\iter14
[2026-07-28 12:15:21] [INFO] [DirectSearch] Improved — channel 0: 20.0 -> 10.0 | score: 0.031211
[2026-07-28 12:15:21] [INFO] [Training] iter 0014 | score: 0.031211 | optimizer: {'tested_config': [10.0, 0.0, 60.0, 50.0, 0.0, 0.0, 0.0, 60.0], 'current_channel': 0, 'round_progress': '6/8'}
[2026-07-28 12:15:21] [INFO] [Controller] Running measure sequence. Saving to: C:/Users/Fabrizio/OneDrive - Politecnico di Milano/Tesi/Neuromorphic/N2/N2 code/test_measurements\dd\iter15
[2026-07-28 12:15:21] [INFO] [Controller] No magnetic field explicitly passed; maintaining current state (or controlled externally).
[2026-07-28 12:15:21] [INFO] [Controller] Updating voltages
[2026-07-28 12:15:21] [INFO] [Controller] Measured 3-Axial Magnetic Vector [mT]: [ 0.0370609   1.24457099 -0.44382897]
[2026-07-28 12:15:22] [INFO] [Saver] Measurement files successfully saved to: C:/Users/Fabrizio/OneDrive - Politecnico di Milano/Tesi/Neuromorphic/N2/N2 code/test_measurements\dd\iter15
[2026-07-28 12:15:22] [INFO] [DirectSearch] No improvement on channel 1 | score: 0.021069
[2026-07-28 12:15:22] [INFO] [Training] iter 0015 | score: 0.031211 | optimizer: {'tested_config': [10.0, 30.0, 60.0, 50.0, 0.0, 0.0, 0.0, 60.0], 'current_channel': 1, 'round_progress': '7/8'}
[2026-07-28 12:15:22] [INFO] [Controller] Running measure sequence. Saving to: C:/Users/Fabrizio/OneDrive - Politecnico di Milano/Tesi/Neuromorphic/N2/N2 code/test_measurements\dd\iter16
[2026-07-28 12:15:22] [INFO] [Controller] No magnetic field explicitly passed; maintaining current state (or controlled externally).
[2026-07-28 12:15:22] [INFO] [Controller] Updating voltages
[2026-07-28 12:15:22] [INFO] [Controller] Measured 3-Axial Magnetic Vector [mT]: [-0.01089557  1.25416949 -0.45387443]
[2026-07-28 12:15:23] [INFO] [Saver] Measurement files successfully saved to: C:/Users/Fabrizio/OneDrive - Politecnico di Milano/Tesi/Neuromorphic/N2/N2 code/test_measurements\dd\iter16
[2026-07-28 12:15:23] [INFO] [DirectSearch] No improvement on channel 2 | score: 0.022860
[2026-07-28 12:15:23] [INFO] [DirectSearch] Round complete. Starting new round with shuffled order.
[2026-07-28 12:15:23] [INFO] [Training] iter 0016 | score: 0.031211 | optimizer: {'tested_config': [10.0, 0.0, 40.0, 50.0, 0.0, 0.0, 0.0, 60.0], 'current_channel': 2, 'round_progress': '0/8'}
[2026-07-28 12:15:23] [INFO] [Controller] Running measure sequence. Saving to: C:/Users/Fabrizio/OneDrive - Politecnico di Milano/Tesi/Neuromorphic/N2/N2 code/test_measurements\dd\iter17
[2026-07-28 12:15:23] [INFO] [Controller] No magnetic field explicitly passed; maintaining current state (or controlled externally).
[2026-07-28 12:15:23] [INFO] [Controller] Updating voltages
[2026-07-28 12:15:23] [INFO] [Controller] Measured 3-Axial Magnetic Vector [mT]: [-0.04783665  1.27925932 -0.4387049 ]
[2026-07-28 12:15:24] [INFO] [Saver] Measurement files successfully saved to: C:/Users/Fabrizio/OneDrive - Politecnico di Milano/Tesi/Neuromorphic/N2/N2 code/test_measurements\dd\iter17
[2026-07-28 12:15:24] [INFO] [DirectSearch] No improvement on channel 2 | score: 0.026580
[2026-07-28 12:15:24] [ERROR] [Training] Training loop raised an exception: [Errno 13] Permission denied: 'C:/Users/Fabrizio/OneDrive - Politecnico di Milano/Tesi/Neuromorphic/N2/N2 code/test_measurements\\dd\\summary.csv'
Traceback (most recent call last):
  File "C:\Users\Fabrizio\OneDrive - Politecnico di Milano\Tesi\Neuromorphic\N2\N2 code\training\training_session.py", line 115, in _run_loop
    self._update_summary_csv()
    ~~~~~~~~~~~~~~~~~~~~~~~~^^
  File "C:\Users\Fabrizio\OneDrive - Politecnico di Milano\Tesi\Neuromorphic\N2\N2 code\training\training_session.py", line 159, in _update_summary_csv
    pd.DataFrame(rows).to_csv(path, index=False)
    ~~~~~~~~~~~~~~~~~~~~~~~~~^^^^^^^^^^^^^^^^^^^
  File "C:\Users\Fabrizio\.conda\envs\base-utils\Lib\site-packages\pandas\util\_decorators.py", line 333, in wrapper
    return func(*args, **kwargs)
  File "C:\Users\Fabrizio\.conda\envs\base-utils\Lib\site-packages\pandas\core\generic.py", line 3967, in to_csv
    return DataFrameRenderer(formatter).to_csv(
           ~~~~~~~~~~~~~~~~~~~~~~~~~~~~~~~~~~~^
        path_or_buf,
        ^^^^^^^^^^^^
    ...<14 lines>...
        storage_options=storage_options,
        ^^^^^^^^^^^^^^^^^^^^^^^^^^^^^^^^
    )
    ^
  File "C:\Users\Fabrizio\.conda\envs\base-utils\Lib\site-packages\pandas\io\formats\format.py", line 1014, in to_csv
    csv_formatter.save()
    ~~~~~~~~~~~~~~~~~~^^
  File "C:\Users\Fabrizio\.conda\envs\base-utils\Lib\site-packages\pandas\io\formats\csvs.py", line 251, in save
    with get_handle(
         ~~~~~~~~~~^
        self.filepath_or_buffer,
        ^^^^^^^^^^^^^^^^^^^^^^^^
    ...<4 lines>...
        storage_options=self.storage_options,
        ^^^^^^^^^^^^^^^^^^^^^^^^^^^^^^^^^^^^^
    ) as handles:
    ^
  File "C:\Users\Fabrizio\.conda\envs\base-utils\Lib\site-packages\pandas\io\common.py", line 873, in get_handle
    handle = open(
        handle,
    ...<3 lines>...
        newline="",
    )
PermissionError: [Errno 13] Permission denied: 'C:/Users/Fabrizio/OneDrive - Politecnico di Milano/Tesi/Neuromorphic/N2/N2 code/test_measurements\\dd\\summary.csv'
[2026-07-28 12:15:24] [INFO] [Training] Training finished — 17 iterations completed.
[2026-07-28 12:15:24] [INFO] [GUI] Training finished.
[2026-07-28 12:15:57] [INFO] [Controller] Setup Measurement Parameters
[2026-07-28 12:15:57] [INFO] [FakeVNA] Sweep configured: 1.000-5.000 GHz, 200 pts, params=['S21']
[2026-07-28 12:15:57] [INFO] [Controller] Running measure sequence. Saving to: C:/Users/Fabrizio/OneDrive - Politecnico di Milano/Tesi/Neuromorphic/N2/N2 code/test_measurements\gg\iter0
[2026-07-28 12:15:57] [INFO] [Controller] No magnetic field explicitly passed; maintaining current state (or controlled externally).
[2026-07-28 12:15:57] [INFO] [Controller] Updating voltages
[2026-07-28 12:15:57] [INFO] [Controller] Measured 3-Axial Magnetic Vector [mT]: [-0.00684192  1.27565717 -0.46448789]
[2026-07-28 12:15:58] [INFO] [Saver] Measurement files successfully saved to: C:/Users/Fabrizio/OneDrive - Politecnico di Milano/Tesi/Neuromorphic/N2/N2 code/test_measurements\gg\iter0
[2026-07-28 12:15:58] [INFO] [Training] iter 0000 | score: 0.020688 | optimizer: {}
[2026-07-28 12:15:58] [INFO] [Controller] Running measure sequence. Saving to: C:/Users/Fabrizio/OneDrive - Politecnico di Milano/Tesi/Neuromorphic/N2/N2 code/test_measurements\gg\iter1
[2026-07-28 12:15:58] [INFO] [Controller] No magnetic field explicitly passed; maintaining current state (or controlled externally).
[2026-07-28 12:15:58] [INFO] [Controller] Updating voltages
[2026-07-28 12:15:58] [INFO] [Controller] Measured 3-Axial Magnetic Vector [mT]: [-0.01813155  1.28534814 -0.44637376]
[2026-07-28 12:15:59] [INFO] [Saver] Measurement files successfully saved to: C:/Users/Fabrizio/OneDrive - Politecnico di Milano/Tesi/Neuromorphic/N2/N2 code/test_measurements\gg\iter1
[2026-07-28 12:15:59] [INFO] [DirectSearch] Improved — channel 7: 0.0 -> 10.0 | score: 0.022930
[2026-07-28 12:15:59] [INFO] [Training] iter 0001 | score: 0.022930 | optimizer: {'tested_config': [0.0, 0.0, 0.0, 0.0, 0.0, 0.0, 0.0, 10.0], 'current_channel': 7, 'round_progress': '1/8'}
[2026-07-28 12:15:59] [INFO] [Controller] Running measure sequence. Saving to: C:/Users/Fabrizio/OneDrive - Politecnico di Milano/Tesi/Neuromorphic/N2/N2 code/test_measurements\gg\iter2
[2026-07-28 12:15:59] [INFO] [Controller] No magnetic field explicitly passed; maintaining current state (or controlled externally).
[2026-07-28 12:15:59] [INFO] [Controller] Updating voltages
[2026-07-28 12:15:59] [INFO] [Controller] Measured 3-Axial Magnetic Vector [mT]: [-0.02888713  1.26251787 -0.43004134]
[2026-07-28 12:16:00] [INFO] [Saver] Measurement files successfully saved to: C:/Users/Fabrizio/OneDrive - Politecnico di Milano/Tesi/Neuromorphic/N2/N2 code/test_measurements\gg\iter2
[2026-07-28 12:16:00] [INFO] [DirectSearch] Improved — channel 5: 0.0 -> 50.0 | score: 0.024036
[2026-07-28 12:16:00] [INFO] [Training] iter 0002 | score: 0.024036 | optimizer: {'tested_config': [0.0, 0.0, 0.0, 0.0, 0.0, 50.0, 0.0, 10.0], 'current_channel': 5, 'round_progress': '2/8'}
[2026-07-28 12:16:00] [INFO] [Controller] Running measure sequence. Saving to: C:/Users/Fabrizio/OneDrive - Politecnico di Milano/Tesi/Neuromorphic/N2/N2 code/test_measurements\gg\iter3
[2026-07-28 12:16:00] [INFO] [Controller] No magnetic field explicitly passed; maintaining current state (or controlled externally).
[2026-07-28 12:16:00] [INFO] [Controller] Updating voltages
[2026-07-28 12:16:00] [INFO] [Controller] Measured 3-Axial Magnetic Vector [mT]: [-0.00685058  1.265518   -0.45795569]
[2026-07-28 12:16:01] [INFO] [Saver] Measurement files successfully saved to: C:/Users/Fabrizio/OneDrive - Politecnico di Milano/Tesi/Neuromorphic/N2/N2 code/test_measurements\gg\iter3
[2026-07-28 12:16:01] [INFO] [DirectSearch] Improved — channel 4: 0.0 -> 30.0 | score: 0.031203
[2026-07-28 12:16:01] [INFO] [Training] iter 0003 | score: 0.031203 | optimizer: {'tested_config': [0.0, 0.0, 0.0, 0.0, 30.0, 50.0, 0.0, 10.0], 'current_channel': 4, 'round_progress': '3/8'}
[2026-07-28 12:16:01] [INFO] [Controller] Running measure sequence. Saving to: C:/Users/Fabrizio/OneDrive - Politecnico di Milano/Tesi/Neuromorphic/N2/N2 code/test_measurements\gg\iter4
[2026-07-28 12:16:01] [INFO] [Controller] No magnetic field explicitly passed; maintaining current state (or controlled externally).
[2026-07-28 12:16:01] [INFO] [Controller] Updating voltages
[2026-07-28 12:16:01] [INFO] [Controller] Measured 3-Axial Magnetic Vector [mT]: [ 0.04636343  1.25045643 -0.4379771 ]
[2026-07-28 12:16:02] [INFO] [Saver] Measurement files successfully saved to: C:/Users/Fabrizio/OneDrive - Politecnico di Milano/Tesi/Neuromorphic/N2/N2 code/test_measurements\gg\iter4
[2026-07-28 12:16:02] [INFO] [DirectSearch] No improvement on channel 0 | score: 0.024984
[2026-07-28 12:16:02] [INFO] [Training] iter 0004 | score: 0.031203 | optimizer: {'tested_config': [60.0, 0.0, 0.0, 0.0, 30.0, 50.0, 0.0, 10.0], 'current_channel': 0, 'round_progress': '4/8'}
[2026-07-28 12:16:02] [INFO] [Controller] Running measure sequence. Saving to: C:/Users/Fabrizio/OneDrive - Politecnico di Milano/Tesi/Neuromorphic/N2/N2 code/test_measurements\gg\iter5
[2026-07-28 12:16:02] [INFO] [Controller] No magnetic field explicitly passed; maintaining current state (or controlled externally).
[2026-07-28 12:16:02] [INFO] [Controller] Updating voltages
[2026-07-28 12:16:02] [INFO] [Controller] Measured 3-Axial Magnetic Vector [mT]: [-0.02595318  1.2602613  -0.4671077 ]
[2026-07-28 12:16:03] [INFO] [Saver] Measurement files successfully saved to: C:/Users/Fabrizio/OneDrive - Politecnico di Milano/Tesi/Neuromorphic/N2/N2 code/test_measurements\gg\iter5
[2026-07-28 12:16:03] [INFO] [DirectSearch] No improvement on channel 6 | score: 0.026953
[2026-07-28 12:16:03] [INFO] [Training] iter 0005 | score: 0.031203 | optimizer: {'tested_config': [0.0, 0.0, 0.0, 0.0, 30.0, 50.0, 50.0, 10.0], 'current_channel': 6, 'round_progress': '5/8'}
[2026-07-28 12:16:03] [INFO] [Controller] Running measure sequence. Saving to: C:/Users/Fabrizio/OneDrive - Politecnico di Milano/Tesi/Neuromorphic/N2/N2 code/test_measurements\gg\iter6
[2026-07-28 12:16:03] [INFO] [Controller] No magnetic field explicitly passed; maintaining current state (or controlled externally).
[2026-07-28 12:16:03] [INFO] [Controller] Updating voltages
[2026-07-28 12:16:03] [INFO] [Controller] Measured 3-Axial Magnetic Vector [mT]: [ 0.04902296  1.27532882 -0.4410891 ]
[2026-07-28 12:16:04] [INFO] [Saver] Measurement files successfully saved to: C:/Users/Fabrizio/OneDrive - Politecnico di Milano/Tesi/Neuromorphic/N2/N2 code/test_measurements\gg\iter6
[2026-07-28 12:16:04] [INFO] [DirectSearch] No improvement on channel 2 | score: 0.026418
[2026-07-28 12:16:04] [INFO] [Training] iter 0006 | score: 0.031203 | optimizer: {'tested_config': [0.0, 0.0, 20.0, 0.0, 30.0, 50.0, 0.0, 10.0], 'current_channel': 2, 'round_progress': '6/8'}
[2026-07-28 12:16:04] [INFO] [Controller] Running measure sequence. Saving to: C:/Users/Fabrizio/OneDrive - Politecnico di Milano/Tesi/Neuromorphic/N2/N2 code/test_measurements\gg\iter7
[2026-07-28 12:16:04] [INFO] [Controller] No magnetic field explicitly passed; maintaining current state (or controlled externally).
[2026-07-28 12:16:04] [INFO] [Controller] Updating voltages
[2026-07-28 12:16:04] [INFO] [Controller] Measured 3-Axial Magnetic Vector [mT]: [ 0.029492    1.1985171  -0.44971471]
[2026-07-28 12:16:05] [INFO] [Saver] Measurement files successfully saved to: C:/Users/Fabrizio/OneDrive - Politecnico di Milano/Tesi/Neuromorphic/N2/N2 code/test_measurements\gg\iter7
[2026-07-28 12:16:05] [INFO] [DirectSearch] No improvement on channel 1 | score: 0.027869
[2026-07-28 12:16:05] [INFO] [Training] iter 0007 | score: 0.031203 | optimizer: {'tested_config': [0.0, 10.0, 0.0, 0.0, 30.0, 50.0, 0.0, 10.0], 'current_channel': 1, 'round_progress': '7/8'}
[2026-07-28 12:16:05] [INFO] [Controller] Running measure sequence. Saving to: C:/Users/Fabrizio/OneDrive - Politecnico di Milano/Tesi/Neuromorphic/N2/N2 code/test_measurements\gg\iter8
[2026-07-28 12:16:05] [INFO] [Controller] No magnetic field explicitly passed; maintaining current state (or controlled externally).
[2026-07-28 12:16:05] [INFO] [Controller] Updating voltages
[2026-07-28 12:16:05] [INFO] [Controller] Measured 3-Axial Magnetic Vector [mT]: [ 0.00695639  1.22628744 -0.46425737]
[2026-07-28 12:16:06] [INFO] [Saver] Measurement files successfully saved to: C:/Users/Fabrizio/OneDrive - Politecnico di Milano/Tesi/Neuromorphic/N2/N2 code/test_measurements\gg\iter8
[2026-07-28 12:16:06] [INFO] [DirectSearch] No improvement on channel 3 | score: 0.025302
[2026-07-28 12:16:06] [INFO] [DirectSearch] Round complete. Starting new round with shuffled order.
[2026-07-28 12:16:06] [INFO] [Training] iter 0008 | score: 0.031203 | optimizer: {'tested_config': [0.0, 0.0, 0.0, 20.0, 30.0, 50.0, 0.0, 10.0], 'current_channel': 3, 'round_progress': '0/8'}
[2026-07-28 12:16:06] [INFO] [Controller] Running measure sequence. Saving to: C:/Users/Fabrizio/OneDrive - Politecnico di Milano/Tesi/Neuromorphic/N2/N2 code/test_measurements\gg\iter9
[2026-07-28 12:16:06] [INFO] [Controller] No magnetic field explicitly passed; maintaining current state (or controlled externally).
[2026-07-28 12:16:06] [INFO] [Controller] Updating voltages
[2026-07-28 12:16:06] [INFO] [Controller] Measured 3-Axial Magnetic Vector [mT]: [-0.01634181  1.23416756 -0.43649423]
[2026-07-28 12:16:07] [INFO] [Saver] Measurement files successfully saved to: C:/Users/Fabrizio/OneDrive - Politecnico di Milano/Tesi/Neuromorphic/N2/N2 code/test_measurements\gg\iter9
[2026-07-28 12:16:07] [INFO] [DirectSearch] No improvement on channel 0 | score: 0.026621
[2026-07-28 12:16:07] [INFO] [Training] iter 0009 | score: 0.031203 | optimizer: {'tested_config': [10.0, 0.0, 0.0, 0.0, 30.0, 50.0, 0.0, 10.0], 'current_channel': 0, 'round_progress': '1/8'}
[2026-07-28 12:16:07] [INFO] [Controller] Running measure sequence. Saving to: C:/Users/Fabrizio/OneDrive - Politecnico di Milano/Tesi/Neuromorphic/N2/N2 code/test_measurements\gg\iter10
[2026-07-28 12:16:07] [INFO] [Controller] No magnetic field explicitly passed; maintaining current state (or controlled externally).
[2026-07-28 12:16:07] [INFO] [Controller] Updating voltages
[2026-07-28 12:16:07] [INFO] [Controller] Measured 3-Axial Magnetic Vector [mT]: [ 0.01918856  1.2202746  -0.44575058]
[2026-07-28 12:16:08] [INFO] [Saver] Measurement files successfully saved to: C:/Users/Fabrizio/OneDrive - Politecnico di Milano/Tesi/Neuromorphic/N2/N2 code/test_measurements\gg\iter10
[2026-07-28 12:16:08] [INFO] [DirectSearch] No improvement on channel 3 | score: 0.026711
[2026-07-28 12:16:08] [INFO] [Training] iter 0010 | score: 0.031203 | optimizer: {'tested_config': [0.0, 0.0, 0.0, 10.0, 30.0, 50.0, 0.0, 10.0], 'current_channel': 3, 'round_progress': '2/8'}
[2026-07-28 12:16:08] [INFO] [Controller] Running measure sequence. Saving to: C:/Users/Fabrizio/OneDrive - Politecnico di Milano/Tesi/Neuromorphic/N2/N2 code/test_measurements\gg\iter11
[2026-07-28 12:16:08] [INFO] [Controller] No magnetic field explicitly passed; maintaining current state (or controlled externally).
[2026-07-28 12:16:08] [INFO] [Controller] Updating voltages
[2026-07-28 12:16:08] [INFO] [Controller] Measured 3-Axial Magnetic Vector [mT]: [-0.04302474  1.26111675 -0.43864148]
[2026-07-28 12:16:09] [INFO] [Saver] Measurement files successfully saved to: C:/Users/Fabrizio/OneDrive - Politecnico di Milano/Tesi/Neuromorphic/N2/N2 code/test_measurements\gg\iter11
[2026-07-28 12:16:09] [INFO] [DirectSearch] No improvement on channel 7 | score: 0.025435
[2026-07-28 12:16:09] [INFO] [Training] iter 0011 | score: 0.031203 | optimizer: {'tested_config': [0.0, 0.0, 0.0, 0.0, 30.0, 50.0, 0.0, 30.0], 'current_channel': 7, 'round_progress': '3/8'}
[2026-07-28 12:16:09] [INFO] [Controller] Running measure sequence. Saving to: C:/Users/Fabrizio/OneDrive - Politecnico di Milano/Tesi/Neuromorphic/N2/N2 code/test_measurements\gg\iter12
[2026-07-28 12:16:09] [INFO] [Controller] No magnetic field explicitly passed; maintaining current state (or controlled externally).
[2026-07-28 12:16:09] [INFO] [Controller] Updating voltages
[2026-07-28 12:16:09] [INFO] [Controller] Measured 3-Axial Magnetic Vector [mT]: [ 0.02789618  1.26474401 -0.4418278 ]
[2026-07-28 12:16:10] [INFO] [Saver] Measurement files successfully saved to: C:/Users/Fabrizio/OneDrive - Politecnico di Milano/Tesi/Neuromorphic/N2/N2 code/test_measurements\gg\iter12
[2026-07-28 12:16:10] [INFO] [DirectSearch] No improvement on channel 6 | score: 0.027158
[2026-07-28 12:16:10] [INFO] [Training] iter 0012 | score: 0.031203 | optimizer: {'tested_config': [0.0, 0.0, 0.0, 0.0, 30.0, 50.0, 30.0, 10.0], 'current_channel': 6, 'round_progress': '4/8'}
[2026-07-28 12:16:10] [INFO] [Controller] Running measure sequence. Saving to: C:/Users/Fabrizio/OneDrive - Politecnico di Milano/Tesi/Neuromorphic/N2/N2 code/test_measurements\gg\iter13
[2026-07-28 12:16:10] [INFO] [Controller] No magnetic field explicitly passed; maintaining current state (or controlled externally).
[2026-07-28 12:16:10] [INFO] [Controller] Updating voltages
[2026-07-28 12:16:10] [INFO] [Controller] Measured 3-Axial Magnetic Vector [mT]: [-0.03706246  1.19268664 -0.46224148]
[2026-07-28 12:16:11] [INFO] [Saver] Measurement files successfully saved to: C:/Users/Fabrizio/OneDrive - Politecnico di Milano/Tesi/Neuromorphic/N2/N2 code/test_measurements\gg\iter13
[2026-07-28 12:16:11] [INFO] [DirectSearch] No improvement on channel 5 | score: 0.030530
[2026-07-28 12:16:11] [INFO] [Training] iter 0013 | score: 0.031203 | optimizer: {'tested_config': [0.0, 0.0, 0.0, 0.0, 30.0, 40.0, 0.0, 10.0], 'current_channel': 5, 'round_progress': '5/8'}
[2026-07-28 12:16:11] [INFO] [Controller] Running measure sequence. Saving to: C:/Users/Fabrizio/OneDrive - Politecnico di Milano/Tesi/Neuromorphic/N2/N2 code/test_measurements\gg\iter14
[2026-07-28 12:16:11] [INFO] [Controller] No magnetic field explicitly passed; maintaining current state (or controlled externally).
[2026-07-28 12:16:11] [INFO] [Controller] Updating voltages
[2026-07-28 12:16:11] [INFO] [Controller] Measured 3-Axial Magnetic Vector [mT]: [ 0.00272916  1.2049785  -0.43785779]
[2026-07-28 12:16:12] [INFO] [Saver] Measurement files successfully saved to: C:/Users/Fabrizio/OneDrive - Politecnico di Milano/Tesi/Neuromorphic/N2/N2 code/test_measurements\gg\iter14
[2026-07-28 12:16:12] [INFO] [DirectSearch] No improvement on channel 2 | score: 0.024880
[2026-07-28 12:16:12] [INFO] [Training] iter 0014 | score: 0.031203 | optimizer: {'tested_config': [0.0, 0.0, 20.0, 0.0, 30.0, 50.0, 0.0, 10.0], 'current_channel': 2, 'round_progress': '6/8'}
[2026-07-28 12:16:12] [INFO] [Controller] Running measure sequence. Saving to: C:/Users/Fabrizio/OneDrive - Politecnico di Milano/Tesi/Neuromorphic/N2/N2 code/test_measurements\gg\iter15
[2026-07-28 12:16:12] [INFO] [Controller] No magnetic field explicitly passed; maintaining current state (or controlled externally).
[2026-07-28 12:16:12] [INFO] [Controller] Updating voltages
[2026-07-28 12:16:12] [INFO] [Controller] Measured 3-Axial Magnetic Vector [mT]: [ 0.04182555  1.25511173 -0.43048804]
[2026-07-28 12:16:13] [INFO] [Saver] Measurement files successfully saved to: C:/Users/Fabrizio/OneDrive - Politecnico di Milano/Tesi/Neuromorphic/N2/N2 code/test_measurements\gg\iter15
[2026-07-28 12:16:13] [INFO] [DirectSearch] No improvement on channel 1 | score: 0.026678
[2026-07-28 12:16:13] [INFO] [Training] iter 0015 | score: 0.031203 | optimizer: {'tested_config': [0.0, 30.0, 0.0, 0.0, 30.0, 50.0, 0.0, 10.0], 'current_channel': 1, 'round_progress': '7/8'}
[2026-07-28 12:16:13] [INFO] [Controller] Running measure sequence. Saving to: C:/Users/Fabrizio/OneDrive - Politecnico di Milano/Tesi/Neuromorphic/N2/N2 code/test_measurements\gg\iter16
[2026-07-28 12:16:13] [INFO] [Controller] No magnetic field explicitly passed; maintaining current state (or controlled externally).
[2026-07-28 12:16:13] [INFO] [Controller] Updating voltages
[2026-07-28 12:16:13] [INFO] [Controller] Measured 3-Axial Magnetic Vector [mT]: [ 0.0173546   1.27338941 -0.45949292]
[2026-07-28 12:16:14] [INFO] [Saver] Measurement files successfully saved to: C:/Users/Fabrizio/OneDrive - Politecnico di Milano/Tesi/Neuromorphic/N2/N2 code/test_measurements\gg\iter16
[2026-07-28 12:16:14] [INFO] [DirectSearch] No improvement on channel 4 | score: 0.027325
[2026-07-28 12:16:14] [INFO] [DirectSearch] Round complete. Starting new round with shuffled order.
[2026-07-28 12:16:14] [INFO] [Training] iter 0016 | score: 0.031203 | optimizer: {'tested_config': [0.0, 0.0, 0.0, 0.0, 0.0, 50.0, 0.0, 10.0], 'current_channel': 4, 'round_progress': '0/8'}
[2026-07-28 12:16:14] [INFO] [Controller] Running measure sequence. Saving to: C:/Users/Fabrizio/OneDrive - Politecnico di Milano/Tesi/Neuromorphic/N2/N2 code/test_measurements\gg\iter17
[2026-07-28 12:16:14] [INFO] [Controller] No magnetic field explicitly passed; maintaining current state (or controlled externally).
[2026-07-28 12:16:14] [INFO] [Controller] Updating voltages
[2026-07-28 12:16:14] [INFO] [Controller] Measured 3-Axial Magnetic Vector [mT]: [ 0.0356956   1.27434921 -0.44972145]
[2026-07-28 12:16:15] [INFO] [Saver] Measurement files successfully saved to: C:/Users/Fabrizio/OneDrive - Politecnico di Milano/Tesi/Neuromorphic/N2/N2 code/test_measurements\gg\iter17
[2026-07-28 12:16:15] [INFO] [DirectSearch] No improvement on channel 1 | score: 0.025997
[2026-07-28 12:16:15] [INFO] [Training] iter 0017 | score: 0.031203 | optimizer: {'tested_config': [0.0, 50.0, 0.0, 0.0, 30.0, 50.0, 0.0, 10.0], 'current_channel': 1, 'round_progress': '1/8'}
[2026-07-28 12:16:15] [INFO] [Controller] Running measure sequence. Saving to: C:/Users/Fabrizio/OneDrive - Politecnico di Milano/Tesi/Neuromorphic/N2/N2 code/test_measurements\gg\iter18
[2026-07-28 12:16:15] [INFO] [Controller] No magnetic field explicitly passed; maintaining current state (or controlled externally).
[2026-07-28 12:16:15] [INFO] [Controller] Updating voltages
[2026-07-28 12:16:15] [INFO] [Controller] Measured 3-Axial Magnetic Vector [mT]: [-0.02209543  1.23249543 -0.45170442]
[2026-07-28 12:16:16] [INFO] [Saver] Measurement files successfully saved to: C:/Users/Fabrizio/OneDrive - Politecnico di Milano/Tesi/Neuromorphic/N2/N2 code/test_measurements\gg\iter18
[2026-07-28 12:16:16] [INFO] [DirectSearch] No improvement on channel 6 | score: 0.026924
[2026-07-28 12:16:16] [INFO] [Training] iter 0018 | score: 0.031203 | optimizer: {'tested_config': [0.0, 0.0, 0.0, 0.0, 30.0, 50.0, 40.0, 10.0], 'current_channel': 6, 'round_progress': '2/8'}
[2026-07-28 12:16:16] [INFO] [Controller] Running measure sequence. Saving to: C:/Users/Fabrizio/OneDrive - Politecnico di Milano/Tesi/Neuromorphic/N2/N2 code/test_measurements\gg\iter19
[2026-07-28 12:16:16] [INFO] [Controller] No magnetic field explicitly passed; maintaining current state (or controlled externally).
[2026-07-28 12:16:16] [INFO] [Controller] Updating voltages
[2026-07-28 12:16:16] [INFO] [Controller] Measured 3-Axial Magnetic Vector [mT]: [-0.01361705  1.20773428 -0.4381921 ]
[2026-07-28 12:16:17] [INFO] [Saver] Measurement files successfully saved to: C:/Users/Fabrizio/OneDrive - Politecnico di Milano/Tesi/Neuromorphic/N2/N2 code/test_measurements\gg\iter19
[2026-07-28 12:16:17] [INFO] [DirectSearch] No improvement on channel 3 | score: 0.022059
[2026-07-28 12:16:17] [INFO] [Training] iter 0019 | score: 0.031203 | optimizer: {'tested_config': [0.0, 0.0, 0.0, 50.0, 30.0, 50.0, 0.0, 10.0], 'current_channel': 3, 'round_progress': '3/8'}
[2026-07-28 12:16:17] [INFO] [Controller] Running measure sequence. Saving to: C:/Users/Fabrizio/OneDrive - Politecnico di Milano/Tesi/Neuromorphic/N2/N2 code/test_measurements\gg\iter20
[2026-07-28 12:16:17] [INFO] [Controller] No magnetic field explicitly passed; maintaining current state (or controlled externally).
[2026-07-28 12:16:17] [INFO] [Controller] Updating voltages
[2026-07-28 12:16:17] [INFO] [Controller] Measured 3-Axial Magnetic Vector [mT]: [-0.01501816  1.21759614 -0.44495901]
[2026-07-28 12:16:18] [INFO] [Saver] Measurement files successfully saved to: C:/Users/Fabrizio/OneDrive - Politecnico di Milano/Tesi/Neuromorphic/N2/N2 code/test_measurements\gg\iter20
[2026-07-28 12:16:18] [INFO] [DirectSearch] No improvement on channel 2 | score: 0.026626
[2026-07-28 12:16:18] [INFO] [Training] iter 0020 | score: 0.031203 | optimizer: {'tested_config': [0.0, 0.0, 60.0, 0.0, 30.0, 50.0, 0.0, 10.0], 'current_channel': 2, 'round_progress': '4/8'}
[2026-07-28 12:16:18] [INFO] [Controller] Running measure sequence. Saving to: C:/Users/Fabrizio/OneDrive - Politecnico di Milano/Tesi/Neuromorphic/N2/N2 code/test_measurements\gg\iter21
[2026-07-28 12:16:18] [INFO] [Controller] No magnetic field explicitly passed; maintaining current state (or controlled externally).
[2026-07-28 12:16:18] [INFO] [Controller] Updating voltages
[2026-07-28 12:16:18] [INFO] [Controller] Measured 3-Axial Magnetic Vector [mT]: [ 0.04893073  1.27122291 -0.45099965]
[2026-07-28 12:16:19] [INFO] [Saver] Measurement files successfully saved to: C:/Users/Fabrizio/OneDrive - Politecnico di Milano/Tesi/Neuromorphic/N2/N2 code/test_measurements\gg\iter21
[2026-07-28 12:16:19] [INFO] [DirectSearch] No improvement on channel 5 | score: 0.026033
[2026-07-28 12:16:19] [INFO] [Training] iter 0021 | score: 0.031203 | optimizer: {'tested_config': [0.0, 0.0, 0.0, 0.0, 30.0, 20.0, 0.0, 10.0], 'current_channel': 5, 'round_progress': '5/8'}
[2026-07-28 12:16:19] [INFO] [Controller] Running measure sequence. Saving to: C:/Users/Fabrizio/OneDrive - Politecnico di Milano/Tesi/Neuromorphic/N2/N2 code/test_measurements\gg\iter22
[2026-07-28 12:16:19] [INFO] [Controller] No magnetic field explicitly passed; maintaining current state (or controlled externally).
[2026-07-28 12:16:19] [INFO] [Controller] Updating voltages
[2026-07-28 12:16:19] [INFO] [Controller] Measured 3-Axial Magnetic Vector [mT]: [-0.04825586  1.22679982 -0.46208062]
[2026-07-28 12:16:20] [INFO] [Saver] Measurement files successfully saved to: C:/Users/Fabrizio/OneDrive - Politecnico di Milano/Tesi/Neuromorphic/N2/N2 code/test_measurements\gg\iter22
[2026-07-28 12:16:20] [INFO] [DirectSearch] Improved — channel 4: 30.0 -> 0.0 | score: 0.033193
[2026-07-28 12:16:20] [INFO] [Training] iter 0022 | score: 0.033193 | optimizer: {'tested_config': [0.0, 0.0, 0.0, 0.0, 0.0, 50.0, 0.0, 10.0], 'current_channel': 4, 'round_progress': '6/8'}
[2026-07-28 12:16:20] [INFO] [Controller] Running measure sequence. Saving to: C:/Users/Fabrizio/OneDrive - Politecnico di Milano/Tesi/Neuromorphic/N2/N2 code/test_measurements\gg\iter23
[2026-07-28 12:16:20] [INFO] [Controller] No magnetic field explicitly passed; maintaining current state (or controlled externally).
[2026-07-28 12:16:20] [INFO] [Controller] Updating voltages
[2026-07-28 12:16:20] [INFO] [Controller] Measured 3-Axial Magnetic Vector [mT]: [ 0.02469711  1.22356835 -0.4572453 ]
[2026-07-28 12:16:21] [INFO] [Saver] Measurement files successfully saved to: C:/Users/Fabrizio/OneDrive - Politecnico di Milano/Tesi/Neuromorphic/N2/N2 code/test_measurements\gg\iter23
[2026-07-28 12:16:21] [INFO] [DirectSearch] No improvement on channel 7 | score: 0.026849
[2026-07-28 12:16:21] [INFO] [Training] iter 0023 | score: 0.033193 | optimizer: {'tested_config': [0.0, 0.0, 0.0, 0.0, 0.0, 50.0, 0.0, 50.0], 'current_channel': 7, 'round_progress': '7/8'}
[2026-07-28 12:16:21] [INFO] [Controller] Running measure sequence. Saving to: C:/Users/Fabrizio/OneDrive - Politecnico di Milano/Tesi/Neuromorphic/N2/N2 code/test_measurements\gg\iter24
[2026-07-28 12:16:21] [INFO] [Controller] No magnetic field explicitly passed; maintaining current state (or controlled externally).
[2026-07-28 12:16:21] [INFO] [Controller] Updating voltages
[2026-07-28 12:16:21] [INFO] [Controller] Measured 3-Axial Magnetic Vector [mT]: [ 0.03144863  1.27992716 -0.44105629]
[2026-07-28 12:16:22] [INFO] [Saver] Measurement files successfully saved to: C:/Users/Fabrizio/OneDrive - Politecnico di Milano/Tesi/Neuromorphic/N2/N2 code/test_measurements\gg\iter24
[2026-07-28 12:16:22] [INFO] [DirectSearch] No improvement on channel 0 | score: 0.028567
[2026-07-28 12:16:22] [INFO] [DirectSearch] Round complete. Starting new round with shuffled order.
[2026-07-28 12:16:22] [INFO] [Training] iter 0024 | score: 0.033193 | optimizer: {'tested_config': [30.0, 0.0, 0.0, 0.0, 0.0, 50.0, 0.0, 10.0], 'current_channel': 0, 'round_progress': '0/8'}
[2026-07-28 12:16:22] [INFO] [Controller] Running measure sequence. Saving to: C:/Users/Fabrizio/OneDrive - Politecnico di Milano/Tesi/Neuromorphic/N2/N2 code/test_measurements\gg\iter25
[2026-07-28 12:16:22] [INFO] [Controller] No magnetic field explicitly passed; maintaining current state (or controlled externally).
[2026-07-28 12:16:22] [INFO] [Controller] Updating voltages
[2026-07-28 12:16:22] [INFO] [Controller] Measured 3-Axial Magnetic Vector [mT]: [ 0.03164392  1.26261602 -0.44774361]
[2026-07-28 12:16:23] [INFO] [Saver] Measurement files successfully saved to: C:/Users/Fabrizio/OneDrive - Politecnico di Milano/Tesi/Neuromorphic/N2/N2 code/test_measurements\gg\iter25
[2026-07-28 12:16:23] [INFO] [DirectSearch] No improvement on channel 4 | score: 0.025586
[2026-07-28 12:16:23] [INFO] [Training] iter 0025 | score: 0.033193 | optimizer: {'tested_config': [0.0, 0.0, 0.0, 0.0, 10.0, 50.0, 0.0, 10.0], 'current_channel': 4, 'round_progress': '1/8'}
[2026-07-28 12:16:23] [INFO] [Controller] Running measure sequence. Saving to: C:/Users/Fabrizio/OneDrive - Politecnico di Milano/Tesi/Neuromorphic/N2/N2 code/test_measurements\gg\iter26
[2026-07-28 12:16:23] [INFO] [Controller] No magnetic field explicitly passed; maintaining current state (or controlled externally).
[2026-07-28 12:16:23] [INFO] [Controller] Updating voltages
[2026-07-28 12:16:23] [INFO] [Controller] Measured 3-Axial Magnetic Vector [mT]: [ 0.04942866  1.25949824 -0.4364433 ]
[2026-07-28 12:16:24] [INFO] [Saver] Measurement files successfully saved to: C:/Users/Fabrizio/OneDrive - Politecnico di Milano/Tesi/Neuromorphic/N2/N2 code/test_measurements\gg\iter26
[2026-07-28 12:16:24] [INFO] [DirectSearch] No improvement on channel 3 | score: 0.030254
[2026-07-28 12:16:24] [INFO] [Training] iter 0026 | score: 0.033193 | optimizer: {'tested_config': [0.0, 0.0, 0.0, 40.0, 0.0, 50.0, 0.0, 10.0], 'current_channel': 3, 'round_progress': '2/8'}
[2026-07-28 12:16:24] [INFO] [Controller] Running measure sequence. Saving to: C:/Users/Fabrizio/OneDrive - Politecnico di Milano/Tesi/Neuromorphic/N2/N2 code/test_measurements\gg\iter27
[2026-07-28 12:16:24] [INFO] [Controller] No magnetic field explicitly passed; maintaining current state (or controlled externally).
[2026-07-28 12:16:24] [INFO] [Controller] Updating voltages
[2026-07-28 12:16:24] [INFO] [Controller] Measured 3-Axial Magnetic Vector [mT]: [-0.03919518  1.27272707 -0.46863516]
[2026-07-28 12:16:25] [INFO] [Saver] Measurement files successfully saved to: C:/Users/Fabrizio/OneDrive - Politecnico di Milano/Tesi/Neuromorphic/N2/N2 code/test_measurements\gg\iter27
[2026-07-28 12:16:25] [INFO] [DirectSearch] No improvement on channel 6 | score: 0.024772
[2026-07-28 12:16:25] [INFO] [Training] iter 0027 | score: 0.033193 | optimizer: {'tested_config': [0.0, 0.0, 0.0, 0.0, 0.0, 50.0, 50.0, 10.0], 'current_channel': 6, 'round_progress': '3/8'}
[2026-07-28 12:16:25] [INFO] [Controller] Running measure sequence. Saving to: C:/Users/Fabrizio/OneDrive - Politecnico di Milano/Tesi/Neuromorphic/N2/N2 code/test_measurements\gg\iter28
[2026-07-28 12:16:25] [INFO] [Controller] No magnetic field explicitly passed; maintaining current state (or controlled externally).
[2026-07-28 12:16:25] [INFO] [Controller] Updating voltages
[2026-07-28 12:16:25] [INFO] [Controller] Measured 3-Axial Magnetic Vector [mT]: [-0.02677008  1.25638733 -0.46139401]
[2026-07-28 12:16:26] [INFO] [Saver] Measurement files successfully saved to: C:/Users/Fabrizio/OneDrive - Politecnico di Milano/Tesi/Neuromorphic/N2/N2 code/test_measurements\gg\iter28
[2026-07-28 12:16:26] [INFO] [DirectSearch] No improvement on channel 2 | score: 0.027033
[2026-07-28 12:16:26] [INFO] [Training] iter 0028 | score: 0.033193 | optimizer: {'tested_config': [0.0, 0.0, 10.0, 0.0, 0.0, 50.0, 0.0, 10.0], 'current_channel': 2, 'round_progress': '4/8'}
[2026-07-28 12:16:26] [INFO] [Controller] Running measure sequence. Saving to: C:/Users/Fabrizio/OneDrive - Politecnico di Milano/Tesi/Neuromorphic/N2/N2 code/test_measurements\gg\iter29
[2026-07-28 12:16:26] [INFO] [Controller] No magnetic field explicitly passed; maintaining current state (or controlled externally).
[2026-07-28 12:16:26] [INFO] [Controller] Updating voltages
[2026-07-28 12:16:26] [INFO] [Controller] Measured 3-Axial Magnetic Vector [mT]: [ 0.03866157  1.2444001  -0.45994579]
[2026-07-28 12:16:27] [INFO] [Saver] Measurement files successfully saved to: C:/Users/Fabrizio/OneDrive - Politecnico di Milano/Tesi/Neuromorphic/N2/N2 code/test_measurements\gg\iter29
[2026-07-28 12:16:27] [INFO] [DirectSearch] No improvement on channel 1 | score: 0.025677
[2026-07-28 12:16:27] [INFO] [Training] iter 0029 | score: 0.033193 | optimizer: {'tested_config': [0.0, 30.0, 0.0, 0.0, 0.0, 50.0, 0.0, 10.0], 'current_channel': 1, 'round_progress': '5/8'}
[2026-07-28 12:16:27] [INFO] [Controller] Running measure sequence. Saving to: C:/Users/Fabrizio/OneDrive - Politecnico di Milano/Tesi/Neuromorphic/N2/N2 code/test_measurements\gg\iter30
[2026-07-28 12:16:27] [INFO] [Controller] No magnetic field explicitly passed; maintaining current state (or controlled externally).
[2026-07-28 12:16:27] [INFO] [Controller] Updating voltages
[2026-07-28 12:16:27] [INFO] [Controller] Measured 3-Axial Magnetic Vector [mT]: [ 0.02705823  1.26030555 -0.46181031]
[2026-07-28 12:16:28] [INFO] [Saver] Measurement files successfully saved to: C:/Users/Fabrizio/OneDrive - Politecnico di Milano/Tesi/Neuromorphic/N2/N2 code/test_measurements\gg\iter30
[2026-07-28 12:16:28] [INFO] [DirectSearch] No improvement on channel 0 | score: 0.024856
[2026-07-28 12:16:28] [INFO] [Training] iter 0030 | score: 0.033193 | optimizer: {'tested_config': [20.0, 0.0, 0.0, 0.0, 0.0, 50.0, 0.0, 10.0], 'current_channel': 0, 'round_progress': '6/8'}
[2026-07-28 12:16:28] [INFO] [Controller] Running measure sequence. Saving to: C:/Users/Fabrizio/OneDrive - Politecnico di Milano/Tesi/Neuromorphic/N2/N2 code/test_measurements\gg\iter31
[2026-07-28 12:16:28] [INFO] [Controller] No magnetic field explicitly passed; maintaining current state (or controlled externally).
[2026-07-28 12:16:28] [INFO] [Controller] Updating voltages
[2026-07-28 12:16:28] [INFO] [Controller] Measured 3-Axial Magnetic Vector [mT]: [-0.04669735  1.21311714 -0.46841862]
[2026-07-28 12:16:29] [INFO] [Saver] Measurement files successfully saved to: C:/Users/Fabrizio/OneDrive - Politecnico di Milano/Tesi/Neuromorphic/N2/N2 code/test_measurements\gg\iter31
[2026-07-28 12:16:29] [INFO] [DirectSearch] No improvement on channel 5 | score: 0.028475
[2026-07-28 12:16:29] [INFO] [Training] iter 0031 | score: 0.033193 | optimizer: {'tested_config': [0.0, 0.0, 0.0, 0.0, 0.0, 20.0, 0.0, 10.0], 'current_channel': 5, 'round_progress': '7/8'}
[2026-07-28 12:16:29] [INFO] [Controller] Running measure sequence. Saving to: C:/Users/Fabrizio/OneDrive - Politecnico di Milano/Tesi/Neuromorphic/N2/N2 code/test_measurements\gg\iter32
[2026-07-28 12:16:29] [INFO] [Controller] No magnetic field explicitly passed; maintaining current state (or controlled externally).
[2026-07-28 12:16:29] [INFO] [Controller] Updating voltages
[2026-07-28 12:16:29] [INFO] [Controller] Measured 3-Axial Magnetic Vector [mT]: [-0.01036543  1.25776125 -0.43081406]
[2026-07-28 12:16:30] [INFO] [Saver] Measurement files successfully saved to: C:/Users/Fabrizio/OneDrive - Politecnico di Milano/Tesi/Neuromorphic/N2/N2 code/test_measurements\gg\iter32
[2026-07-28 12:16:30] [INFO] [DirectSearch] No improvement on channel 7 | score: 0.032410
[2026-07-28 12:16:30] [INFO] [DirectSearch] Round complete. Starting new round with shuffled order.
[2026-07-28 12:16:30] [INFO] [Training] iter 0032 | score: 0.033193 | optimizer: {'tested_config': [0.0, 0.0, 0.0, 0.0, 0.0, 50.0, 0.0, 30.0], 'current_channel': 7, 'round_progress': '0/8'}
[2026-07-28 12:16:30] [INFO] [Controller] Running measure sequence. Saving to: C:/Users/Fabrizio/OneDrive - Politecnico di Milano/Tesi/Neuromorphic/N2/N2 code/test_measurements\gg\iter33
[2026-07-28 12:16:30] [INFO] [Controller] No magnetic field explicitly passed; maintaining current state (or controlled externally).
[2026-07-28 12:16:30] [INFO] [Controller] Updating voltages
[2026-07-28 12:16:30] [INFO] [Controller] Measured 3-Axial Magnetic Vector [mT]: [-0.00586141  1.23623745 -0.46418908]
[2026-07-28 12:16:31] [INFO] [Saver] Measurement files successfully saved to: C:/Users/Fabrizio/OneDrive - Politecnico di Milano/Tesi/Neuromorphic/N2/N2 code/test_measurements\gg\iter33
[2026-07-28 12:16:31] [INFO] [DirectSearch] No improvement on channel 6 | score: 0.024639
[2026-07-28 12:16:31] [INFO] [Training] iter 0033 | score: 0.033193 | optimizer: {'tested_config': [0.0, 0.0, 0.0, 0.0, 0.0, 50.0, 30.0, 10.0], 'current_channel': 6, 'round_progress': '1/8'}
[2026-07-28 12:16:31] [INFO] [Controller] Running measure sequence. Saving to: C:/Users/Fabrizio/OneDrive - Politecnico di Milano/Tesi/Neuromorphic/N2/N2 code/test_measurements\gg\iter34
[2026-07-28 12:16:31] [INFO] [Controller] No magnetic field explicitly passed; maintaining current state (or controlled externally).
[2026-07-28 12:16:31] [INFO] [Controller] Updating voltages
[2026-07-28 12:16:32] [INFO] [Controller] Measured 3-Axial Magnetic Vector [mT]: [ 0.02862191  1.28594896 -0.46915776]
[2026-07-28 12:16:33] [INFO] [Saver] Measurement files successfully saved to: C:/Users/Fabrizio/OneDrive - Politecnico di Milano/Tesi/Neuromorphic/N2/N2 code/test_measurements\gg\iter34
[2026-07-28 12:16:33] [INFO] [DirectSearch] No improvement on channel 4 | score: 0.023034
[2026-07-28 12:16:33] [INFO] [Training] iter 0034 | score: 0.033193 | optimizer: {'tested_config': [0.0, 0.0, 0.0, 0.0, 20.0, 50.0, 0.0, 10.0], 'current_channel': 4, 'round_progress': '2/8'}
[2026-07-28 12:16:33] [INFO] [Controller] Running measure sequence. Saving to: C:/Users/Fabrizio/OneDrive - Politecnico di Milano/Tesi/Neuromorphic/N2/N2 code/test_measurements\gg\iter35
[2026-07-28 12:16:33] [INFO] [Controller] No magnetic field explicitly passed; maintaining current state (or controlled externally).
[2026-07-28 12:16:33] [INFO] [Controller] Updating voltages
[2026-07-28 12:16:33] [INFO] [Controller] Measured 3-Axial Magnetic Vector [mT]: [-0.0446211   1.20996872 -0.45980249]
[2026-07-28 12:16:34] [INFO] [Saver] Measurement files successfully saved to: C:/Users/Fabrizio/OneDrive - Politecnico di Milano/Tesi/Neuromorphic/N2/N2 code/test_measurements\gg\iter35
[2026-07-28 12:16:34] [INFO] [DirectSearch] No improvement on channel 3 | score: 0.027014
[2026-07-28 12:16:34] [INFO] [Training] iter 0035 | score: 0.033193 | optimizer: {'tested_config': [0.0, 0.0, 0.0, 50.0, 0.0, 50.0, 0.0, 10.0], 'current_channel': 3, 'round_progress': '3/8'}
[2026-07-28 12:16:34] [INFO] [Controller] Running measure sequence. Saving to: C:/Users/Fabrizio/OneDrive - Politecnico di Milano/Tesi/Neuromorphic/N2/N2 code/test_measurements\gg\iter36
[2026-07-28 12:16:34] [INFO] [Controller] No magnetic field explicitly passed; maintaining current state (or controlled externally).
[2026-07-28 12:16:34] [INFO] [Controller] Updating voltages
[2026-07-28 12:16:34] [INFO] [Controller] Measured 3-Axial Magnetic Vector [mT]: [-0.01226537  1.20173871 -0.43780198]
[2026-07-28 12:16:35] [INFO] [Saver] Measurement files successfully saved to: C:/Users/Fabrizio/OneDrive - Politecnico di Milano/Tesi/Neuromorphic/N2/N2 code/test_measurements\gg\iter36
[2026-07-28 12:16:35] [INFO] [DirectSearch] No improvement on channel 5 | score: 0.029714
[2026-07-28 12:16:35] [INFO] [Training] iter 0036 | score: 0.033193 | optimizer: {'tested_config': [0.0, 0.0, 0.0, 0.0, 0.0, 60.0, 0.0, 10.0], 'current_channel': 5, 'round_progress': '4/8'}
[2026-07-28 12:16:35] [INFO] [Controller] Running measure sequence. Saving to: C:/Users/Fabrizio/OneDrive - Politecnico di Milano/Tesi/Neuromorphic/N2/N2 code/test_measurements\gg\iter37
[2026-07-28 12:16:35] [INFO] [Controller] No magnetic field explicitly passed; maintaining current state (or controlled externally).
[2026-07-28 12:16:35] [INFO] [Controller] Updating voltages
[2026-07-28 12:16:35] [INFO] [Controller] Measured 3-Axial Magnetic Vector [mT]: [ 0.04565246  1.24967518 -0.44869885]
[2026-07-28 12:16:36] [INFO] [Saver] Measurement files successfully saved to: C:/Users/Fabrizio/OneDrive - Politecnico di Milano/Tesi/Neuromorphic/N2/N2 code/test_measurements\gg\iter37
[2026-07-28 12:16:36] [INFO] [DirectSearch] No improvement on channel 7 | score: 0.023927
[2026-07-28 12:16:36] [INFO] [Training] iter 0037 | score: 0.033193 | optimizer: {'tested_config': [0.0, 0.0, 0.0, 0.0, 0.0, 50.0, 0.0, 20.0], 'current_channel': 7, 'round_progress': '5/8'}
[2026-07-28 12:16:36] [INFO] [Controller] Running measure sequence. Saving to: C:/Users/Fabrizio/OneDrive - Politecnico di Milano/Tesi/Neuromorphic/N2/N2 code/test_measurements\gg\iter38
[2026-07-28 12:16:36] [INFO] [Controller] No magnetic field explicitly passed; maintaining current state (or controlled externally).
[2026-07-28 12:16:36] [INFO] [Controller] Updating voltages
[2026-07-28 12:16:36] [INFO] [Controller] Measured 3-Axial Magnetic Vector [mT]: [ 0.0451304   1.26860208 -0.44802097]
[2026-07-28 12:16:37] [INFO] [Saver] Measurement files successfully saved to: C:/Users/Fabrizio/OneDrive - Politecnico di Milano/Tesi/Neuromorphic/N2/N2 code/test_measurements\gg\iter38
[2026-07-28 12:16:37] [INFO] [DirectSearch] No improvement on channel 2 | score: 0.025359
[2026-07-28 12:16:37] [INFO] [Training] iter 0038 | score: 0.033193 | optimizer: {'tested_config': [0.0, 0.0, 30.0, 0.0, 0.0, 50.0, 0.0, 10.0], 'current_channel': 2, 'round_progress': '6/8'}
[2026-07-28 12:16:37] [INFO] [Controller] Running measure sequence. Saving to: C:/Users/Fabrizio/OneDrive - Politecnico di Milano/Tesi/Neuromorphic/N2/N2 code/test_measurements\gg\iter39
[2026-07-28 12:16:37] [INFO] [Controller] No magnetic field explicitly passed; maintaining current state (or controlled externally).
[2026-07-28 12:16:37] [INFO] [Controller] Updating voltages
[2026-07-28 12:16:37] [INFO] [Controller] Measured 3-Axial Magnetic Vector [mT]: [ 0.01771653  1.25458256 -0.44567679]
[2026-07-28 12:16:38] [INFO] [Saver] Measurement files successfully saved to: C:/Users/Fabrizio/OneDrive - Politecnico di Milano/Tesi/Neuromorphic/N2/N2 code/test_measurements\gg\iter39
[2026-07-28 12:16:38] [INFO] [DirectSearch] No improvement on channel 0 | score: 0.030018
[2026-07-28 12:16:38] [INFO] [Training] iter 0039 | score: 0.033193 | optimizer: {'tested_config': [10.0, 0.0, 0.0, 0.0, 0.0, 50.0, 0.0, 10.0], 'current_channel': 0, 'round_progress': '7/8'}
[2026-07-28 12:16:38] [INFO] [Controller] Running measure sequence. Saving to: C:/Users/Fabrizio/OneDrive - Politecnico di Milano/Tesi/Neuromorphic/N2/N2 code/test_measurements\gg\iter40
[2026-07-28 12:16:38] [INFO] [Controller] No magnetic field explicitly passed; maintaining current state (or controlled externally).
[2026-07-28 12:16:38] [INFO] [Controller] Updating voltages
[2026-07-28 12:16:38] [INFO] [Controller] Measured 3-Axial Magnetic Vector [mT]: [ 0.00586758  1.23959308 -0.45655013]
[2026-07-28 12:16:39] [INFO] [Saver] Measurement files successfully saved to: C:/Users/Fabrizio/OneDrive - Politecnico di Milano/Tesi/Neuromorphic/N2/N2 code/test_measurements\gg\iter40
[2026-07-28 12:16:39] [INFO] [DirectSearch] No improvement on channel 1 | score: 0.032235
[2026-07-28 12:16:39] [INFO] [DirectSearch] Round complete. Starting new round with shuffled order.
[2026-07-28 12:16:39] [INFO] [Training] iter 0040 | score: 0.033193 | optimizer: {'tested_config': [0.0, 40.0, 0.0, 0.0, 0.0, 50.0, 0.0, 10.0], 'current_channel': 1, 'round_progress': '0/8'}
[2026-07-28 12:16:39] [INFO] [Controller] Running measure sequence. Saving to: C:/Users/Fabrizio/OneDrive - Politecnico di Milano/Tesi/Neuromorphic/N2/N2 code/test_measurements\gg\iter41
[2026-07-28 12:16:39] [INFO] [Controller] No magnetic field explicitly passed; maintaining current state (or controlled externally).
[2026-07-28 12:16:39] [INFO] [Controller] Updating voltages
[2026-07-28 12:16:39] [INFO] [Controller] Measured 3-Axial Magnetic Vector [mT]: [-0.01390033  1.24068796 -0.45387357]
[2026-07-28 12:16:40] [INFO] [Saver] Measurement files successfully saved to: C:/Users/Fabrizio/OneDrive - Politecnico di Milano/Tesi/Neuromorphic/N2/N2 code/test_measurements\gg\iter41
[2026-07-28 12:16:40] [INFO] [DirectSearch] No improvement on channel 4 | score: 0.027583
[2026-07-28 12:16:40] [INFO] [Training] iter 0041 | score: 0.033193 | optimizer: {'tested_config': [0.0, 0.0, 0.0, 0.0, 40.0, 50.0, 0.0, 10.0], 'current_channel': 4, 'round_progress': '1/8'}
[2026-07-28 12:16:40] [INFO] [Controller] Running measure sequence. Saving to: C:/Users/Fabrizio/OneDrive - Politecnico di Milano/Tesi/Neuromorphic/N2/N2 code/test_measurements\gg\iter42
[2026-07-28 12:16:40] [INFO] [Controller] No magnetic field explicitly passed; maintaining current state (or controlled externally).
[2026-07-28 12:16:40] [INFO] [Controller] Updating voltages
[2026-07-28 12:16:40] [INFO] [Controller] Measured 3-Axial Magnetic Vector [mT]: [ 0.02007473  1.28026865 -0.43331741]
[2026-07-28 12:16:41] [INFO] [Saver] Measurement files successfully saved to: C:/Users/Fabrizio/OneDrive - Politecnico di Milano/Tesi/Neuromorphic/N2/N2 code/test_measurements\gg\iter42
[2026-07-28 12:16:41] [INFO] [DirectSearch] No improvement on channel 3 | score: 0.025693
[2026-07-28 12:16:41] [INFO] [Training] iter 0042 | score: 0.033193 | optimizer: {'tested_config': [0.0, 0.0, 0.0, 10.0, 0.0, 50.0, 0.0, 10.0], 'current_channel': 3, 'round_progress': '2/8'}
[2026-07-28 12:16:41] [INFO] [Controller] Running measure sequence. Saving to: C:/Users/Fabrizio/OneDrive - Politecnico di Milano/Tesi/Neuromorphic/N2/N2 code/test_measurements\gg\iter43
[2026-07-28 12:16:41] [INFO] [Controller] No magnetic field explicitly passed; maintaining current state (or controlled externally).
[2026-07-28 12:16:41] [INFO] [Controller] Updating voltages
[2026-07-28 12:16:41] [INFO] [Controller] Measured 3-Axial Magnetic Vector [mT]: [-0.01163021  1.28782469 -0.45069814]
[2026-07-28 12:16:42] [INFO] [Saver] Measurement files successfully saved to: C:/Users/Fabrizio/OneDrive - Politecnico di Milano/Tesi/Neuromorphic/N2/N2 code/test_measurements\gg\iter43
[2026-07-28 12:16:42] [INFO] [DirectSearch] No improvement on channel 5 | score: 0.026178
[2026-07-28 12:16:42] [INFO] [Training] iter 0043 | score: 0.033193 | optimizer: {'tested_config': [0.0, 0.0, 0.0, 0.0, 0.0, 30.0, 0.0, 10.0], 'current_channel': 5, 'round_progress': '3/8'}
[2026-07-28 12:16:42] [INFO] [Controller] Running measure sequence. Saving to: C:/Users/Fabrizio/OneDrive - Politecnico di Milano/Tesi/Neuromorphic/N2/N2 code/test_measurements\gg\iter44
[2026-07-28 12:16:42] [INFO] [Controller] No magnetic field explicitly passed; maintaining current state (or controlled externally).
[2026-07-28 12:16:42] [INFO] [Controller] Updating voltages
[2026-07-28 12:16:42] [INFO] [Controller] Measured 3-Axial Magnetic Vector [mT]: [ 0.02480185  1.22459522 -0.46408254]
[2026-07-28 12:16:43] [INFO] [Saver] Measurement files successfully saved to: C:/Users/Fabrizio/OneDrive - Politecnico di Milano/Tesi/Neuromorphic/N2/N2 code/test_measurements\gg\iter44
[2026-07-28 12:16:43] [INFO] [DirectSearch] No improvement on channel 0 | score: 0.029374
[2026-07-28 12:16:43] [INFO] [Training] iter 0044 | score: 0.033193 | optimizer: {'tested_config': [50.0, 0.0, 0.0, 0.0, 0.0, 50.0, 0.0, 10.0], 'current_channel': 0, 'round_progress': '4/8'}
[2026-07-28 12:16:43] [INFO] [Controller] Running measure sequence. Saving to: C:/Users/Fabrizio/OneDrive - Politecnico di Milano/Tesi/Neuromorphic/N2/N2 code/test_measurements\gg\iter45
[2026-07-28 12:16:43] [INFO] [Controller] No magnetic field explicitly passed; maintaining current state (or controlled externally).
[2026-07-28 12:16:43] [INFO] [Controller] Updating voltages
[2026-07-28 12:16:43] [INFO] [Controller] Measured 3-Axial Magnetic Vector [mT]: [-0.03502335  1.26438455 -0.45456058]
[2026-07-28 12:16:44] [INFO] [Saver] Measurement files successfully saved to: C:/Users/Fabrizio/OneDrive - Politecnico di Milano/Tesi/Neuromorphic/N2/N2 code/test_measurements\gg\iter45
[2026-07-28 12:16:44] [INFO] [DirectSearch] No improvement on channel 2 | score: 0.021648
[2026-07-28 12:16:44] [INFO] [Training] iter 0045 | score: 0.033193 | optimizer: {'tested_config': [0.0, 0.0, 60.0, 0.0, 0.0, 50.0, 0.0, 10.0], 'current_channel': 2, 'round_progress': '5/8'}
[2026-07-28 12:16:44] [INFO] [Controller] Running measure sequence. Saving to: C:/Users/Fabrizio/OneDrive - Politecnico di Milano/Tesi/Neuromorphic/N2/N2 code/test_measurements\gg\iter46
[2026-07-28 12:16:44] [INFO] [Controller] No magnetic field explicitly passed; maintaining current state (or controlled externally).
[2026-07-28 12:16:44] [INFO] [Controller] Updating voltages
[2026-07-28 12:16:44] [INFO] [Controller] Measured 3-Axial Magnetic Vector [mT]: [-0.00454044  1.25859628 -0.44723717]
[2026-07-28 12:16:45] [INFO] [Saver] Measurement files successfully saved to: C:/Users/Fabrizio/OneDrive - Politecnico di Milano/Tesi/Neuromorphic/N2/N2 code/test_measurements\gg\iter46
[2026-07-28 12:16:45] [INFO] [DirectSearch] No improvement on channel 6 | score: 0.027569
[2026-07-28 12:16:45] [INFO] [Training] iter 0046 | score: 0.033193 | optimizer: {'tested_config': [0.0, 0.0, 0.0, 0.0, 0.0, 50.0, 60.0, 10.0], 'current_channel': 6, 'round_progress': '6/8'}
[2026-07-28 12:16:45] [INFO] [Controller] Running measure sequence. Saving to: C:/Users/Fabrizio/OneDrive - Politecnico di Milano/Tesi/Neuromorphic/N2/N2 code/test_measurements\gg\iter47
[2026-07-28 12:16:45] [INFO] [Controller] No magnetic field explicitly passed; maintaining current state (or controlled externally).
[2026-07-28 12:16:45] [INFO] [Controller] Updating voltages
[2026-07-28 12:16:45] [INFO] [Controller] Measured 3-Axial Magnetic Vector [mT]: [-0.0159385   1.21482103 -0.453154  ]
[2026-07-28 12:16:46] [INFO] [Saver] Measurement files successfully saved to: C:/Users/Fabrizio/OneDrive - Politecnico di Milano/Tesi/Neuromorphic/N2/N2 code/test_measurements\gg\iter47
[2026-07-28 12:16:46] [INFO] [DirectSearch] No improvement on channel 1 | score: 0.021660
[2026-07-28 12:16:46] [INFO] [Training] iter 0047 | score: 0.033193 | optimizer: {'tested_config': [0.0, 50.0, 0.0, 0.0, 0.0, 50.0, 0.0, 10.0], 'current_channel': 1, 'round_progress': '7/8'}
[2026-07-28 12:16:46] [INFO] [Controller] Running measure sequence. Saving to: C:/Users/Fabrizio/OneDrive - Politecnico di Milano/Tesi/Neuromorphic/N2/N2 code/test_measurements\gg\iter48
[2026-07-28 12:16:46] [INFO] [Controller] No magnetic field explicitly passed; maintaining current state (or controlled externally).
[2026-07-28 12:16:46] [INFO] [Controller] Updating voltages
[2026-07-28 12:16:46] [INFO] [Controller] Measured 3-Axial Magnetic Vector [mT]: [ 0.0300046   1.22047583 -0.46907965]
[2026-07-28 12:16:47] [INFO] [Saver] Measurement files successfully saved to: C:/Users/Fabrizio/OneDrive - Politecnico di Milano/Tesi/Neuromorphic/N2/N2 code/test_measurements\gg\iter48
[2026-07-28 12:16:47] [INFO] [DirectSearch] No improvement on channel 7 | score: 0.025059
[2026-07-28 12:16:47] [INFO] [DirectSearch] Round complete. Starting new round with shuffled order.
[2026-07-28 12:16:47] [INFO] [Training] iter 0048 | score: 0.033193 | optimizer: {'tested_config': [0.0, 0.0, 0.0, 0.0, 0.0, 50.0, 0.0, 20.0], 'current_channel': 7, 'round_progress': '0/8'}
[2026-07-28 12:16:47] [INFO] [Controller] Running measure sequence. Saving to: C:/Users/Fabrizio/OneDrive - Politecnico di Milano/Tesi/Neuromorphic/N2/N2 code/test_measurements\gg\iter49
[2026-07-28 12:16:47] [INFO] [Controller] No magnetic field explicitly passed; maintaining current state (or controlled externally).
[2026-07-28 12:16:47] [INFO] [Controller] Updating voltages
[2026-07-28 12:16:47] [INFO] [Controller] Measured 3-Axial Magnetic Vector [mT]: [ 0.03948084  1.27283534 -0.44843295]
[2026-07-28 12:16:47] [INFO] [GUI] Stop requested, waiting for current iteration to complete...
[2026-07-28 12:16:48] [INFO] [Saver] Measurement files successfully saved to: C:/Users/Fabrizio/OneDrive - Politecnico di Milano/Tesi/Neuromorphic/N2/N2 code/test_measurements\gg\iter49
[2026-07-28 12:16:48] [INFO] [DirectSearch] No improvement on channel 2 | score: 0.024487
[2026-07-28 12:16:48] [INFO] [Training] iter 0049 | score: 0.033193 | optimizer: {'tested_config': [0.0, 0.0, 40.0, 0.0, 0.0, 50.0, 0.0, 10.0], 'current_channel': 2, 'round_progress': '1/8'}
[2026-07-28 12:16:48] [INFO] [Training] Training stopped early at iteration 50.
[2026-07-28 12:16:48] [INFO] [Training] Training finished — 50 iterations completed.
[2026-07-28 12:16:48] [INFO] [GUI] Training finished.
[2026-07-28 12:17:01] [INFO] [Controller] Executing Secure Instrument Disconnection Loop
[2026-07-28 12:17:01] [INFO] [FakeDAQ] Task closed (fake).
[2026-07-28 12:17:01] [INFO] [FakeSensor] Released connection handle safely.
[2026-07-28 12:17:01] [INFO] [FakeVNA] Connection closed (fake).
[2026-07-28 12:17:01] [INFO] [Controller] Shutdown routine safely completed.
[2026-07-28 13:50:13] [INFO] [GUI] Settings saved to c:\Users\Fabrizio\OneDrive - Politecnico di Milano\Tesi\Neuromorphic\N2\N2 code\GUI\settings.json
