[2026-07-28 11:40:47] [INFO] [GUI] Settings loaded from c:\Users\Fabrizio\OneDrive - Politecnico di Milano\Tesi\Neuromorphic\N2\N2 code\GUI\settings.json
[2026-07-28 11:40:53] [INFO] [Controller] Beginning System Setup Initialization
[2026-07-28 11:40:53] [INFO] [Controller] Connecting to VNA at GPIB0::20::INSTR...
[2026-07-28 11:40:53] [INFO] [FakeVNA] Connected (fake) at GPIB0::20::INSTR
[2026-07-28 11:40:53] [INFO] [Controller] Power Supply not connected: port not specified
[2026-07-28 11:40:53] [INFO] [Controller] Connecting to 3-Axial Field Sensor...
[2026-07-28 11:40:53] [INFO] [FakeSensor] Initialized mock sensor on configuration port MOCK_PORT
[2026-07-28 11:40:53] [INFO] [FakeSensor] Successfully connected to mock field sensor.
[2026-07-28 11:40:53] [INFO] [FakeSensor] Successfully connected to mock field sensor.
[2026-07-28 11:40:53] [INFO] [Controller] Opening DAQ Task profile: Dev1...
[2026-07-28 11:40:53] [INFO] [FakeDAQ] Initialised — device=Dev1, channels=[0, 1, 2, 3, 4, 5, 6, 7]
[2026-07-28 11:40:53] [INFO] [Controller] System Configuration Complete. Hardware Ready.
[2026-07-28 11:41:01] [INFO] [Controller] Setup Measurement Parameters
[2026-07-28 11:41:01] [INFO] [FakeVNA] Sweep configured: 1.000-5.000 GHz, 200 pts, params=['S21', 'S31']
[2026-07-28 11:41:01] [INFO] [Controller] Running measure sequence. Saving to: C:/Users/Fabrizio/OneDrive - Politecnico di Milano/Tesi/Neuromorphic/N2/N2 code/test_measurements\iter0
[2026-07-28 11:41:01] [INFO] [Controller] No magnetic field explicitly passed; maintaining current state (or controlled externally).
[2026-07-28 11:41:01] [INFO] [Controller] Updating voltages
[2026-07-28 11:41:01] [INFO] [Controller] Measured 3-Axial Magnetic Vector [mT]: [ 0.01705517  1.20940556 -0.45165946]
[2026-07-28 11:41:03] [ERROR] [Training] Training loop raised an exception: Object of type ndarray is not JSON serializable
Traceback (most recent call last):
  File "C:\Users\Fabrizio\OneDrive - Politecnico di Milano\Tesi\Neuromorphic\N2\N2 code\training\training_session.py", line 109, in _run_loop
    new_values, score, optimizer_state = self.optimizer.step()
                                         ~~~~~~~~~~~~~~~~~~~^^
  File "C:\Users\Fabrizio\OneDrive - Politecnico di Milano\Tesi\Neuromorphic\N2\N2 code\training\algorithms\spsa.py", line 65, in step
    self.best_score = self.objective_fn(self.x)
                      ~~~~~~~~~~~~~~~~~^^^^^^^^
  File "C:\Users\Fabrizio\OneDrive - Politecnico di Milano\Tesi\Neuromorphic\N2\N2 code\training\training_session.py", line 60, in _objective
    self._last_data = self.controller.measure(voltages=x, magnetic_field=self.magnetic_field, output_folder=output_folder)
                      ~~~~~~~~~~~~~~~~~~~~~~~^^^^^^^^^^^^^^^^^^^^^^^^^^^^^^^^^^^^^^^^^^^^^^^^^^^^^^^^^^^^^^^^^^^^^^^^^^^^^
  File "C:\Users\Fabrizio\OneDrive - Politecnico di Milano\Tesi\Neuromorphic\N2\N2 code\core\controller_fake.py", line 140, in measure
    MeasurementStorage.save_to_folder(output_folder, data_point)
    ~~~~~~~~~~~~~~~~~~~~~~~~~~~~~~~~~^^^^^^^^^^^^^^^^^^^^^^^^^^^
  File "C:\Users\Fabrizio\OneDrive - Politecnico di Milano\Tesi\Neuromorphic\N2\N2 code\core\storage.py", line 50, in save_to_folder
    json.dump(param_payload, f, indent=4)
    ~~~~~~~~~^^^^^^^^^^^^^^^^^^^^^^^^^^^^
  File "C:\Users\Fabrizio\.conda\envs\base-utils\Lib\json\__init__.py", line 179, in dump
    for chunk in iterable:
                 ^^^^^^^^
  File "C:\Users\Fabrizio\.conda\envs\base-utils\Lib\json\encoder.py", line 433, in _iterencode
    yield from _iterencode_dict(o, _current_indent_level)
  File "C:\Users\Fabrizio\.conda\envs\base-utils\Lib\json\encoder.py", line 407, in _iterencode_dict
    yield from chunks
  File "C:\Users\Fabrizio\.conda\envs\base-utils\Lib\json\encoder.py", line 440, in _iterencode
    o = _default(o)
  File "C:\Users\Fabrizio\.conda\envs\base-utils\Lib\json\encoder.py", line 180, in default
    raise TypeError(f'Object of type {o.__class__.__name__} '
                    f'is not JSON serializable')
TypeError: Object of type ndarray is not JSON serializable
[2026-07-28 11:41:03] [INFO] [Training] Training finished — 0 iterations completed.
[2026-07-28 11:41:03] [INFO] [GUI] Training finished.
[2026-07-28 11:41:08] [INFO] [Controller] Executing Secure Instrument Disconnection Loop
[2026-07-28 11:41:08] [INFO] [FakeDAQ] Task closed (fake).
[2026-07-28 11:41:08] [INFO] [FakeSensor] Released connection handle safely.
[2026-07-28 11:41:08] [INFO] [FakeVNA] Connection closed (fake).
[2026-07-28 11:41:08] [INFO] [Controller] Shutdown routine safely completed.
[2026-07-28 11:41:50] [INFO] [GUI] Settings saved to c:\Users\Fabrizio\OneDrive - Politecnico di Milano\Tesi\Neuromorphic\N2\N2 code\GUI\settings.json
